*** Using Compiler 'V5.06 update 5 (build 528)', folder: 'C:\Keil_v5\ARM\ARMCC\Bin'
Rebuild target 'Template'
*** Scatter Error: no default 'Read/Write' range selected
compiling wdg.c...
compiling bsp_clkconfig.c...
compiling timer.c...
compiling sht85.c...
compiling stm32f10x_it.c...
compiling iap_trigger.c...
compiling usart.c...
compiling delay.c...
compiling system_stm32f10x.c...
compiling main.c...
compiling core_cm3.c...
compiling modbus_crc.c...
compiling rs485.c...
compiling eeprom.c...
Hardware\eeprom.c(88): warning:  #175-D: subscript out of range
      crc_data[11] = 0;
Hardware\eeprom.c(108): warning: C4488E: write to variable 'crc_data' with offset out of bounds
}
Hardware\eeprom.c: 2 warnings, 0 errors
compiling modbus.c...
assembling startup_stm32f10x_hd.s...
compiling sys.c...
..\SYSTEM\sys\sys.c(44): warning:  #940-D: missing return statement at end of non-void function "boot_jump" 
  }
..\SYSTEM\sys\sys.c: 1 warning, 0 errors
compiling misc.c...
compiling stm32f10x_adc.c...
compiling stm32f10x_bkp.c...
compiling stm32f10x_can.c...
compiling stm32f10x_cec.c...
compiling stm32f10x_crc.c...
compiling stm32f10x_dbgmcu.c...
compiling stm32f10x_dac.c...
compiling stm32f10x_dma.c...
compiling stm32f10x_gpio.c...
compiling stm32f10x_iwdg.c...
compiling stm32f10x_pwr.c...
compiling stm32f10x_i2c.c...
compiling stm32f10x_flash.c...
compiling stm32f10x_fsmc.c...
compiling stm32f10x_exti.c...
compiling stm32f10x_rcc.c...
compiling stm32f10x_rtc.c...
compiling stm32f10x_sdio.c...
compiling stm32f10x_spi.c...
compiling stm32f10x_wwdg.c...
compiling stm32f10x_usart.c...
compiling stm32f10x_tim.c...
linking...
Program Size: Code=10164 RO-data=848 RW-data=64 ZI-data=1824  
FromELF: creating hex file...
After Build - User command #1: fromelf --bin -o "..\OBJ\Template.bin" "..\OBJ\Template.axf
"..\OBJ\Template.axf" - 0 Error(s), 3 Warning(s).
Build Time Elapsed:  00:00:05
