Component: ARM Compiler 5.06 update 5 (build 528) Tool: armlink [4d35e2]

==============================================================================

Section Cross References

    main.o(i.main) refers to bsp_clkconfig.o(i.HSE_SetSysClock) for HSE_SetSysClock
    main.o(i.main) refers to delay.o(i.delay_init) for delay_init
    main.o(i.main) refers to ms8607.o(i.MS8607_IIC_Config) for MS8607_IIC_Config
    main.o(i.main) refers to usart.o(i.uart_init) for uart_init
    main.o(i.main) refers to eeprom.o(i.Flash_Storage_Init) for Flash_Storage_Init
    main.o(i.main) refers to wdg.o(i.IWDG_Init) for IWDG_Init
    main.o(i.main) refers to delay.o(i.delay_ms) for delay_ms
    main.o(i.main) refers to misc.o(i.NVIC_PriorityGroupConfig) for NVIC_PriorityGroupConfig
    main.o(i.main) refers to rs485.o(i.Modbus_uart2_init) for Modbus_uart2_init
    main.o(i.main) refers to timer.o(i.TIM3_Int_Init) for TIM3_Int_Init
    main.o(i.main) refers to timer.o(i.TIM4_Int_Init) for TIM4_Int_Init
    main.o(i.main) refers to rs485.o(i.Usart2_SendString) for Usart2_SendString
    main.o(i.main) refers to modbus.o(i.Modbus_Init) for Modbus_Init
    main.o(i.main) refers to wdg.o(i.IWDG_Feed) for IWDG_Feed
    main.o(i.main) refers to ms8607.o(i.MS8607_ReadDate) for MS8607_ReadDate
    main.o(i.main) refers to modbus.o(i.Modbus_Event) for Modbus_Event
    system_stm32f10x.o(i.SystemCoreClockUpdate) refers to system_stm32f10x.o(.data) for .data
    system_stm32f10x.o(i.SystemInit) refers to system_stm32f10x.o(i.SetSysClockTo72) for SetSysClockTo72
    rs485.o(i.Modbus_Send_Byte) refers to stm32f10x_usart.o(i.USART_SendData) for USART_SendData
    rs485.o(i.Modbus_Send_Byte) refers to stm32f10x_usart.o(i.USART_GetFlagStatus) for USART_GetFlagStatus
    rs485.o(i.Modbus_Send_Byte) refers to stm32f10x_usart.o(i.USART_ClearFlag) for USART_ClearFlag
    rs485.o(i.Modbus_uart2_init) refers to stm32f10x_rcc.o(i.RCC_APB1PeriphClockCmd) for RCC_APB1PeriphClockCmd
    rs485.o(i.Modbus_uart2_init) refers to stm32f10x_rcc.o(i.RCC_APB2PeriphClockCmd) for RCC_APB2PeriphClockCmd
    rs485.o(i.Modbus_uart2_init) refers to stm32f10x_gpio.o(i.GPIO_Init) for GPIO_Init
    rs485.o(i.Modbus_uart2_init) refers to stm32f10x_rcc.o(i.RCC_APB1PeriphResetCmd) for RCC_APB1PeriphResetCmd
    rs485.o(i.Modbus_uart2_init) refers to stm32f10x_usart.o(i.USART_Init) for USART_Init
    rs485.o(i.Modbus_uart2_init) refers to misc.o(i.NVIC_Init) for NVIC_Init
    rs485.o(i.Modbus_uart2_init) refers to stm32f10x_usart.o(i.USART_ITConfig) for USART_ITConfig
    rs485.o(i.Modbus_uart2_init) refers to stm32f10x_usart.o(i.USART_Cmd) for USART_Cmd
    rs485.o(i.Modbus_uart2_init) refers to stm32f10x_gpio.o(i.GPIO_ResetBits) for GPIO_ResetBits
    rs485.o(i.Modbus_uart2_reconfig) refers to stm32f10x_usart.o(i.USART_Cmd) for USART_Cmd
    rs485.o(i.Modbus_uart2_reconfig) refers to stm32f10x_usart.o(i.USART_Init) for USART_Init
    rs485.o(i.Modbus_uart2_reconfig) refers to stm32f10x_gpio.o(i.GPIO_ResetBits) for GPIO_ResetBits
    rs485.o(i.USART2_IRQHandler) refers to stm32f10x_usart.o(i.USART_GetITStatus) for USART_GetITStatus
    rs485.o(i.USART2_IRQHandler) refers to stm32f10x_usart.o(i.USART_ReceiveData) for USART_ReceiveData
    rs485.o(i.USART2_IRQHandler) refers to modbus.o(.bss) for modbus
    rs485.o(i.USART_Send_Data) refers to stm32f10x_usart.o(i.USART_GetFlagStatus) for USART_GetFlagStatus
    rs485.o(i.USART_Send_Data) refers to stm32f10x_usart.o(i.USART_SendData) for USART_SendData
    rs485.o(i.Usart2_Printf) refers to stm32f10x_gpio.o(i.GPIO_SetBits) for GPIO_SetBits
    rs485.o(i.Usart2_Printf) refers to rs485.o(i.USART_Send_Data) for USART_Send_Data
    rs485.o(i.Usart2_Printf) refers to stm32f10x_gpio.o(i.GPIO_ResetBits) for GPIO_ResetBits
    rs485.o(i.Usart2_SendString) refers to strlen.o(.text) for strlen
    rs485.o(i.Usart2_SendString) refers to stm32f10x_gpio.o(i.GPIO_SetBits) for GPIO_SetBits
    rs485.o(i.Usart2_SendString) refers to rs485.o(i.USART_Send_Data) for USART_Send_Data
    rs485.o(i.Usart2_SendString) refers to stm32f10x_gpio.o(i.GPIO_ResetBits) for GPIO_ResetBits
    rs485.o(i.Usart2_Send_Byte) refers to stm32f10x_gpio.o(i.GPIO_SetBits) for GPIO_SetBits
    rs485.o(i.Usart2_Send_Byte) refers to stm32f10x_usart.o(i.USART_GetFlagStatus) for USART_GetFlagStatus
    rs485.o(i.Usart2_Send_Byte) refers to stm32f10x_usart.o(i.USART_SendData) for USART_SendData
    rs485.o(i.Usart2_Send_Byte) refers to stm32f10x_gpio.o(i.GPIO_ResetBits) for GPIO_ResetBits
    timer.o(i.TIM3_IRQHandler) refers to stm32f10x_tim.o(i.TIM_GetITStatus) for TIM_GetITStatus
    timer.o(i.TIM3_IRQHandler) refers to stm32f10x_tim.o(i.TIM_ClearITPendingBit) for TIM_ClearITPendingBit
    timer.o(i.TIM3_IRQHandler) refers to modbus.o(.bss) for modbus
    timer.o(i.TIM3_Int_Init) refers to stm32f10x_rcc.o(i.RCC_APB1PeriphClockCmd) for RCC_APB1PeriphClockCmd
    timer.o(i.TIM3_Int_Init) refers to stm32f10x_tim.o(i.TIM_TimeBaseInit) for TIM_TimeBaseInit
[...]
    Removing stm32f10x_i2c.o(i.I2C_PECPositionConfig), (22 bytes).
    Removing stm32f10x_i2c.o(i.I2C_ReadRegister), (10 bytes).
    Removing stm32f10x_i2c.o(i.I2C_ReceiveData), (6 bytes).
    Removing stm32f10x_i2c.o(i.I2C_SMBusAlertConfig), (22 bytes).
    Removing stm32f10x_i2c.o(i.I2C_Send7bitAddress), (16 bytes).
    Removing stm32f10x_i2c.o(i.I2C_SendData), (4 bytes).
    Removing stm32f10x_i2c.o(i.I2C_SoftwareResetCmd), (20 bytes).
    Removing stm32f10x_i2c.o(i.I2C_StretchClockCmd), (20 bytes).
    Removing stm32f10x_i2c.o(i.I2C_StructInit), (28 bytes).
    Removing stm32f10x_i2c.o(i.I2C_TransmitPEC), (20 bytes).
    Removing stm32f10x_iwdg.o(i.IWDG_GetFlagStatus), (20 bytes).
    Removing stm32f10x_pwr.o(i.PWR_BackupAccessCmd), (12 bytes).
    Removing stm32f10x_pwr.o(i.PWR_ClearFlag), (16 bytes).
    Removing stm32f10x_pwr.o(i.PWR_DeInit), (24 bytes).
    Removing stm32f10x_pwr.o(i.PWR_EnterSTANDBYMode), (40 bytes).
    Removing stm32f10x_pwr.o(i.PWR_EnterSTOPMode), (52 bytes).
    Removing stm32f10x_pwr.o(i.PWR_GetFlagStatus), (20 bytes).
    Removing stm32f10x_pwr.o(i.PWR_PVDCmd), (12 bytes).
    Removing stm32f10x_pwr.o(i.PWR_PVDLevelConfig), (20 bytes).
    Removing stm32f10x_pwr.o(i.PWR_WakeUpPinCmd), (12 bytes).
    Removing stm32f10x_rcc.o(i.RCC_ADCCLKConfig), (20 bytes).
    Removing stm32f10x_rcc.o(i.RCC_AHBPeriphClockCmd), (24 bytes).
    Removing stm32f10x_rcc.o(i.RCC_APB2PeriphResetCmd), (24 bytes).
    Removing stm32f10x_rcc.o(i.RCC_AdjustHSICalibrationValue), (20 bytes).
    Removing stm32f10x_rcc.o(i.RCC_BackupResetCmd), (12 bytes).
    Removing stm32f10x_rcc.o(i.RCC_ClearFlag), (16 bytes).
    Removing stm32f10x_rcc.o(i.RCC_ClearITPendingBit), (12 bytes).
    Removing stm32f10x_rcc.o(i.RCC_ClockSecuritySystemCmd), (12 bytes).
    Removing stm32f10x_rcc.o(i.RCC_GetITStatus), (20 bytes).
    Removing stm32f10x_rcc.o(i.RCC_HSICmd), (12 bytes).
    Removing stm32f10x_rcc.o(i.RCC_ITConfig), (24 bytes).
    Removing stm32f10x_rcc.o(i.RCC_LSEConfig), (32 bytes).
    Removing stm32f10x_rcc.o(i.RCC_LSICmd), (12 bytes).
    Removing stm32f10x_rcc.o(i.RCC_MCOConfig), (12 bytes).
    Removing stm32f10x_rcc.o(i.RCC_RTCCLKCmd), (12 bytes).
    Removing stm32f10x_rcc.o(i.RCC_RTCCLKConfig), (16 bytes).
    Removing stm32f10x_rcc.o(i.RCC_USBCLKConfig), (12 bytes).
    Removing stm32f10x_rtc.o(i.RTC_ClearFlag), (16 bytes).
    Removing stm32f10x_rtc.o(i.RTC_ClearITPendingBit), (16 bytes).
    Removing stm32f10x_rtc.o(i.RTC_EnterConfigMode), (16 bytes).
    Removing stm32f10x_rtc.o(i.RTC_ExitConfigMode), (16 bytes).
    Removing stm32f10x_rtc.o(i.RTC_GetCounter), (20 bytes).
    Removing stm32f10x_rtc.o(i.RTC_GetDivider), (24 bytes).
    Removing stm32f10x_rtc.o(i.RTC_GetFlagStatus), (20 bytes).
    Removing stm32f10x_rtc.o(i.RTC_GetITStatus), (32 bytes).
    Removing stm32f10x_rtc.o(i.RTC_ITConfig), (24 bytes).
    Removing stm32f10x_rtc.o(i.RTC_SetAlarm), (32 bytes).
    Removing stm32f10x_rtc.o(i.RTC_SetCounter), (32 bytes).
    Removing stm32f10x_rtc.o(i.RTC_SetPrescaler), (32 bytes).
    Removing stm32f10x_rtc.o(i.RTC_WaitForLastTask), (16 bytes).
    Removing stm32f10x_rtc.o(i.RTC_WaitForSynchro), (24 bytes).
    Removing stm32f10x_sdio.o(i.SDIO_CEATAITCmd), (16 bytes).
    Removing stm32f10x_sdio.o(i.SDIO_ClearFlag), (12 bytes).
    Removing stm32f10x_sdio.o(i.SDIO_ClearITPendingBit), (12 bytes).
    Removing stm32f10x_sdio.o(i.SDIO_ClockCmd), (12 bytes).
    Removing stm32f10x_sdio.o(i.SDIO_CmdStructInit), (14 bytes).
    Removing stm32f10x_sdio.o(i.SDIO_CommandCompletionCmd), (12 bytes).
    Removing stm32f10x_sdio.o(i.SDIO_DMACmd), (12 bytes).
    Removing stm32f10x_sdio.o(i.SDIO_DataConfig), (44 bytes).
    Removing stm32f10x_sdio.o(i.SDIO_DataStructInit), (20 bytes).
    Removing stm32f10x_sdio.o(i.SDIO_DeInit), (36 bytes).
    Removing stm32f10x_sdio.o(i.SDIO_GetCommandResponse), (12 bytes).
    Removing stm32f10x_sdio.o(i.SDIO_GetDataCounter), (12 bytes).
    Removing stm32f10x_sdio.o(i.SDIO_GetFIFOCount), (12 bytes).
    Removing stm32f10x_sdio.o(i.SDIO_GetFlagStatus), (20 bytes).
    Removing stm32f10x_sdio.o(i.SDIO_GetITStatus), (20 bytes).
    Removing stm32f10x_sdio.o(i.SDIO_GetPowerState), (16 bytes).
    Removing stm32f10x_sdio.o(i.SDIO_GetResponse), (16 bytes).
    Removing stm32f10x_sdio.o(i.SDIO_ITConfig), (24 bytes).
    Removing stm32f10x_sdio.o(i.SDIO_Init), (44 bytes).
    Removing stm32f10x_sdio.o(i.SDIO_ReadData), (12 bytes).
    Removing stm32f10x_sdio.o(i.SDIO_SendCEATACmd), (12 bytes).
    Removing stm32f10x_sdio.o(i.SDIO_SendCommand), (40 bytes).
    Removing stm32f10x_sdio.o(i.SDIO_SendSDIOSuspendCmd), (12 bytes).
    Removing stm32f10x_sdio.o(i.SDIO_SetPowerState), (24 bytes).
    Removing stm32f10x_sdio.o(i.SDIO_SetSDIOOperation), (12 bytes).
    Removing stm32f10x_sdio.o(i.SDIO_SetSDIOReadWaitMode), (12 bytes).
    Removing stm32f10x_sdio.o(i.SDIO_StartSDIOReadWait), (12 bytes).
    Removing stm32f10x_sdio.o(i.SDIO_StopSDIOReadWait), (12 bytes).
    Removing stm32f10x_sdio.o(i.SDIO_StructInit), (16 bytes).
    Removing stm32f10x_sdio.o(i.SDIO_WriteData), (12 bytes).
    Removing stm32f10x_spi.o(i.I2S_Cmd), (20 bytes).
    Removing stm32f10x_spi.o(i.I2S_Init), (150 bytes).
    Removing stm32f10x_spi.o(i.I2S_StructInit), (18 bytes).
    Removing stm32f10x_spi.o(i.SPI_BiDirectionalLineConfig), (22 bytes).
    Removing stm32f10x_spi.o(i.SPI_CalculateCRC), (20 bytes).
    Removing stm32f10x_spi.o(i.SPI_Cmd), (20 bytes).
    Removing stm32f10x_spi.o(i.SPI_DataSizeConfig), (16 bytes).
    Removing stm32f10x_spi.o(i.SPI_GetCRC), (12 bytes).
    Removing stm32f10x_spi.o(i.SPI_GetCRCPolynomial), (4 bytes).
    Removing stm32f10x_spi.o(i.SPI_I2S_ClearFlag), (6 bytes).
    Removing stm32f10x_spi.o(i.SPI_I2S_ClearITPendingBit), (14 bytes).
    Removing stm32f10x_spi.o(i.SPI_I2S_DMACmd), (16 bytes).
    Removing stm32f10x_spi.o(i.SPI_I2S_DeInit), (84 bytes).
    Removing stm32f10x_spi.o(i.SPI_I2S_GetFlagStatus), (14 bytes).
    Removing stm32f10x_spi.o(i.SPI_I2S_GetITStatus), (44 bytes).
    Removing stm32f10x_spi.o(i.SPI_I2S_ITConfig), (24 bytes).
    Removing stm32f10x_spi.o(i.SPI_I2S_ReceiveData), (4 bytes).
    Removing stm32f10x_spi.o(i.SPI_I2S_SendData), (4 bytes).
    Removing stm32f10x_spi.o(i.SPI_Init), (56 bytes).
    Removing stm32f10x_spi.o(i.SPI_NSSInternalSoftwareConfig), (24 bytes).
    Removing stm32f10x_spi.o(i.SPI_SSOutputCmd), (20 bytes).
    Removing stm32f10x_spi.o(i.SPI_StructInit), (24 bytes).
    Removing stm32f10x_spi.o(i.SPI_TransmitCRC), (10 bytes).
    Removing stm32f10x_tim.o(i.TI1_Config), (108 bytes).
    Removing stm32f10x_tim.o(i.TI2_Config), (124 bytes).
    Removing stm32f10x_tim.o(i.TIM_ARRPreloadConfig), (20 bytes).
    Removing stm32f10x_tim.o(i.TIM_BDTRConfig), (34 bytes).
    Removing stm32f10x_tim.o(i.TIM_BDTRStructInit), (18 bytes).
    Removing stm32f10x_tim.o(i.TIM_CCPreloadControl), (20 bytes).
    Removing stm32f10x_tim.o(i.TIM_CCxCmd), (22 bytes).
    Removing stm32f10x_tim.o(i.TIM_CCxNCmd), (22 bytes).
    Removing stm32f10x_tim.o(i.TIM_ClearFlag), (6 bytes).
    Removing stm32f10x_tim.o(i.TIM_ClearOC1Ref), (12 bytes).
    Removing stm32f10x_tim.o(i.TIM_ClearOC2Ref), (20 bytes).
    Removing stm32f10x_tim.o(i.TIM_ClearOC3Ref), (12 bytes).
    Removing stm32f10x_tim.o(i.TIM_ClearOC4Ref), (20 bytes).
    Removing stm32f10x_tim.o(i.TIM_CounterModeConfig), (12 bytes).
    Removing stm32f10x_tim.o(i.TIM_CtrlPWMOutputs), (22 bytes).
    Removing stm32f10x_tim.o(i.TIM_DMACmd), (16 bytes).
    Removing stm32f10x_tim.o(i.TIM_DMAConfig), (8 bytes).
    Removing stm32f10x_tim.o(i.TIM_DeInit), (368 bytes).
    Removing stm32f10x_tim.o(i.TIM_ETRClockMode1Config), (18 bytes).
    Removing stm32f10x_tim.o(i.TIM_ETRClockMode2Config), (18 bytes).
    Removing stm32f10x_tim.o(i.TIM_ETRConfig), (24 bytes).
    Removing stm32f10x_tim.o(i.TIM_EncoderInterfaceConfig), (50 bytes).
    Removing stm32f10x_tim.o(i.TIM_ForcedOC1Config), (12 bytes).
    Removing stm32f10x_tim.o(i.TIM_ForcedOC2Config), (20 bytes).
    Removing stm32f10x_tim.o(i.TIM_ForcedOC3Config), (12 bytes).
    Removing stm32f10x_tim.o(i.TIM_ForcedOC4Config), (20 bytes).
    Removing stm32f10x_tim.o(i.TIM_GenerateEvent), (4 bytes).
    Removing stm32f10x_tim.o(i.TIM_GetCapture1), (4 bytes).
    Removing stm32f10x_tim.o(i.TIM_GetCapture2), (4 bytes).
    Removing stm32f10x_tim.o(i.TIM_GetCapture3), (4 bytes).
    Removing stm32f10x_tim.o(i.TIM_GetCapture4), (6 bytes).
    Removing stm32f10x_tim.o(i.TIM_GetCounter), (4 bytes).
    Removing stm32f10x_tim.o(i.TIM_GetFlagStatus), (14 bytes).
    Removing stm32f10x_tim.o(i.TIM_GetPrescaler), (4 bytes).
    Removing stm32f10x_tim.o(i.TIM_ICInit), (300 bytes).
    Removing stm32f10x_tim.o(i.TIM_ICStructInit), (16 bytes).
    Removing stm32f10x_tim.o(i.TIM_ITRxExternalClockConfig), (18 bytes).
    Removing stm32f10x_tim.o(i.TIM_InternalClockConfig), (10 bytes).
    Removing stm32f10x_tim.o(i.TIM_OC1FastConfig), (12 bytes).
    Removing stm32f10x_tim.o(i.TIM_OC1Init), (128 bytes).
    Removing stm32f10x_tim.o(i.TIM_OC1NPolarityConfig), (12 bytes).
    Removing stm32f10x_tim.o(i.TIM_OC1PolarityConfig), (12 bytes).
    Removing stm32f10x_tim.o(i.TIM_OC1PreloadConfig), (12 bytes).
    Removing stm32f10x_tim.o(i.TIM_OC2FastConfig), (20 bytes).
    Removing stm32f10x_tim.o(i.TIM_OC2Init), (128 bytes).
    Removing stm32f10x_tim.o(i.TIM_OC2NPolarityConfig), (20 bytes).
    Removing stm32f10x_tim.o(i.TIM_OC2PolarityConfig), (20 bytes).
    Removing stm32f10x_tim.o(i.TIM_OC2PreloadConfig), (20 bytes).
    Removing stm32f10x_tim.o(i.TIM_OC3FastConfig), (12 bytes).
    Removing stm32f10x_tim.o(i.TIM_OC3Init), (124 bytes).
    Removing stm32f10x_tim.o(i.TIM_OC3NPolarityConfig), (20 bytes).
    Removing stm32f10x_tim.o(i.TIM_OC3PolarityConfig), (20 bytes).
    Removing stm32f10x_tim.o(i.TIM_OC3PreloadConfig), (12 bytes).
    Removing stm32f10x_tim.o(i.TIM_OC4FastConfig), (20 bytes).
    Removing stm32f10x_tim.o(i.TIM_OC4Init), (100 bytes).
    Removing stm32f10x_tim.o(i.TIM_OC4PolarityConfig), (20 bytes).
    Removing stm32f10x_tim.o(i.TIM_OC4PreloadConfig), (20 bytes).
    Removing stm32f10x_tim.o(i.TIM_OCStructInit), (20 bytes).
    Removing stm32f10x_tim.o(i.TIM_PWMIConfig), (108 bytes).
    Removing stm32f10x_tim.o(i.TIM_PrescalerConfig), (6 bytes).
    Removing stm32f10x_tim.o(i.TIM_SelectCCDMA), (20 bytes).
    Removing stm32f10x_tim.o(i.TIM_SelectCOM), (20 bytes).
    Removing stm32f10x_tim.o(i.TIM_SelectHallSensor), (20 bytes).
    Removing stm32f10x_tim.o(i.TIM_SelectInputTrigger), (12 bytes).
    Removing stm32f10x_tim.o(i.TIM_SelectMasterSlaveMode), (16 bytes).
    Removing stm32f10x_tim.o(i.TIM_SelectOCxM), (70 bytes).
    Removing stm32f10x_tim.o(i.TIM_SelectOnePulseMode), (16 bytes).
    Removing stm32f10x_tim.o(i.TIM_SelectOutputTrigger), (16 bytes).
    Removing stm32f10x_tim.o(i.TIM_SelectSlaveMode), (16 bytes).
    Removing stm32f10x_tim.o(i.TIM_SetAutoreload), (4 bytes).
    Removing stm32f10x_tim.o(i.TIM_SetClockDivision), (16 bytes).
    Removing stm32f10x_tim.o(i.TIM_SetCompare1), (4 bytes).
    Removing stm32f10x_tim.o(i.TIM_SetCompare2), (4 bytes).
    Removing stm32f10x_tim.o(i.TIM_SetCompare3), (4 bytes).
    Removing stm32f10x_tim.o(i.TIM_SetCompare4), (6 bytes).
    Removing stm32f10x_tim.o(i.TIM_SetCounter), (4 bytes).
    Removing stm32f10x_tim.o(i.TIM_SetIC1Prescaler), (16 bytes).
    Removing stm32f10x_tim.o(i.TIM_SetIC2Prescaler), (24 bytes).
    Removing stm32f10x_tim.o(i.TIM_SetIC3Prescaler), (16 bytes).
    Removing stm32f10x_tim.o(i.TIM_SetIC4Prescaler), (24 bytes).
    Removing stm32f10x_tim.o(i.TIM_TIxExternalClockConfig), (46 bytes).
    Removing stm32f10x_tim.o(i.TIM_TimeBaseStructInit), (18 bytes).
    Removing stm32f10x_tim.o(i.TIM_UpdateDisableConfig), (20 bytes).
    Removing stm32f10x_tim.o(i.TIM_UpdateRequestConfig), (20 bytes).
    Removing stm32f10x_usart.o(i.USART_ClearITPendingBit), (12 bytes).
    Removing stm32f10x_usart.o(i.USART_ClockInit), (30 bytes).
    Removing stm32f10x_usart.o(i.USART_ClockStructInit), (12 bytes).
    Removing stm32f10x_usart.o(i.USART_DMACmd), (16 bytes).
    Removing stm32f10x_usart.o(i.USART_DeInit), (116 bytes).
    Removing stm32f10x_usart.o(i.USART_HalfDuplexCmd), (20 bytes).
    Removing stm32f10x_usart.o(i.USART_IrDACmd), (20 bytes).
    Removing stm32f10x_usart.o(i.USART_IrDAConfig), (16 bytes).
    Removing stm32f10x_usart.o(i.USART_LINBreakDetectLengthConfig), (16 bytes).
    Removing stm32f10x_usart.o(i.USART_LINCmd), (20 bytes).
    Removing stm32f10x_usart.o(i.USART_OneBitMethodCmd), (20 bytes).
    Removing stm32f10x_usart.o(i.USART_OverSampling8Cmd), (20 bytes).
    Removing stm32f10x_usart.o(i.USART_ReceiverWakeUpCmd), (20 bytes).
    Removing stm32f10x_usart.o(i.USART_SendBreak), (10 bytes).
    Removing stm32f10x_usart.o(i.USART_SetAddress), (16 bytes).
    Removing stm32f10x_usart.o(i.USART_SetGuardTime), (16 bytes).
    Removing stm32f10x_usart.o(i.USART_SetPrescaler), (16 bytes).
    Removing stm32f10x_usart.o(i.USART_SmartCardCmd), (20 bytes).
    Removing stm32f10x_usart.o(i.USART_SmartCardNACKCmd), (20 bytes).
    Removing stm32f10x_usart.o(i.USART_StructInit), (22 bytes).
    Removing stm32f10x_usart.o(i.USART_WakeUpConfig), (16 bytes).
    Removing stm32f10x_wwdg.o(i.WWDG_ClearFlag), (12 bytes).
    Removing stm32f10x_wwdg.o(i.WWDG_DeInit), (24 bytes).
    Removing stm32f10x_wwdg.o(i.WWDG_Enable), (16 bytes).
    Removing stm32f10x_wwdg.o(i.WWDG_EnableIT), (16 bytes).
    Removing stm32f10x_wwdg.o(i.WWDG_GetFlagStatus), (12 bytes).
    Removing stm32f10x_wwdg.o(i.WWDG_SetCounter), (16 bytes).
    Removing stm32f10x_wwdg.o(i.WWDG_SetPrescaler), (20 bytes).
    Removing stm32f10x_wwdg.o(i.WWDG_SetWindowValue), (28 bytes).
    Removing dfixul.o(.text), (48 bytes).
    Removing cdrcmple.o(.text), (48 bytes).

446 unused section(s) (total 14517 bytes) removed from the image.

==============================================================================

Image Symbol Table

    Local Symbols

    Symbol Name                              Value     Ov Type        Size  Object(Section)

    ../clib/microlib/division.c              0x00000000   Number         0  uidiv.o ABSOLUTE
    ../clib/microlib/division.c              0x00000000   Number         0  uldiv.o ABSOLUTE
    ../clib/microlib/init/entry.s            0x00000000   Number         0  entry7a.o ABSOLUTE
    ../clib/microlib/init/entry.s            0x00000000   Number         0  entry9b.o ABSOLUTE
    ../clib/microlib/init/entry.s            0x00000000   Number         0  entry.o ABSOLUTE
    ../clib/microlib/init/entry.s            0x00000000   Number         0  entry11a.o ABSOLUTE
    ../clib/microlib/init/entry.s            0x00000000   Number         0  entry5.o ABSOLUTE
    ../clib/microlib/init/entry.s            0x00000000   Number         0  entry11b.o ABSOLUTE
    ../clib/microlib/init/entry.s            0x00000000   Number         0  entry10a.o ABSOLUTE
    ../clib/microlib/init/entry.s            0x00000000   Number         0  entry10b.o ABSOLUTE
    ../clib/microlib/init/entry.s            0x00000000   Number         0  entry2.o ABSOLUTE
    ../clib/microlib/init/entry.s            0x00000000   Number         0  entry9a.o ABSOLUTE
    ../clib/microlib/init/entry.s            0x00000000   Number         0  entry8a.o ABSOLUTE
    ../clib/microlib/init/entry.s            0x00000000   Number         0  entry7b.o ABSOLUTE
    ../clib/microlib/init/entry.s            0x00000000   Number         0  entry8b.o ABSOLUTE
    ../clib/microlib/longlong.c              0x00000000   Number         0  llushr.o ABSOLUTE
    ../clib/microlib/longlong.c              0x00000000   Number         0  llshl.o ABSOLUTE
    ../clib/microlib/longlong.c              0x00000000   Number         0  llsshr.o ABSOLUTE
    ../clib/microlib/printf/printf.c         0x00000000   Number         0  printfb.o ABSOLUTE
    ../clib/microlib/printf/printf.c         0x00000000   Number         0  printf0.o ABSOLUTE
    ../clib/microlib/printf/printf.c         0x00000000   Number         0  printf4.o ABSOLUTE
    ../clib/microlib/printf/printf.c         0x00000000   Number         0  printf5.o ABSOLUTE
    ../clib/microlib/printf/printf.c         0x00000000   Number         0  printf7.o ABSOLUTE
    ../clib/microlib/printf/printf.c         0x00000000   Number         0  printf8.o ABSOLUTE
    ../clib/microlib/printf/printf.c         0x00000000   Number         0  printf1.o ABSOLUTE
    ../clib/microlib/printf/printf.c         0x00000000   Number         0  printfa.o ABSOLUTE
    ../clib/microlib/printf/printf.c         0x00000000   Number         0  printf2.o ABSOLUTE
    ../clib/microlib/printf/printf.c         0x00000000   Number         0  printf3.o ABSOLUTE
    ../clib/microlib/printf/printf.c         0x00000000   Number         0  printf6.o ABSOLUTE
    ../clib/microlib/printf/stubs.s          0x00000000   Number         0  stubs.o ABSOLUTE
    ../clib/microlib/string/strlen.c         0x00000000   Number         0  strlen.o ABSOLUTE
    ../clib/microlib/stubs.s                 0x00000000   Number         0  iusefp.o ABSOLUTE
    ../clib/microlib/stubs.s                 0x00000000   Number         0  useno.o ABSOLUTE
    ../fplib/microlib/d2f.c                  0x00000000   Number         0  d2f.o ABSOLUTE
    ../fplib/microlib/fpadd.c                0x00000000   Number         0  dadd.o ABSOLUTE
    ../fplib/microlib/fpdiv.c                0x00000000   Number         0  ddiv.o ABSOLUTE
    ../fplib/microlib/fpepilogue.c           0x00000000   Number         0  fepilogue.o ABSOLUTE
    ../fplib/microlib/fpepilogue.c           0x00000000   Number         0  depilogue.o ABSOLUTE
    ../fplib/microlib/fpfix.c                0x00000000   Number         0  dfixl.o ABSOLUTE
    ../fplib/microlib/fpfix.c                0x00000000   Number         0  ffixui.o ABSOLUTE
    ../fplib/microlib/fpfix.c                0x00000000   Number         0  dfixul.o ABSOLUTE
    ../fplib/microlib/fpflt.c                0x00000000   Number         0  dfltl.o ABSOLUTE
    ../fplib/microlib/fpflt.c                0x00000000   Number         0  dfltui.o ABSOLUTE
    ../fplib/microlib/fpflt.c                0x00000000   Number         0  dflti.o ABSOLUTE
    ../fplib/microlib/fpmul.c                0x00000000   Number         0  dmul.o ABSOLUTE
    ../fplib/microlib/fpmul.c                0x00000000   Number         0  fmul.o ABSOLUTE
    ../fplib/microlib/fpscalb.c              0x00000000   Number         0  dscalb.o ABSOLUTE
    ..\CORE\core_cm3.c                       0x00000000   Number         0  core_cm3.o ABSOLUTE
    ..\CORE\startup_stm32f10x_hd.s           0x00000000   Number         0  startup_stm32f10x_hd.o ABSOLUTE
    ..\STM32F10x_FWLib\src\misc.c            0x00000000   Number         0  misc.o ABSOLUTE
    ..\STM32F10x_FWLib\src\stm32f10x_adc.c   0x00000000   Number         0  stm32f10x_adc.o ABSOLUTE
    ..\STM32F10x_FWLib\src\stm32f10x_bkp.c   0x00000000   Number         0  stm32f10x_bkp.o ABSOLUTE
    ..\STM32F10x_FWLib\src\stm32f10x_can.c   0x00000000   Number         0  stm32f10x_can.o ABSOLUTE
    ..\STM32F10x_FWLib\src\stm32f10x_cec.c   0x00000000   Number         0  stm32f10x_cec.o ABSOLUTE
    ..\STM32F10x_FWLib\src\stm32f10x_crc.c   0x00000000   Number         0  stm32f10x_crc.o ABSOLUTE
    ..\STM32F10x_FWLib\src\stm32f10x_dac.c   0x00000000   Number         0  stm32f10x_dac.o ABSOLUTE
    ..\STM32F10x_FWLib\src\stm32f10x_dbgmcu.c 0x00000000   Number         0  stm32f10x_dbgmcu.o ABSOLUTE
    ..\STM32F10x_FWLib\src\stm32f10x_dma.c   0x00000000   Number         0  stm32f10x_dma.o ABSOLUTE
    ..\STM32F10x_FWLib\src\stm32f10x_exti.c  0x00000000   Number         0  stm32f10x_exti.o ABSOLUTE
    ..\STM32F10x_FWLib\src\stm32f10x_flash.c 0x00000000   Number         0  stm32f10x_flash.o ABSOLUTE
    ..\STM32F10x_FWLib\src\stm32f10x_fsmc.c  0x00000000   Number         0  stm32f10x_fsmc.o ABSOLUTE
    ..\STM32F10x_FWLib\src\stm32f10x_gpio.c  0x00000000   Number         0  stm32f10x_gpio.o ABSOLUTE
    ..\STM32F10x_FWLib\src\stm32f10x_i2c.c   0x00000000   Number         0  stm32f10x_i2c.o ABSOLUTE
    ..\STM32F10x_FWLib\src\stm32f10x_iwdg.c  0x00000000   Number         0  stm32f10x_iwdg.o ABSOLUTE
    ..\STM32F10x_FWLib\src\stm32f10x_pwr.c   0x00000000   Number         0  stm32f10x_pwr.o ABSOLUTE
    ..\STM32F10x_FWLib\src\stm32f10x_rcc.c   0x00000000   Number         0  stm32f10x_rcc.o ABSOLUTE
    ..\STM32F10x_FWLib\src\stm32f10x_rtc.c   0x00000000   Number         0  stm32f10x_rtc.o ABSOLUTE
    ..\STM32F10x_FWLib\src\stm32f10x_sdio.c  0x00000000   Number         0  stm32f10x_sdio.o ABSOLUTE
    ..\STM32F10x_FWLib\src\stm32f10x_spi.c   0x00000000   Number         0  stm32f10x_spi.o ABSOLUTE
    ..\STM32F10x_FWLib\src\stm32f10x_tim.c   0x00000000   Number         0  stm32f10x_tim.o ABSOLUTE
    ..\STM32F10x_FWLib\src\stm32f10x_usart.c 0x00000000   Number         0  stm32f10x_usart.o ABSOLUTE
    ..\STM32F10x_FWLib\src\stm32f10x_wwdg.c  0x00000000   Number         0  stm32f10x_wwdg.o ABSOLUTE
    ..\SYSTEM\delay\delay.c                  0x00000000   Number         0  delay.o ABSOLUTE
    ..\SYSTEM\sys\sys.c                      0x00000000   Number         0  sys.o ABSOLUTE
    ..\SYSTEM\usart\usart.c                  0x00000000   Number         0  usart.o ABSOLUTE
    ..\\CORE\\core_cm3.c                     0x00000000   Number         0  core_cm3.o ABSOLUTE
    ..\\SYSTEM\\sys\\sys.c                   0x00000000   Number         0  sys.o ABSOLUTE
    APP\modbus.c                             0x00000000   Number         0  modbus.o ABSOLUTE
    APP\modbus_crc.c                         0x00000000   Number         0  modbus_crc.o ABSOLUTE
    APP\ms8607.c                             0x00000000   Number         0  ms8607.o ABSOLUTE
    BSP\bsp_clkconfig.c                      0x00000000   Number         0  bsp_clkconfig.o ABSOLUTE
    BSP\main.c                               0x00000000   Number         0  main.o ABSOLUTE
    BSP\stm32f10x_it.c                       0x00000000   Number         0  stm32f10x_it.o ABSOLUTE
    BSP\system_stm32f10x.c                   0x00000000   Number         0  system_stm32f10x.o ABSOLUTE
    Hardware\eeprom.c                        0x00000000   Number         0  eeprom.o ABSOLUTE
    Hardware\iap_trigger.c                   0x00000000   Number         0  iap_trigger.o ABSOLUTE
    Hardware\rs485.c                         0x00000000   Number         0  rs485.o ABSOLUTE
    Hardware\timer.c                         0x00000000   Number         0  timer.o ABSOLUTE
    Hardware\wdg.c                           0x00000000   Number         0  wdg.o ABSOLUTE
    cdrcmple.s                               0x00000000   Number         0  cdrcmple.o ABSOLUTE
    dc.s                                     0x00000000   Number         0  dc.o ABSOLUTE
    handlers.s                               0x00000000   Number         0  handlers.o ABSOLUTE
    init.s                                   0x00000000   Number         0  init.o ABSOLUTE
    RESET                                    0x08005000   Section      304  startup_stm32f10x_hd.o(RESET)
    .ARM.Collect$$$$00000000                 0x08005130   Section        0  entry.o(.ARM.Collect$$$$00000000)
    .ARM.Collect$$$$00000001                 0x08005130   Section        4  entry2.o(.ARM.Collect$$$$00000001)
    .ARM.Collect$$$$00000004                 0x08005134   Section        4  entry5.o(.ARM.Collect$$$$00000004)
    .ARM.Collect$$$$00000008                 0x08005138   Section        0  entry7b.o(.ARM.Collect$$$$00000008)
    .ARM.Collect$$$$0000000A                 0x08005138   Section        0  entry8b.o(.ARM.Collect$$$$0000000A)
    .ARM.Collect$$$$0000000B                 0x08005138   Section        8  entry9a.o(.ARM.Collect$$$$0000000B)
    .ARM.Collect$$$$0000000D                 0x08005140   Section        0  entry10a.o(.ARM.Collect$$$$0000000D)
    .ARM.Collect$$$$0000000F                 0x08005140   Section        0  entry11a.o(.ARM.Collect$$$$0000000F)
    .ARM.Collect$$$$00002712                 0x08005140   Section        4  entry2.o(.ARM.Collect$$$$00002712)
    __lit__00000000                          0x08005140   Data           4  entry2.o(.ARM.Collect$$$$00002712)
    .text                                    0x08005144   Section       36  startup_stm32f10x_hd.o(.text)
    .text                                    0x08005168   Section        0  strlen.o(.text)
    .text                                    0x08005176   Section        0  fmul.o(.text)
    .text                                    0x080051da   Section        0  dadd.o(.text)
    .text                                    0x08005328   Section        0  dmul.o(.text)
    .text                                    0x0800540c   Section        0  ddiv.o(.text)
    .text                                    0x080054ea   Section        0  dscalb.o(.text)
    .text                                    0x08005518   Section        0  dflti.o(.text)
    .text                                    0x0800553a   Section        0  dfltui.o(.text)
    .text                                    0x08005554   Section        0  dfltl.o(.text)
    .text                                    0x0800557c   Section        0  ffixui.o(.text)
    .text                                    0x080055a4   Section        0  dfixl.o(.text)
    .text                                    0x080055ee   Section        0  d2f.o(.text)
    .text                                    0x08005626   Section        0  uldiv.o(.text)
    .text                                    0x08005688   Section        0  llshl.o(.text)
    .text                                    0x080056a6   Section        0  llushr.o(.text)
    .text                                    0x080056c6   Section        0  llsshr.o(.text)
    .text                                    0x080056ea   Section        0  iusefp.o(.text)
    .text                                    0x080056ea   Section        0  fepilogue.o(.text)
    .text                                    0x08005758   Section        0  depilogue.o(.text)
    .text                                    0x08005814   Section       36  init.o(.text)
    i.BusFault_Handler                       0x08005838   Section        0  stm32f10x_it.o(i.BusFault_Handler)
    i.DebugMon_Handler                       0x0800583a   Section        0  stm32f10x_it.o(i.DebugMon_Handler)
    i.FLASH_ErasePage                        0x0800583c   Section        0  stm32f10x_flash.o(i.FLASH_ErasePage)
    i.FLASH_GetBank1Status                   0x08005878   Section        0  stm32f10x_flash.o(i.FLASH_GetBank1Status)
    i.FLASH_GetStatus                        0x080058a0   Section        0  stm32f10x_flash.o(i.FLASH_GetStatus)
    i.FLASH_Lock                             0x080058c8   Section        0  stm32f10x_flash.o(i.FLASH_Lock)
    i.FLASH_PrefetchBufferCmd                0x080058d8   Section        0  stm32f10x_flash.o(i.FLASH_PrefetchBufferCmd)
    i.FLASH_ProgramHalfWord                  0x080058f0   Section        0  stm32f10x_flash.o(i.FLASH_ProgramHalfWord)
    i.FLASH_ProgramWord                      0x08005924   Section        0  stm32f10x_flash.o(i.FLASH_ProgramWord)
    i.FLASH_SetLatency                       0x08005974   Section        0  stm32f10x_flash.o(i.FLASH_SetLatency)
    i.FLASH_Unlock                           0x08005988   Section        0  stm32f10x_flash.o(i.FLASH_Unlock)
    i.FLASH_WaitForLastOperation             0x080059a0   Section        0  stm32f10x_flash.o(i.FLASH_WaitForLastOperation)
    i.Flash_Storage_CRC16                    0x080059c2   Section        0  eeprom.o(i.Flash_Storage_CRC16)
    i.Flash_Storage_Init                     0x080059f8   Section        0  eeprom.o(i.Flash_Storage_Init)
    i.Flash_Storage_Load_Config              0x08005b08   Section        0  eeprom.o(i.Flash_Storage_Load_Config)
    i.Flash_Storage_Save_Config              0x08005cc8   Section        0  eeprom.o(i.Flash_Storage_Save_Config)
    i.GPIO_Init                              0x08005ebc   Section        0  stm32f10x_gpio.o(i.GPIO_Init)
    i.GPIO_ReadInputDataBit                  0x08005f58   Section        0  stm32f10x_gpio.o(i.GPIO_ReadInputDataBit)
    i.GPIO_ResetBits                         0x08005f66   Section        0  stm32f10x_gpio.o(i.GPIO_ResetBits)
    i.GPIO_SetBits                           0x08005f6a   Section        0  stm32f10x_gpio.o(i.GPIO_SetBits)
    i.HSE_SetSysClock                        0x08005f6e   Section        0  bsp_clkconfig.o(i.HSE_SetSysClock)
    i.HardFault_Handler                      0x08005fde   Section        0  stm32f10x_it.o(i.HardFault_Handler)
    i.IWDG_Enable                            0x08005fe0   Section        0  stm32f10x_iwdg.o(i.IWDG_Enable)
    i.IWDG_Feed                              0x08005ff0   Section        0  wdg.o(i.IWDG_Feed)
    i.IWDG_Init                              0x08005ff4   Section        0  wdg.o(i.IWDG_Init)
    i.IWDG_ReloadCounter                     0x0800601c   Section        0  stm32f10x_iwdg.o(i.IWDG_ReloadCounter)
    i.IWDG_SetPrescaler                      0x0800602c   Section        0  stm32f10x_iwdg.o(i.IWDG_SetPrescaler)
    i.IWDG_SetReload                         0x08006038   Section        0  stm32f10x_iwdg.o(i.IWDG_SetReload)
    i.IWDG_WriteAccessCmd                    0x08006044   Section        0  stm32f10x_iwdg.o(i.IWDG_WriteAccessCmd)
    i.MS8607_I2C_RecvByte                    0x08006050   Section        0  ms8607.o(i.MS8607_I2C_RecvByte)
    i.MS8607_I2C_SendACK                     0x080060ac   Section        0  ms8607.o(i.MS8607_I2C_SendACK)
    i.MS8607_I2C_SendByte                    0x080060dc   Section        0  ms8607.o(i.MS8607_I2C_SendByte)
    i.MS8607_I2C_Start                       0x0800611c   Section        0  ms8607.o(i.MS8607_I2C_Start)
    i.MS8607_I2C_Stop                        0x08006178   Section        0  ms8607.o(i.MS8607_I2C_Stop)
    i.MS8607_I2C_WaitAck                     0x080061a0   Section        0  ms8607.o(i.MS8607_I2C_WaitAck)
    i.MS8607_IIC_Config                      0x08006200   Section        0  ms8607.o(i.MS8607_IIC_Config)
    i.MS8607_ReadDate                        0x0800623c   Section        0  ms8607.o(i.MS8607_ReadDate)
    i.MemManage_Handler                      0x080066e8   Section        0  stm32f10x_it.o(i.MemManage_Handler)
    i.Modbus_CRC16                           0x080066ec   Section        0  modbus_crc.o(i.Modbus_CRC16)
    i.Modbus_Event                           0x08006718   Section        0  modbus.o(i.Modbus_Event)
    i.Modbus_Func16                          0x08006814   Section        0  modbus.o(i.Modbus_Func16)
    i.Modbus_Func3                           0x080068c0   Section        0  modbus.o(i.Modbus_Func3)
    i.Modbus_Func6                           0x0800697c   Section        0  modbus.o(i.Modbus_Func6)
    i.Modbus_Init                            0x08006b14   Section        0  modbus.o(i.Modbus_Init)
    i.Modbus_Save_Config                     0x08006c40   Section        0  modbus.o(i.Modbus_Save_Config)
    i.Modbus_Send_Byte                       0x08006cdc   Section        0  rs485.o(i.Modbus_Send_Byte)
    i.Modbus_uart2_init                      0x08006d04   Section        0  rs485.o(i.Modbus_uart2_init)
    i.Modbus_uart2_reconfig                  0x08006de0   Section        0  rs485.o(i.Modbus_uart2_reconfig)
    i.NMI_Handler                            0x08006e2c   Section        0  stm32f10x_it.o(i.NMI_Handler)
    i.NVIC_Init                              0x08006e30   Section        0  misc.o(i.NVIC_Init)
    i.NVIC_PriorityGroupConfig               0x08006e94   Section        0  misc.o(i.NVIC_PriorityGroupConfig)
    i.PendSV_Handler                         0x08006ea8   Section        0  stm32f10x_it.o(i.PendSV_Handler)
    i.RCC_APB1PeriphClockCmd                 0x08006eac   Section        0  stm32f10x_rcc.o(i.RCC_APB1PeriphClockCmd)
    i.RCC_APB1PeriphResetCmd                 0x08006ec4   Section        0  stm32f10x_rcc.o(i.RCC_APB1PeriphResetCmd)
    i.RCC_APB2PeriphClockCmd                 0x08006edc   Section        0  stm32f10x_rcc.o(i.RCC_APB2PeriphClockCmd)
    i.RCC_DeInit                             0x08006ef4   Section        0  stm32f10x_rcc.o(i.RCC_DeInit)
    i.RCC_GetClocksFreq                      0x08006f34   Section        0  stm32f10x_rcc.o(i.RCC_GetClocksFreq)
    i.RCC_GetFlagStatus                      0x08006fc8   Section        0  stm32f10x_rcc.o(i.RCC_GetFlagStatus)
    i.RCC_GetSYSCLKSource                    0x08006ff8   Section        0  stm32f10x_rcc.o(i.RCC_GetSYSCLKSource)
    i.RCC_HCLKConfig                         0x08007008   Section        0  stm32f10x_rcc.o(i.RCC_HCLKConfig)
    i.RCC_HSEConfig                          0x0800701c   Section        0  stm32f10x_rcc.o(i.RCC_HSEConfig)
    i.RCC_PCLK1Config                        0x08007050   Section        0  stm32f10x_rcc.o(i.RCC_PCLK1Config)
    i.RCC_PCLK2Config                        0x08007064   Section        0  stm32f10x_rcc.o(i.RCC_PCLK2Config)
    i.RCC_PLLCmd                             0x08007078   Section        0  stm32f10x_rcc.o(i.RCC_PLLCmd)
    i.RCC_PLLConfig                          0x08007084   Section        0  stm32f10x_rcc.o(i.RCC_PLLConfig)
    i.RCC_SYSCLKConfig                       0x08007098   Section        0  stm32f10x_rcc.o(i.RCC_SYSCLKConfig)
    i.RCC_WaitForHSEStartUp                  0x080070ac   Section        0  stm32f10x_rcc.o(i.RCC_WaitForHSEStartUp)
    i.Read_PTPROM                            0x080070d8   Section        0  ms8607.o(i.Read_PTPROM)
    i.SVC_Handler                            0x08007152   Section        0  stm32f10x_it.o(i.SVC_Handler)
    i.SetSysClockTo72                        0x08007154   Section        0  system_stm32f10x.o(i.SetSysClockTo72)
    SetSysClockTo72                          0x08007155   Thumb Code   160  system_stm32f10x.o(i.SetSysClockTo72)
    i.SysTick_CLKSourceConfig                0x080071fc   Section        0  misc.o(i.SysTick_CLKSourceConfig)
    i.SystemCoreClockUpdate                  0x08007214   Section        0  system_stm32f10x.o(i.SystemCoreClockUpdate)
    i.SystemInit                             0x0800727c   Section        0  system_stm32f10x.o(i.SystemInit)
    i.TIM3_IRQHandler                        0x080072cc   Section        0  timer.o(i.TIM3_IRQHandler)
    i.TIM3_Int_Init                          0x08007328   Section        0  timer.o(i.TIM3_Int_Init)
    i.TIM4_IRQHandler                        0x08007388   Section        0  timer.o(i.TIM4_IRQHandler)
    i.TIM4_Int_Init                          0x080073c0   Section        0  timer.o(i.TIM4_Int_Init)
    i.TIM_ClearITPendingBit                  0x08007420   Section        0  stm32f10x_tim.o(i.TIM_ClearITPendingBit)
    i.TIM_Cmd                                0x08007426   Section        0  stm32f10x_tim.o(i.TIM_Cmd)
    i.TIM_GetITStatus                        0x0800743a   Section        0  stm32f10x_tim.o(i.TIM_GetITStatus)
    i.TIM_ITConfig                           0x08007452   Section        0  stm32f10x_tim.o(i.TIM_ITConfig)
    i.TIM_TimeBaseInit                       0x08007464   Section        0  stm32f10x_tim.o(i.TIM_TimeBaseInit)
    i.USART1_IRQHandler                      0x08007500   Section        0  usart.o(i.USART1_IRQHandler)
    i.USART2_IRQHandler                      0x08007564   Section        0  rs485.o(i.USART2_IRQHandler)
    i.USART_ClearFlag                        0x080075d0   Section        0  stm32f10x_usart.o(i.USART_ClearFlag)
    i.USART_Cmd                              0x080075d6   Section        0  stm32f10x_usart.o(i.USART_Cmd)
    i.USART_GetFlagStatus                    0x080075ea   Section        0  stm32f10x_usart.o(i.USART_GetFlagStatus)
    i.USART_GetITStatus                      0x080075f8   Section        0  stm32f10x_usart.o(i.USART_GetITStatus)
    i.USART_ITConfig                         0x08007636   Section        0  stm32f10x_usart.o(i.USART_ITConfig)
    i.USART_Init                             0x08007668   Section        0  stm32f10x_usart.o(i.USART_Init)
    i.USART_ReceiveData                      0x08007714   Section        0  stm32f10x_usart.o(i.USART_ReceiveData)
    i.USART_SendData                         0x0800771c   Section        0  stm32f10x_usart.o(i.USART_SendData)
    i.USART_Send_Data                        0x08007724   Section        0  rs485.o(i.USART_Send_Data)
    i.Update1                                0x08007760   Section        0  modbus.o(i.Update1)
    i.Update2                                0x0800779c   Section        0  modbus.o(i.Update2)
    i.UsageFault_Handler                     0x0800783c   Section        0  stm32f10x_it.o(i.UsageFault_Handler)
    i.Usart2_SendString                      0x08007840   Section        0  rs485.o(i.Usart2_SendString)
    i.Write_MS8607Cmd                        0x08007874   Section        0  ms8607.o(i.Write_MS8607Cmd)
    i.__0printf$8                            0x080078a8   Section        0  printf8.o(i.__0printf$8)
    i.__0snprintf$8                          0x080078c8   Section        0  printf8.o(i.__0snprintf$8)
    i.__scatterload_copy                     0x080078f8   Section       14  handlers.o(i.__scatterload_copy)
    i.__scatterload_null                     0x08007906   Section        2  handlers.o(i.__scatterload_null)
    i.__scatterload_zeroinit                 0x08007908   Section       14  handlers.o(i.__scatterload_zeroinit)
    i._printf_core                           0x08007918   Section        0  printf8.o(i._printf_core)
    _printf_core                             0x08007919   Thumb Code   996  printf8.o(i._printf_core)
    i._printf_post_padding                   0x08007d28   Section        0  printf8.o(i._printf_post_padding)
    _printf_post_padding                     0x08007d29   Thumb Code    36  printf8.o(i._printf_post_padding)
    i._printf_pre_padding                    0x08007d4c   Section        0  printf8.o(i._printf_pre_padding)
    _printf_pre_padding                      0x08007d4d   Thumb Code    46  printf8.o(i._printf_pre_padding)
    i._snputc                                0x08007d7a   Section        0  printf8.o(i._snputc)
    _snputc                                  0x08007d7b   Thumb Code    22  printf8.o(i._snputc)
    i.crc4_PT                                0x08007d90   Section        0  ms8607.o(i.crc4_PT)
    i.delay1us                               0x08007de4   Section        0  ms8607.o(i.delay1us)
    i.delay_init                             0x08007df4   Section        0  delay.o(i.delay_init)
    i.delay_ms                               0x08007e30   Section        0  delay.o(i.delay_ms)
    i.fputc                                  0x08007e64   Section        0  usart.o(i.fputc)
    i.main                                   0x08007e7c   Section        0  main.o(i.main)
    i.trigger_iap_update                     0x08007f14   Section        0  iap_trigger.o(i.trigger_iap_update)
    i.uart_init                              0x08007f4c   Section        0  usart.o(i.uart_init)
    i.write_update_flag                      0x08007fec   Section        0  iap_trigger.o(i.write_update_flag)
    write_update_flag                        0x08007fed   Thumb Code   240  iap_trigger.o(i.write_update_flag)
    .constdata                               0x080080ec   Section      512  modbus_crc.o(.constdata)
    .data                                    0x20000000   Section       20  system_stm32f10x.o(.data)
    .data                                    0x20000014   Section        2  timer.o(.data)
    .data                                    0x20000018   Section        8  ms8607.o(.data)
    error                                    0x20000018   Data           1  ms8607.o(.data)
    MS8607Step                               0x20000019   Data           1  ms8607.o(.data)
    channl                                   0x2000001a   Data           1  ms8607.o(.data)
    oldtime                                  0x2000001c   Data           4  ms8607.o(.data)
    .data                                    0x20000020   Section        4  delay.o(.data)
    fac_us                                   0x20000020   Data           1  delay.o(.data)
    fac_ms                                   0x20000022   Data           2  delay.o(.data)
    .data                                    0x20000024   Section        2  usart.o(.data)
    .data                                    0x20000028   Section        4  usart.o(.data)
    .data                                    0x2000002c   Section       20  stm32f10x_rcc.o(.data)
    ADCPrescTable                            0x2000002c   Data           4  stm32f10x_rcc.o(.data)
    APBAHBPrescTable                         0x20000030   Data          16  stm32f10x_rcc.o(.data)
    .bss                                     0x20000040   Section      588  modbus.o(.bss)
    .bss                                     0x2000028c   Section       40  ms8607.o(.bss)
    .bss                                     0x200002b4   Section      200  usart.o(.bss)
    STACK                                    0x20000380   Section     1024  startup_stm32f10x_hd.o(STACK)

    Global Symbols

    Symbol Name                              Value     Ov Type        Size  Object(Section)

    BuildAttributes$$THM_ISAv4$P$D$K$B$S$PE$A:L22UL41UL21$X:L11$S22US41US21$IEEE1$IW$USESV6$~STKCKD$USESV7$~SHL$OTIME$ROPI$EBA8$MICROLIB$REQ8$PRES8$EABIv2 0x00000000   Number         0  anon$$obj.o ABSOLUTE
    __ARM_use_no_argv                        0x00000000   Number         0  main.o ABSOLUTE
    __use_no_errno                           0x00000000   Number         0  useno.o ABSOLUTE
    __use_no_exception_handling              0x00000000   Number         0  useno.o ABSOLUTE
    __use_no_fp                              0x00000000   Number         0  useno.o ABSOLUTE
    __use_no_heap                            0x00000000   Number         0  useno.o ABSOLUTE
    __use_no_heap_region                     0x00000000   Number         0  useno.o ABSOLUTE
    __use_no_semihosting                     0x00000000   Number         0  useno.o ABSOLUTE
    __use_no_semihosting_swi                 0x00000000   Number         0  useno.o ABSOLUTE
    __use_no_signal_handling                 0x00000000   Number         0  useno.o ABSOLUTE
    _printf_a                                0x00000000   Number         0  stubs.o ABSOLUTE
    _printf_c                                0x00000000   Number         0  stubs.o ABSOLUTE
    _printf_charcount                        0x00000000   Number         0  stubs.o ABSOLUTE
    _printf_d                                0x00000000   Number         0  stubs.o ABSOLUTE
    _printf_e                                0x00000000   Number         0  stubs.o ABSOLUTE
    _printf_f                                0x00000000   Number         0  stubs.o ABSOLUTE
    _printf_flags                            0x00000000   Number         0  stubs.o ABSOLUTE
    _printf_fp_dec                           0x00000000   Number         0  stubs.o ABSOLUTE
    _printf_fp_hex                           0x00000000   Number         0  stubs.o ABSOLUTE
    _printf_g                                0x00000000   Number         0  stubs.o ABSOLUTE
    _printf_i                                0x00000000   Number         0  stubs.o ABSOLUTE
    _printf_int_dec                          0x00000000   Number         0  stubs.o ABSOLUTE
    _printf_l                                0x00000000   Number         0  stubs.o ABSOLUTE
    _printf_lc                               0x00000000   Number         0  stubs.o ABSOLUTE
    _printf_ll                               0x00000000   Number         0  stubs.o ABSOLUTE
    _printf_lld                              0x00000000   Number         0  stubs.o ABSOLUTE
    _printf_lli                              0x00000000   Number         0  stubs.o ABSOLUTE
    _printf_llo                              0x00000000   Number         0  stubs.o ABSOLUTE
    _printf_llu                              0x00000000   Number         0  stubs.o ABSOLUTE
    _printf_llx                              0x00000000   Number         0  stubs.o ABSOLUTE
    _printf_longlong_dec                     0x00000000   Number         0  stubs.o ABSOLUTE
    _printf_longlong_hex                     0x00000000   Number         0  stubs.o ABSOLUTE
    _printf_longlong_oct                     0x00000000   Number         0  stubs.o ABSOLUTE
    _printf_ls                               0x00000000   Number         0  stubs.o ABSOLUTE
    _printf_mbtowc                           0x00000000   Number         0  stubs.o ABSOLUTE
    _printf_n                                0x00000000   Number         0  stubs.o ABSOLUTE
    _printf_o                                0x00000000   Number         0  stubs.o ABSOLUTE
    _printf_p                                0x00000000   Number         0  stubs.o ABSOLUTE
    _printf_percent                          0x00000000   Number         0  stubs.o ABSOLUTE
    _printf_pre_padding                      0x00000000   Number         0  stubs.o ABSOLUTE
    _printf_return_value                     0x00000000   Number         0  stubs.o ABSOLUTE
    _printf_s                                0x00000000   Number         0  stubs.o ABSOLUTE
    _printf_sizespec                         0x00000000   Number         0  stubs.o ABSOLUTE
    _printf_str                              0x00000000   Number         0  stubs.o ABSOLUTE
    _printf_truncate_signed                  0x00000000   Number         0  stubs.o ABSOLUTE
    _printf_truncate_unsigned                0x00000000   Number         0  stubs.o ABSOLUTE
    _printf_u                                0x00000000   Number         0  stubs.o ABSOLUTE
    _printf_wc                               0x00000000   Number         0  stubs.o ABSOLUTE
    _printf_wctomb                           0x00000000   Number         0  stubs.o ABSOLUTE
    _printf_widthprec                        0x00000000   Number         0  stubs.o ABSOLUTE
    _printf_x                                0x00000000   Number         0  stubs.o ABSOLUTE
    __cpp_initialize__aeabi_                  - Undefined Weak Reference
    __cxa_finalize                            - Undefined Weak Reference
    __decompress                              - Undefined Weak Reference
    _clock_init                               - Undefined Weak Reference
    _microlib_exit                            - Undefined Weak Reference
    __Vectors_Size                           0x00000130   Number         0  startup_stm32f10x_hd.o ABSOLUTE
    __Vectors                                0x08005000   Data           4  startup_stm32f10x_hd.o(RESET)
    __Vectors_End                            0x08005130   Data           0  startup_stm32f10x_hd.o(RESET)
    __main                                   0x08005131   Thumb Code     0  entry.o(.ARM.Collect$$$$00000000)
    _main_stk                                0x08005131   Thumb Code     0  entry2.o(.ARM.Collect$$$$00000001)
    _main_scatterload                        0x08005135   Thumb Code     0  entry5.o(.ARM.Collect$$$$00000004)
    __main_after_scatterload                 0x08005139   Thumb Code     0  entry5.o(.ARM.Collect$$$$00000004)
    _main_clock                              0x08005139   Thumb Code     0  entry7b.o(.ARM.Collect$$$$00000008)
    _main_cpp_init                           0x08005139   Thumb Code     0  entry8b.o(.ARM.Collect$$$$0000000A)
    _main_init                               0x08005139   Thumb Code     0  entry9a.o(.ARM.Collect$$$$0000000B)
    __rt_final_cpp                           0x08005141   Thumb Code     0  entry10a.o(.ARM.Collect$$$$0000000D)
    __rt_final_exit                          0x08005141   Thumb Code     0  entry11a.o(.ARM.Collect$$$$0000000F)
    Reset_Handler                            0x08005145   Thumb Code     8  startup_stm32f10x_hd.o(.text)
    SysTick_Handler                          0x0800515d   Thumb Code     2  startup_stm32f10x_hd.o(.text)
    ADC1_2_IRQHandler                        0x0800515f   Thumb Code     0  startup_stm32f10x_hd.o(.text)
    ADC3_IRQHandler                          0x0800515f   Thumb Code     0  startup_stm32f10x_hd.o(.text)
    CAN1_RX1_IRQHandler                      0x0800515f   Thumb Code     0  startup_stm32f10x_hd.o(.text)
    CAN1_SCE_IRQHandler                      0x0800515f   Thumb Code     0  startup_stm32f10x_hd.o(.text)
    DMA1_Channel1_IRQHandler                 0x0800515f   Thumb Code     0  startup_stm32f10x_hd.o(.text)
    DMA1_Channel2_IRQHandler                 0x0800515f   Thumb Code     0  startup_stm32f10x_hd.o(.text)
    DMA1_Channel3_IRQHandler                 0x0800515f   Thumb Code     0  startup_stm32f10x_hd.o(.text)
    DMA1_Channel4_IRQHandler                 0x0800515f   Thumb Code     0  startup_stm32f10x_hd.o(.text)
    DMA1_Channel5_IRQHandler                 0x0800515f   Thumb Code     0  startup_stm32f10x_hd.o(.text)
    DMA1_Channel6_IRQHandler                 0x0800515f   Thumb Code     0  startup_stm32f10x_hd.o(.text)
    DMA1_Channel7_IRQHandler                 0x0800515f   Thumb Code     0  startup_stm32f10x_hd.o(.text)
    DMA2_Channel1_IRQHandler                 0x0800515f   Thumb Code     0  startup_stm32f10x_hd.o(.text)
    DMA2_Channel2_IRQHandler                 0x0800515f   Thumb Code     0  startup_stm32f10x_hd.o(.text)
    DMA2_Channel3_IRQHandler                 0x0800515f   Thumb Code     0  startup_stm32f10x_hd.o(.text)
    DMA2_Channel4_5_IRQHandler               0x0800515f   Thumb Code     0  startup_stm32f10x_hd.o(.text)
    EXTI0_IRQHandler                         0x0800515f   Thumb Code     0  startup_stm32f10x_hd.o(.text)
    EXTI15_10_IRQHandler                     0x0800515f   Thumb Code     0  startup_stm32f10x_hd.o(.text)
    EXTI1_IRQHandler                         0x0800515f   Thumb Code     0  startup_stm32f10x_hd.o(.text)
    EXTI2_IRQHandler                         0x0800515f   Thumb Code     0  startup_stm32f10x_hd.o(.text)
    EXTI3_IRQHandler                         0x0800515f   Thumb Code     0  startup_stm32f10x_hd.o(.text)
    EXTI4_IRQHandler                         0x0800515f   Thumb Code     0  startup_stm32f10x_hd.o(.text)
    EXTI9_5_IRQHandler                       0x0800515f   Thumb Code     0  startup_stm32f10x_hd.o(.text)
    FLASH_IRQHandler                         0x0800515f   Thumb Code     0  startup_stm32f10x_hd.o(.text)
    FSMC_IRQHandler                          0x0800515f   Thumb Code     0  startup_stm32f10x_hd.o(.text)
    I2C1_ER_IRQHandler                       0x0800515f   Thumb Code     0  startup_stm32f10x_hd.o(.text)
    I2C1_EV_IRQHandler                       0x0800515f   Thumb Code     0  startup_stm32f10x_hd.o(.text)
    I2C2_ER_IRQHandler                       0x0800515f   Thumb Code     0  startup_stm32f10x_hd.o(.text)
    I2C2_EV_IRQHandler                       0x0800515f   Thumb Code     0  startup_stm32f10x_hd.o(.text)
    PVD_IRQHandler                           0x0800515f   Thumb Code     0  startup_stm32f10x_hd.o(.text)
    RCC_IRQHandler                           0x0800515f   Thumb Code     0  startup_stm32f10x_hd.o(.text)
    RTCAlarm_IRQHandler                      0x0800515f   Thumb Code     0  startup_stm32f10x_hd.o(.text)
    RTC_IRQHandler                           0x0800515f   Thumb Code     0  startup_stm32f10x_hd.o(.text)
    SDIO_IRQHandler                          0x0800515f   Thumb Code     0  startup_stm32f10x_hd.o(.text)
    SPI1_IRQHandler                          0x0800515f   Thumb Code     0  startup_stm32f10x_hd.o(.text)
    SPI2_IRQHandler                          0x0800515f   Thumb Code     0  startup_stm32f10x_hd.o(.text)
    SPI3_IRQHandler                          0x0800515f   Thumb Code     0  startup_stm32f10x_hd.o(.text)
    TAMPER_IRQHandler                        0x0800515f   Thumb Code     0  startup_stm32f10x_hd.o(.text)
    TIM1_BRK_IRQHandler                      0x0800515f   Thumb Code     0  startup_stm32f10x_hd.o(.text)
    TIM1_CC_IRQHandler                       0x0800515f   Thumb Code     0  startup_stm32f10x_hd.o(.text)
    TIM1_TRG_COM_IRQHandler                  0x0800515f   Thumb Code     0  startup_stm32f10x_hd.o(.text)
    TIM1_UP_IRQHandler                       0x0800515f   Thumb Code     0  startup_stm32f10x_hd.o(.text)
    TIM2_IRQHandler                          0x0800515f   Thumb Code     0  startup_stm32f10x_hd.o(.text)
    TIM5_IRQHandler                          0x0800515f   Thumb Code     0  startup_stm32f10x_hd.o(.text)
    TIM6_IRQHandler                          0x0800515f   Thumb Code     0  startup_stm32f10x_hd.o(.text)
    TIM7_IRQHandler                          0x0800515f   Thumb Code     0  startup_stm32f10x_hd.o(.text)
    TIM8_BRK_IRQHandler                      0x0800515f   Thumb Code     0  startup_stm32f10x_hd.o(.text)
    TIM8_CC_IRQHandler                       0x0800515f   Thumb Code     0  startup_stm32f10x_hd.o(.text)
    TIM8_TRG_COM_IRQHandler                  0x0800515f   Thumb Code     0  startup_stm32f10x_hd.o(.text)
    TIM8_UP_IRQHandler                       0x0800515f   Thumb Code     0  startup_stm32f10x_hd.o(.text)
    UART4_IRQHandler                         0x0800515f   Thumb Code     0  startup_stm32f10x_hd.o(.text)
    UART5_IRQHandler                         0x0800515f   Thumb Code     0  startup_stm32f10x_hd.o(.text)
    USART3_IRQHandler                        0x0800515f   Thumb Code     0  startup_stm32f10x_hd.o(.text)
    USBWakeUp_IRQHandler                     0x0800515f   Thumb Code     0  startup_stm32f10x_hd.o(.text)
    USB_HP_CAN1_TX_IRQHandler                0x0800515f   Thumb Code     0  startup_stm32f10x_hd.o(.text)
    USB_LP_CAN1_RX0_IRQHandler               0x0800515f   Thumb Code     0  startup_stm32f10x_hd.o(.text)
    WWDG_IRQHandler                          0x0800515f   Thumb Code     0  startup_stm32f10x_hd.o(.text)
    strlen                                   0x08005169   Thumb Code    14  strlen.o(.text)
    __aeabi_fmul                             0x08005177   Thumb Code   100  fmul.o(.text)
    __aeabi_dadd                             0x080051db   Thumb Code   322  dadd.o(.text)
    __aeabi_dsub                             0x0800531d   Thumb Code     6  dadd.o(.text)
    __aeabi_drsub                            0x08005323   Thumb Code     6  dadd.o(.text)
    __aeabi_dmul                             0x08005329   Thumb Code   228  dmul.o(.text)
    __aeabi_ddiv                             0x0800540d   Thumb Code   222  ddiv.o(.text)
    __ARM_scalbn                             0x080054eb   Thumb Code    46  dscalb.o(.text)
    scalbn                                   0x080054eb   Thumb Code     0  dscalb.o(.text)
    __aeabi_i2d                              0x08005519   Thumb Code    34  dflti.o(.text)
    __aeabi_ui2d                             0x0800553b   Thumb Code    26  dfltui.o(.text)
    __aeabi_l2d                              0x08005555   Thumb Code    40  dfltl.o(.text)
    __aeabi_f2uiz                            0x0800557d   Thumb Code    40  ffixui.o(.text)
    __aeabi_d2lz                             0x080055a5   Thumb Code    74  dfixl.o(.text)
    __aeabi_d2f                              0x080055ef   Thumb Code    56  d2f.o(.text)
    __aeabi_uldivmod                         0x08005627   Thumb Code    98  uldiv.o(.text)
    __aeabi_llsl                             0x08005689   Thumb Code    30  llshl.o(.text)
    _ll_shift_l                              0x08005689   Thumb Code     0  llshl.o(.text)
    __aeabi_llsr                             0x080056a7   Thumb Code    32  llushr.o(.text)
    _ll_ushift_r                             0x080056a7   Thumb Code     0  llushr.o(.text)
    __aeabi_lasr                             0x080056c7   Thumb Code    36  llsshr.o(.text)
    _ll_sshift_r                             0x080056c7   Thumb Code     0  llsshr.o(.text)
    __I$use$fp                               0x080056eb   Thumb Code     0  iusefp.o(.text)
    _float_round                             0x080056eb   Thumb Code    18  fepilogue.o(.text)
    _float_epilogue                          0x080056fd   Thumb Code    92  fepilogue.o(.text)
    _double_round                            0x08005759   Thumb Code    30  depilogue.o(.text)
    _double_epilogue                         0x08005777   Thumb Code   156  depilogue.o(.text)
    __scatterload                            0x08005815   Thumb Code    28  init.o(.text)
    __scatterload_rt2                        0x08005815   Thumb Code     0  init.o(.text)
    BusFault_Handler                         0x08005839   Thumb Code     2  stm32f10x_it.o(i.BusFault_Handler)
    DebugMon_Handler                         0x0800583b   Thumb Code     2  stm32f10x_it.o(i.DebugMon_Handler)
    FLASH_ErasePage                          0x0800583d   Thumb Code    56  stm32f10x_flash.o(i.FLASH_ErasePage)
    FLASH_GetBank1Status                     0x08005879   Thumb Code    34  stm32f10x_flash.o(i.FLASH_GetBank1Status)
    FLASH_GetStatus                          0x080058a1   Thumb Code    34  stm32f10x_flash.o(i.FLASH_GetStatus)
    FLASH_Lock                               0x080058c9   Thumb Code    12  stm32f10x_flash.o(i.FLASH_Lock)
    FLASH_PrefetchBufferCmd                  0x080058d9   Thumb Code    18  stm32f10x_flash.o(i.FLASH_PrefetchBufferCmd)
    FLASH_ProgramHalfWord                    0x080058f1   Thumb Code    48  stm32f10x_flash.o(i.FLASH_ProgramHalfWord)
    FLASH_ProgramWord                        0x08005925   Thumb Code    76  stm32f10x_flash.o(i.FLASH_ProgramWord)
    FLASH_SetLatency                         0x08005975   Thumb Code    14  stm32f10x_flash.o(i.FLASH_SetLatency)
    FLASH_Unlock                             0x08005989   Thumb Code    12  stm32f10x_flash.o(i.FLASH_Unlock)
    FLASH_WaitForLastOperation               0x080059a1   Thumb Code    34  stm32f10x_flash.o(i.FLASH_WaitForLastOperation)
    Flash_Storage_CRC16                      0x080059c3   Thumb Code    52  eeprom.o(i.Flash_Storage_CRC16)
    Flash_Storage_Init                       0x080059f9   Thumb Code    98  eeprom.o(i.Flash_Storage_Init)
    Flash_Storage_Load_Config                0x08005b09   Thumb Code   258  eeprom.o(i.Flash_Storage_Load_Config)
    Flash_Storage_Save_Config                0x08005cc9   Thumb Code   318  eeprom.o(i.Flash_Storage_Save_Config)
    GPIO_Init                                0x08005ebd   Thumb Code   156  stm32f10x_gpio.o(i.GPIO_Init)
    GPIO_ReadInputDataBit                    0x08005f59   Thumb Code    14  stm32f10x_gpio.o(i.GPIO_ReadInputDataBit)
    GPIO_ResetBits                           0x08005f67   Thumb Code     4  stm32f10x_gpio.o(i.GPIO_ResetBits)
    GPIO_SetBits                             0x08005f6b   Thumb Code     4  stm32f10x_gpio.o(i.GPIO_SetBits)
    HSE_SetSysClock                          0x08005f6f   Thumb Code   112  bsp_clkconfig.o(i.HSE_SetSysClock)
    HardFault_Handler                        0x08005fdf   Thumb Code     2  stm32f10x_it.o(i.HardFault_Handler)
    IWDG_Enable                              0x08005fe1   Thumb Code    10  stm32f10x_iwdg.o(i.IWDG_Enable)
    IWDG_Feed                                0x08005ff1   Thumb Code     4  wdg.o(i.IWDG_Feed)
    IWDG_Init                                0x08005ff5   Thumb Code    38  wdg.o(i.IWDG_Init)
    IWDG_ReloadCounter                       0x0800601d   Thumb Code    10  stm32f10x_iwdg.o(i.IWDG_ReloadCounter)
    IWDG_SetPrescaler                        0x0800602d   Thumb Code     6  stm32f10x_iwdg.o(i.IWDG_SetPrescaler)
    IWDG_SetReload                           0x08006039   Thumb Code     6  stm32f10x_iwdg.o(i.IWDG_SetReload)
    IWDG_WriteAccessCmd                      0x08006045   Thumb Code     6  stm32f10x_iwdg.o(i.IWDG_WriteAccessCmd)
    MS8607_I2C_RecvByte                      0x08006051   Thumb Code    88  ms8607.o(i.MS8607_I2C_RecvByte)
    MS8607_I2C_SendACK                       0x080060ad   Thumb Code    44  ms8607.o(i.MS8607_I2C_SendACK)
    MS8607_I2C_SendByte                      0x080060dd   Thumb Code    58  ms8607.o(i.MS8607_I2C_SendByte)
    MS8607_I2C_Start                         0x0800611d   Thumb Code    88  ms8607.o(i.MS8607_I2C_Start)
    MS8607_I2C_Stop                          0x08006179   Thumb Code    36  ms8607.o(i.MS8607_I2C_Stop)
    MS8607_I2C_WaitAck                       0x080061a1   Thumb Code    90  ms8607.o(i.MS8607_I2C_WaitAck)
    MS8607_IIC_Config                        0x08006201   Thumb Code    54  ms8607.o(i.MS8607_IIC_Config)
    MS8607_ReadDate                          0x0800623d   Thumb Code  1180  ms8607.o(i.MS8607_ReadDate)
    MemManage_Handler                        0x080066e9   Thumb Code     2  stm32f10x_it.o(i.MemManage_Handler)
    Modbus_CRC16                             0x080066ed   Thumb Code    38  modbus_crc.o(i.Modbus_CRC16)
    Modbus_Event                             0x08006719   Thumb Code   160  modbus.o(i.Modbus_Event)
    Modbus_Func16                            0x08006815   Thumb Code   162  modbus.o(i.Modbus_Func16)
    Modbus_Func3                             0x080068c1   Thumb Code   178  modbus.o(i.Modbus_Func3)
    Modbus_Func6                             0x0800697d   Thumb Code   400  modbus.o(i.Modbus_Func6)
    Modbus_Init                              0x08006b15   Thumb Code   220  modbus.o(i.Modbus_Init)
    Modbus_Save_Config                       0x08006c41   Thumb Code    72  modbus.o(i.Modbus_Save_Config)
    Modbus_Send_Byte                         0x08006cdd   Thumb Code    36  rs485.o(i.Modbus_Send_Byte)
    Modbus_uart2_init                        0x08006d05   Thumb Code   208  rs485.o(i.Modbus_uart2_init)
    Modbus_uart2_reconfig                    0x08006de1   Thumb Code    66  rs485.o(i.Modbus_uart2_reconfig)
    NMI_Handler                              0x08006e2d   Thumb Code     2  stm32f10x_it.o(i.NMI_Handler)
    NVIC_Init                                0x08006e31   Thumb Code    94  misc.o(i.NVIC_Init)
    NVIC_PriorityGroupConfig                 0x08006e95   Thumb Code    10  misc.o(i.NVIC_PriorityGroupConfig)
    PendSV_Handler                           0x08006ea9   Thumb Code     2  stm32f10x_it.o(i.PendSV_Handler)
    RCC_APB1PeriphClockCmd                   0x08006ead   Thumb Code    18  stm32f10x_rcc.o(i.RCC_APB1PeriphClockCmd)
    RCC_APB1PeriphResetCmd                   0x08006ec5   Thumb Code    18  stm32f10x_rcc.o(i.RCC_APB1PeriphResetCmd)
    RCC_APB2PeriphClockCmd                   0x08006edd   Thumb Code    18  stm32f10x_rcc.o(i.RCC_APB2PeriphClockCmd)
    RCC_DeInit                               0x08006ef5   Thumb Code    50  stm32f10x_rcc.o(i.RCC_DeInit)
    RCC_GetClocksFreq                        0x08006f35   Thumb Code   132  stm32f10x_rcc.o(i.RCC_GetClocksFreq)
    RCC_GetFlagStatus                        0x08006fc9   Thumb Code    42  stm32f10x_rcc.o(i.RCC_GetFlagStatus)
    RCC_GetSYSCLKSource                      0x08006ff9   Thumb Code    10  stm32f10x_rcc.o(i.RCC_GetSYSCLKSource)
    RCC_HCLKConfig                           0x08007009   Thumb Code    14  stm32f10x_rcc.o(i.RCC_HCLKConfig)
    RCC_HSEConfig                            0x0800701d   Thumb Code    48  stm32f10x_rcc.o(i.RCC_HSEConfig)
    RCC_PCLK1Config                          0x08007051   Thumb Code    14  stm32f10x_rcc.o(i.RCC_PCLK1Config)
    RCC_PCLK2Config                          0x08007065   Thumb Code    16  stm32f10x_rcc.o(i.RCC_PCLK2Config)
    RCC_PLLCmd                               0x08007079   Thumb Code     6  stm32f10x_rcc.o(i.RCC_PLLCmd)
    RCC_PLLConfig                            0x08007085   Thumb Code    16  stm32f10x_rcc.o(i.RCC_PLLConfig)
    RCC_SYSCLKConfig                         0x08007099   Thumb Code    14  stm32f10x_rcc.o(i.RCC_SYSCLKConfig)
    RCC_WaitForHSEStartUp                    0x080070ad   Thumb Code    44  stm32f10x_rcc.o(i.RCC_WaitForHSEStartUp)
    Read_PTPROM                              0x080070d9   Thumb Code   122  ms8607.o(i.Read_PTPROM)
    SVC_Handler                              0x08007153   Thumb Code     2  stm32f10x_it.o(i.SVC_Handler)
    SysTick_CLKSourceConfig                  0x080071fd   Thumb Code    24  misc.o(i.SysTick_CLKSourceConfig)
    SystemCoreClockUpdate                    0x08007215   Thumb Code    86  system_stm32f10x.o(i.SystemCoreClockUpdate)
    SystemInit                               0x0800727d   Thumb Code    64  system_stm32f10x.o(i.SystemInit)
    TIM3_IRQHandler                          0x080072cd   Thumb Code    82  timer.o(i.TIM3_IRQHandler)
    TIM3_Int_Init                            0x08007329   Thumb Code    92  timer.o(i.TIM3_Int_Init)
    TIM4_IRQHandler                          0x08007389   Thumb Code    48  timer.o(i.TIM4_IRQHandler)
    TIM4_Int_Init                            0x080073c1   Thumb Code    92  timer.o(i.TIM4_Int_Init)
    TIM_ClearITPendingBit                    0x08007421   Thumb Code     6  stm32f10x_tim.o(i.TIM_ClearITPendingBit)
    TIM_Cmd                                  0x08007427   Thumb Code    20  stm32f10x_tim.o(i.TIM_Cmd)
    TIM_GetITStatus                          0x0800743b   Thumb Code    24  stm32f10x_tim.o(i.TIM_GetITStatus)
    TIM_ITConfig                             0x08007453   Thumb Code    16  stm32f10x_tim.o(i.TIM_ITConfig)
    TIM_TimeBaseInit                         0x08007465   Thumb Code   114  stm32f10x_tim.o(i.TIM_TimeBaseInit)
    USART1_IRQHandler                        0x08007501   Thumb Code    88  usart.o(i.USART1_IRQHandler)
    USART2_IRQHandler                        0x08007565   Thumb Code    98  rs485.o(i.USART2_IRQHandler)
    USART_ClearFlag                          0x080075d1   Thumb Code     6  stm32f10x_usart.o(i.USART_ClearFlag)
    USART_Cmd                                0x080075d7   Thumb Code    20  stm32f10x_usart.o(i.USART_Cmd)
    USART_GetFlagStatus                      0x080075eb   Thumb Code    14  stm32f10x_usart.o(i.USART_GetFlagStatus)
    USART_GetITStatus                        0x080075f9   Thumb Code    62  stm32f10x_usart.o(i.USART_GetITStatus)
    USART_ITConfig                           0x08007637   Thumb Code    48  stm32f10x_usart.o(i.USART_ITConfig)
    USART_Init                               0x08007669   Thumb Code   166  stm32f10x_usart.o(i.USART_Init)
    USART_ReceiveData                        0x08007715   Thumb Code     8  stm32f10x_usart.o(i.USART_ReceiveData)
    USART_SendData                           0x0800771d   Thumb Code     8  stm32f10x_usart.o(i.USART_SendData)
    USART_Send_Data                          0x08007725   Thumb Code    60  rs485.o(i.USART_Send_Data)
    Update1                                  0x08007761   Thumb Code    54  modbus.o(i.Update1)
    Update2                                  0x0800779d   Thumb Code   148  modbus.o(i.Update2)
    UsageFault_Handler                       0x0800783d   Thumb Code     2  stm32f10x_it.o(i.UsageFault_Handler)
    Usart2_SendString                        0x08007841   Thumb Code    42  rs485.o(i.Usart2_SendString)
    Write_MS8607Cmd                          0x08007875   Thumb Code    52  ms8607.o(i.Write_MS8607Cmd)
    __0printf$8                              0x080078a9   Thumb Code    22  printf8.o(i.__0printf$8)
    __1printf$8                              0x080078a9   Thumb Code     0  printf8.o(i.__0printf$8)
    __2printf                                0x080078a9   Thumb Code     0  printf8.o(i.__0printf$8)
    __0snprintf$8                            0x080078c9   Thumb Code    44  printf8.o(i.__0snprintf$8)
    __1snprintf$8                            0x080078c9   Thumb Code     0  printf8.o(i.__0snprintf$8)
    __2snprintf                              0x080078c9   Thumb Code     0  printf8.o(i.__0snprintf$8)
    __scatterload_copy                       0x080078f9   Thumb Code    14  handlers.o(i.__scatterload_copy)
    __scatterload_null                       0x08007907   Thumb Code     2  handlers.o(i.__scatterload_null)
    __scatterload_zeroinit                   0x08007909   Thumb Code    14  handlers.o(i.__scatterload_zeroinit)
    crc4_PT                                  0x08007d91   Thumb Code    80  ms8607.o(i.crc4_PT)
    delay1us                                 0x08007de5   Thumb Code    16  ms8607.o(i.delay1us)
    delay_init                               0x08007df5   Thumb Code    46  delay.o(i.delay_init)
    delay_ms                                 0x08007e31   Thumb Code    46  delay.o(i.delay_ms)
    fputc                                    0x08007e65   Thumb Code    18  usart.o(i.fputc)
    main                                     0x08007e7d   Thumb Code   130  main.o(i.main)
    trigger_iap_update                       0x08007f15   Thumb Code    48  iap_trigger.o(i.trigger_iap_update)
    uart_init                                0x08007f4d   Thumb Code   152  usart.o(i.uart_init)
    auchCRCHi                                0x080080ec   Data         256  modbus_crc.o(.constdata)
    auchCRCLo                                0x080081ec   Data         256  modbus_crc.o(.constdata)
    Region$$Table$$Base                      0x080082ec   Number         0  anon$$obj.o(Region$$Table)
    Region$$Table$$Limit                     0x0800830c   Number         0  anon$$obj.o(Region$$Table)
    SystemCoreClock                          0x20000000   Data           4  system_stm32f10x.o(.data)
    AHBPrescTable                            0x20000004   Data          16  system_stm32f10x.o(.data)
    MMsec                                    0x20000014   Data           2  timer.o(.data)
    USART_RX_STA                             0x20000024   Data           2  usart.o(.data)
    __stdout                                 0x20000028   Data           4  usart.o(.data)
    modbus                                   0x20000040   Data         232  modbus.o(.bss)
    buffer1                                  0x20000128   Data          50  modbus.o(.bss)
    buffer2                                  0x2000015a   Data          50  modbus.o(.bss)
    Reg                                      0x2000018c   Data         256  modbus.o(.bss)
    MS8607                                   0x2000028c   Data          40  ms8607.o(.bss)
    USART_RX_BUF                             0x200002b4   Data         200  usart.o(.bss)
    __initial_sp                             0x20000780   Data           0  startup_stm32f10x_hd.o(STACK)



==============================================================================

Memory Map of the image

  Image Entry point : 0x08005131

  Load Region LR_IROM1 (Base: 0x08005000, Size: 0x0000334c, Max: 0x0000a800, ABSOLUTE)

    Execution Region ER_IROM1 (Exec base: 0x08005000, Load base: 0x08005000, Size: 0x0000330c, Max: 0x0000a800, ABSOLUTE)

    Exec Addr    Load Addr    Size         Type   Attr      Idx    E Section Name        Object

    0x08005000   0x08005000   0x00000130   Data   RO         1044    RESET               startup_stm32f10x_hd.o
    0x08005130   0x08005130   0x00000000   Code   RO         3998  * .ARM.Collect$$$$00000000  mc_w.l(entry.o)
    0x08005130   0x08005130   0x00000004   Code   RO         4286    .ARM.Collect$$$$00000001  mc_w.l(entry2.o)
    0x08005134   0x08005134   0x00000004   Code   RO         4289    .ARM.Collect$$$$00000004  mc_w.l(entry5.o)
    0x08005138   0x08005138   0x00000000   Code   RO         4291    .ARM.Collect$$$$00000008  mc_w.l(entry7b.o)
    0x08005138   0x08005138   0x00000000   Code   RO         4293    .ARM.Collect$$$$0000000A  mc_w.l(entry8b.o)
    0x08005138   0x08005138   0x00000008   Code   RO         4294    .ARM.Collect$$$$0000000B  mc_w.l(entry9a.o)
    0x08005140   0x08005140   0x00000000   Code   RO         4296    .ARM.Collect$$$$0000000D  mc_w.l(entry10a.o)
    0x08005140   0x08005140   0x00000000   Code   RO         4298    .ARM.Collect$$$$0000000F  mc_w.l(entry11a.o)
    0x08005140   0x08005140   0x00000004   Code   RO         4287    .ARM.Collect$$$$00002712  mc_w.l(entry2.o)
    0x08005144   0x08005144   0x00000024   Code   RO         1045    .text               startup_stm32f10x_hd.o
    0x08005168   0x08005168   0x0000000e   Code   RO         4001    .text               mc_w.l(strlen.o)
    0x08005176   0x08005176   0x00000064   Code   RO         4264    .text               mf_w.l(fmul.o)
    0x080051da   0x080051da   0x0000014e   Code   RO         4266    .text               mf_w.l(dadd.o)
    0x08005328   0x08005328   0x000000e4   Code   RO         4268    .text               mf_w.l(dmul.o)
    0x0800540c   0x0800540c   0x000000de   Code   RO         4270    .text               mf_w.l(ddiv.o)
    0x080054ea   0x080054ea   0x0000002e   Code   RO         4272    .text               mf_w.l(dscalb.o)
    0x08005518   0x08005518   0x00000022   Code   RO         4274    .text               mf_w.l(dflti.o)
    0x0800553a   0x0800553a   0x0000001a   Code   RO         4276    .text               mf_w.l(dfltui.o)
    0x08005554   0x08005554   0x00000028   Code   RO         4278    .text               mf_w.l(dfltl.o)
    0x0800557c   0x0800557c   0x00000028   Code   RO         4280    .text               mf_w.l(ffixui.o)
    0x080055a4   0x080055a4   0x0000004a   Code   RO         4282    .text               mf_w.l(dfixl.o)
    0x080055ee   0x080055ee   0x00000038   Code   RO         4284    .text               mf_w.l(d2f.o)
    0x08005626   0x08005626   0x00000062   Code   RO         4302    .text               mc_w.l(uldiv.o)
    0x08005688   0x08005688   0x0000001e   Code   RO         4304    .text               mc_w.l(llshl.o)
    0x080056a6   0x080056a6   0x00000020   Code   RO         4306    .text               mc_w.l(llushr.o)
    0x080056c6   0x080056c6   0x00000024   Code   RO         4308    .text               mc_w.l(llsshr.o)
    0x080056ea   0x080056ea   0x00000000   Code   RO         4310    .text               mc_w.l(iusefp.o)
    0x080056ea   0x080056ea   0x0000006e   Code   RO         4311    .text               mf_w.l(fepilogue.o)
    0x08005758   0x08005758   0x000000ba   Code   RO         4313    .text               mf_w.l(depilogue.o)
    0x08005812   0x08005812   0x00000002   PAD
    0x08005814   0x08005814   0x00000024   Code   RO         4319    .text               mc_w.l(init.o)
    0x08005838   0x08005838   0x00000002   Code   RO          148    i.BusFault_Handler  stm32f10x_it.o
    0x0800583a   0x0800583a   0x00000002   Code   RO          149    i.DebugMon_Handler  stm32f10x_it.o
    0x0800583c   0x0800583c   0x0000003c   Code   RO         1905    i.FLASH_ErasePage   stm32f10x_flash.o
    0x08005878   0x08005878   0x00000028   Code   RO         1906    i.FLASH_GetBank1Status  stm32f10x_flash.o
    0x080058a0   0x080058a0   0x00000028   Code   RO         1910    i.FLASH_GetStatus   stm32f10x_flash.o
    0x080058c8   0x080058c8   0x00000010   Code   RO         1915    i.FLASH_Lock        stm32f10x_flash.o
    0x080058d8   0x080058d8   0x00000018   Code   RO         1917    i.FLASH_PrefetchBufferCmd  stm32f10x_flash.o
    0x080058f0   0x080058f0   0x00000034   Code   RO         1918    i.FLASH_ProgramHalfWord  stm32f10x_flash.o
    0x08005924   0x08005924   0x00000050   Code   RO         1920    i.FLASH_ProgramWord  stm32f10x_flash.o
    0x08005974   0x08005974   0x00000014   Code   RO         1922    i.FLASH_SetLatency  stm32f10x_flash.o
    0x08005988   0x08005988   0x00000018   Code   RO         1923    i.FLASH_Unlock      stm32f10x_flash.o
    0x080059a0   0x080059a0   0x00000022   Code   RO         1927    i.FLASH_WaitForLastOperation  stm32f10x_flash.o
    0x080059c2   0x080059c2   0x00000034   Code   RO          706    i.Flash_Storage_CRC16  eeprom.o
    0x080059f6   0x080059f6   0x00000002   PAD
    0x080059f8   0x080059f8   0x00000110   Code   RO          707    i.Flash_Storage_Init  eeprom.o
    0x08005b08   0x08005b08   0x000001c0   Code   RO          708    i.Flash_Storage_Load_Config  eeprom.o
    0x08005cc8   0x08005cc8   0x000001f4   Code   RO          710    i.Flash_Storage_Save_Config  eeprom.o
    0x08005ebc   0x08005ebc   0x0000009c   Code   RO         2198    i.GPIO_Init         stm32f10x_gpio.o
    0x08005f58   0x08005f58   0x0000000e   Code   RO         2202    i.GPIO_ReadInputDataBit  stm32f10x_gpio.o
    0x08005f66   0x08005f66   0x00000004   Code   RO         2205    i.GPIO_ResetBits    stm32f10x_gpio.o
    0x08005f6a   0x08005f6a   0x00000004   Code   RO         2206    i.GPIO_SetBits      stm32f10x_gpio.o
    0x08005f6e   0x08005f6e   0x00000070   Code   RO          751    i.HSE_SetSysClock   bsp_clkconfig.o
    0x08005fde   0x08005fde   0x00000002   Code   RO          150    i.HardFault_Handler  stm32f10x_it.o
    0x08005fe0   0x08005fe0   0x00000010   Code   RO         2510    i.IWDG_Enable       stm32f10x_iwdg.o
    0x08005ff0   0x08005ff0   0x00000004   Code   RO          772    i.IWDG_Feed         wdg.o
    0x08005ff4   0x08005ff4   0x00000026   Code   RO          773    i.IWDG_Init         wdg.o
    0x0800601a   0x0800601a   0x00000002   PAD
    0x0800601c   0x0800601c   0x00000010   Code   RO         2512    i.IWDG_ReloadCounter  stm32f10x_iwdg.o
    0x0800602c   0x0800602c   0x0000000c   Code   RO         2513    i.IWDG_SetPrescaler  stm32f10x_iwdg.o
    0x08006038   0x08006038   0x0000000c   Code   RO         2514    i.IWDG_SetReload    stm32f10x_iwdg.o
    0x08006044   0x08006044   0x0000000c   Code   RO         2515    i.IWDG_WriteAccessCmd  stm32f10x_iwdg.o
    0x08006050   0x08006050   0x0000005c   Code   RO          793    i.MS8607_I2C_RecvByte  ms8607.o
    0x080060ac   0x080060ac   0x00000030   Code   RO          794    i.MS8607_I2C_SendACK  ms8607.o
    0x080060dc   0x080060dc   0x00000040   Code   RO          795    i.MS8607_I2C_SendByte  ms8607.o
    0x0800611c   0x0800611c   0x0000005c   Code   RO          796    i.MS8607_I2C_Start  ms8607.o
    0x08006178   0x08006178   0x00000028   Code   RO          797    i.MS8607_I2C_Stop   ms8607.o
    0x080061a0   0x080061a0   0x00000060   Code   RO          798    i.MS8607_I2C_WaitAck  ms8607.o
    0x08006200   0x08006200   0x0000003c   Code   RO          799    i.MS8607_IIC_Config  ms8607.o
    0x0800623c   0x0800623c   0x000004ac   Code   RO          800    i.MS8607_ReadDate   ms8607.o
    0x080066e8   0x080066e8   0x00000002   Code   RO          151    i.MemManage_Handler  stm32f10x_it.o
    0x080066ea   0x080066ea   0x00000002   PAD
    0x080066ec   0x080066ec   0x0000002c   Code   RO          688    i.Modbus_CRC16      modbus_crc.o
    0x08006718   0x08006718   0x000000fc   Code   RO          578    i.Modbus_Event      modbus.o
    0x08006814   0x08006814   0x000000ac   Code   RO          579    i.Modbus_Func16     modbus.o
    0x080068c0   0x080068c0   0x000000bc   Code   RO          580    i.Modbus_Func3      modbus.o
    0x0800697c   0x0800697c   0x00000198   Code   RO          581    i.Modbus_Func6      modbus.o
    0x08006b14   0x08006b14   0x0000012c   Code   RO          582    i.Modbus_Init       modbus.o
    0x08006c40   0x08006c40   0x0000009c   Code   RO          584    i.Modbus_Save_Config  modbus.o
    0x08006cdc   0x08006cdc   0x00000028   Code   RO          317    i.Modbus_Send_Byte  rs485.o
    0x08006d04   0x08006d04   0x000000dc   Code   RO          318    i.Modbus_uart2_init  rs485.o
    0x08006de0   0x08006de0   0x0000004c   Code   RO          319    i.Modbus_uart2_reconfig  rs485.o
    0x08006e2c   0x08006e2c   0x00000002   Code   RO          152    i.NMI_Handler       stm32f10x_it.o
    0x08006e2e   0x08006e2e   0x00000002   PAD
    0x08006e30   0x08006e30   0x00000064   Code   RO         1049    i.NVIC_Init         misc.o
    0x08006e94   0x08006e94   0x00000014   Code   RO         1050    i.NVIC_PriorityGroupConfig  misc.o
    0x08006ea8   0x08006ea8   0x00000002   Code   RO          153    i.PendSV_Handler    stm32f10x_it.o
    0x08006eaa   0x08006eaa   0x00000002   PAD
    0x08006eac   0x08006eac   0x00000018   Code   RO         2614    i.RCC_APB1PeriphClockCmd  stm32f10x_rcc.o
    0x08006ec4   0x08006ec4   0x00000018   Code   RO         2615    i.RCC_APB1PeriphResetCmd  stm32f10x_rcc.o
    0x08006edc   0x08006edc   0x00000018   Code   RO         2616    i.RCC_APB2PeriphClockCmd  stm32f10x_rcc.o
    0x08006ef4   0x08006ef4   0x00000040   Code   RO         2623    i.RCC_DeInit        stm32f10x_rcc.o
    0x08006f34   0x08006f34   0x00000094   Code   RO         2624    i.RCC_GetClocksFreq  stm32f10x_rcc.o
    0x08006fc8   0x08006fc8   0x00000030   Code   RO         2625    i.RCC_GetFlagStatus  stm32f10x_rcc.o
    0x08006ff8   0x08006ff8   0x00000010   Code   RO         2627    i.RCC_GetSYSCLKSource  stm32f10x_rcc.o
    0x08007008   0x08007008   0x00000014   Code   RO         2628    i.RCC_HCLKConfig    stm32f10x_rcc.o
    0x0800701c   0x0800701c   0x00000034   Code   RO         2629    i.RCC_HSEConfig     stm32f10x_rcc.o
    0x08007050   0x08007050   0x00000014   Code   RO         2635    i.RCC_PCLK1Config   stm32f10x_rcc.o
    0x08007064   0x08007064   0x00000014   Code   RO         2636    i.RCC_PCLK2Config   stm32f10x_rcc.o
    0x08007078   0x08007078   0x0000000c   Code   RO         2637    i.RCC_PLLCmd        stm32f10x_rcc.o
    0x08007084   0x08007084   0x00000014   Code   RO         2638    i.RCC_PLLConfig     stm32f10x_rcc.o
    0x08007098   0x08007098   0x00000014   Code   RO         2641    i.RCC_SYSCLKConfig  stm32f10x_rcc.o
    0x080070ac   0x080070ac   0x0000002c   Code   RO         2643    i.RCC_WaitForHSEStartUp  stm32f10x_rcc.o
    0x080070d8   0x080070d8   0x0000007a   Code   RO          801    i.Read_PTPROM       ms8607.o
    0x08007152   0x08007152   0x00000002   Code   RO          154    i.SVC_Handler       stm32f10x_it.o
    0x08007154   0x08007154   0x000000a8   Code   RO          288    i.SetSysClockTo72   system_stm32f10x.o
    0x080071fc   0x080071fc   0x00000018   Code   RO         1053    i.SysTick_CLKSourceConfig  misc.o
    0x08007214   0x08007214   0x00000068   Code   RO          289    i.SystemCoreClockUpdate  system_stm32f10x.o
    0x0800727c   0x0800727c   0x00000050   Code   RO          290    i.SystemInit        system_stm32f10x.o
    0x080072cc   0x080072cc   0x0000005c   Code   RO          428    i.TIM3_IRQHandler   timer.o
    0x08007328   0x08007328   0x00000060   Code   RO          429    i.TIM3_Int_Init     timer.o
    0x08007388   0x08007388   0x00000038   Code   RO          430    i.TIM4_IRQHandler   timer.o
    0x080073c0   0x080073c0   0x00000060   Code   RO          431    i.TIM4_Int_Init     timer.o
    0x08007420   0x08007420   0x00000006   Code   RO         3240    i.TIM_ClearITPendingBit  stm32f10x_tim.o
    0x08007426   0x08007426   0x00000014   Code   RO         3245    i.TIM_Cmd           stm32f10x_tim.o
    0x0800743a   0x0800743a   0x00000018   Code   RO         3266    i.TIM_GetITStatus   stm32f10x_tim.o
    0x08007452   0x08007452   0x00000010   Code   RO         3270    i.TIM_ITConfig      stm32f10x_tim.o
    0x08007462   0x08007462   0x00000002   PAD
    0x08007464   0x08007464   0x0000009c   Code   RO         3316    i.TIM_TimeBaseInit  stm32f10x_tim.o
    0x08007500   0x08007500   0x00000064   Code   RO          990    i.USART1_IRQHandler  usart.o
    0x08007564   0x08007564   0x0000006c   Code   RO          320    i.USART2_IRQHandler  rs485.o
    0x080075d0   0x080075d0   0x00000006   Code   RO         3764    i.USART_ClearFlag   stm32f10x_usart.o
    0x080075d6   0x080075d6   0x00000014   Code   RO         3768    i.USART_Cmd         stm32f10x_usart.o
    0x080075ea   0x080075ea   0x0000000e   Code   RO         3771    i.USART_GetFlagStatus  stm32f10x_usart.o
    0x080075f8   0x080075f8   0x0000003e   Code   RO         3772    i.USART_GetITStatus  stm32f10x_usart.o
    0x08007636   0x08007636   0x00000030   Code   RO         3774    i.USART_ITConfig    stm32f10x_usart.o
    0x08007666   0x08007666   0x00000002   PAD
    0x08007668   0x08007668   0x000000ac   Code   RO         3775    i.USART_Init        stm32f10x_usart.o
    0x08007714   0x08007714   0x00000008   Code   RO         3782    i.USART_ReceiveData  stm32f10x_usart.o
    0x0800771c   0x0800771c   0x00000008   Code   RO         3785    i.USART_SendData    stm32f10x_usart.o
    0x08007724   0x08007724   0x0000003c   Code   RO          321    i.USART_Send_Data   rs485.o
    0x08007760   0x08007760   0x0000003c   Code   RO          585    i.Update1           modbus.o
    0x0800779c   0x0800779c   0x000000a0   Code   RO          586    i.Update2           modbus.o
    0x0800783c   0x0800783c   0x00000002   Code   RO          155    i.UsageFault_Handler  stm32f10x_it.o
    0x0800783e   0x0800783e   0x00000002   PAD
    0x08007840   0x08007840   0x00000034   Code   RO          323    i.Usart2_SendString  rs485.o
    0x08007874   0x08007874   0x00000034   Code   RO          802    i.Write_MS8607Cmd   ms8607.o
    0x080078a8   0x080078a8   0x00000020   Code   RO         4210    i.__0printf$8       mc_w.l(printf8.o)
    0x080078c8   0x080078c8   0x00000030   Code   RO         4211    i.__0snprintf$8     mc_w.l(printf8.o)
    0x080078f8   0x080078f8   0x0000000e   Code   RO         4323    i.__scatterload_copy  mc_w.l(handlers.o)
    0x08007906   0x08007906   0x00000002   Code   RO         4324    i.__scatterload_null  mc_w.l(handlers.o)
    0x08007908   0x08007908   0x0000000e   Code   RO         4325    i.__scatterload_zeroinit  mc_w.l(handlers.o)
    0x08007916   0x08007916   0x00000002   PAD
    0x08007918   0x08007918   0x00000410   Code   RO         4217    i._printf_core      mc_w.l(printf8.o)
    0x08007d28   0x08007d28   0x00000024   Code   RO         4218    i._printf_post_padding  mc_w.l(printf8.o)
    0x08007d4c   0x08007d4c   0x0000002e   Code   RO         4219    i._printf_pre_padding  mc_w.l(printf8.o)
    0x08007d7a   0x08007d7a   0x00000016   Code   RO         4220    i._snputc           mc_w.l(printf8.o)
    0x08007d90   0x08007d90   0x00000054   Code   RO          804    i.crc4_PT           ms8607.o
    0x08007de4   0x08007de4   0x00000010   Code   RO          806    i.delay1us          ms8607.o
    0x08007df4   0x08007df4   0x0000003c   Code   RO          917    i.delay_init        delay.o
    0x08007e30   0x08007e30   0x00000034   Code   RO          918    i.delay_ms          delay.o
    0x08007e64   0x08007e64   0x00000018   Code   RO          992    i.fputc             usart.o
    0x08007e7c   0x08007e7c   0x00000098   Code   RO            1    i.main              main.o
    0x08007f14   0x08007f14   0x00000038   Code   RO          893    i.trigger_iap_update  iap_trigger.o
    0x08007f4c   0x08007f4c   0x000000a0   Code   RO          993    i.uart_init         usart.o
    0x08007fec   0x08007fec   0x00000100   Code   RO          894    i.write_update_flag  iap_trigger.o
    0x080080ec   0x080080ec   0x00000200   Data   RO          689    .constdata          modbus_crc.o
    0x080082ec   0x080082ec   0x00000020   Data   RO         4321    Region$$Table       anon$$obj.o


    Execution Region RW_IRAM1 (Exec base: 0x20000000, Load base: 0x0800830c, Size: 0x00000780, Max: 0x00005000, ABSOLUTE)

    Exec Addr    Load Addr    Size         Type   Attr      Idx    E Section Name        Object

    0x20000000   0x0800830c   0x00000014   Data   RW          291    .data               system_stm32f10x.o
    0x20000014   0x08008320   0x00000002   Data   RW          435    .data               timer.o
    0x20000016   0x08008322   0x00000002   PAD
    0x20000018   0x08008324   0x00000008   Data   RW          808    .data               ms8607.o
    0x20000020   0x0800832c   0x00000004   Data   RW          920    .data               delay.o
    0x20000024   0x08008330   0x00000002   Data   RW          995    .data               usart.o
    0x20000026   0x08008332   0x00000002   PAD
    0x20000028   0x08008334   0x00000004   Data   RW          996    .data               usart.o
    0x2000002c   0x08008338   0x00000014   Data   RW         2644    .data               stm32f10x_rcc.o
    0x20000040        -       0x0000024c   Zero   RW          588    .bss                modbus.o
    0x2000028c        -       0x00000028   Zero   RW          807    .bss                ms8607.o
    0x200002b4        -       0x000000c8   Zero   RW          994    .bss                usart.o
    0x2000037c   0x0800834c   0x00000004   PAD
    0x20000380        -       0x00000400   Zero   RW         1042    STACK               startup_stm32f10x_hd.o


==============================================================================

Image component sizes


      Code (inc. data)   RO Data    RW Data    ZI Data      Debug   Object Name

       112          0          0          0          0        950   bsp_clkconfig.o
       112         20          0          4          0       1172   delay.o
      1272        546          0          0          0       5243   eeprom.o
       312         24          0          0          0      17380   iap_trigger.o
       152         22          0          0          0      13335   main.o
       144         16          0          0          0       2041   misc.o
      1696        302          0          0        588     209414   modbus.o
        44          6        512          0          0       1221   modbus_crc.o
      1962         88          0          8         40       9959   ms8607.o
       556         46          0          0          0     207369   rs485.o
        36          8        304          0       1024        780   startup_stm32f10x_hd.o
       390         52          0          0          0       7610   stm32f10x_flash.o
       178          0          0          0          0       3676   stm32f10x_gpio.o
        16          0          0          0          0      53036   stm32f10x_it.o
        68         30          0          0          0       2410   stm32f10x_iwdg.o
       556         96          0         20          0      10919   stm32f10x_rcc.o
       222         42          0          0          0       4445   stm32f10x_tim.o
       338          6          0          0          0       6807   stm32f10x_usart.o
         0          0          0          0          0         32   sys.o
       352         42          0         20          0       2377   system_stm32f10x.o
       340         26          0          2          0     226615   timer.o
       284         26          0          6        200       3640   usart.o
        42          0          0          0          0        928   wdg.o

    ----------------------------------------------------------------------
      9200       1398        848         64       1856     791359   Object Totals
         0          0         32          0          0          0   (incl. Generated)
        16          0          0          4          4          0   (incl. Padding)

    ----------------------------------------------------------------------

      Code (inc. data)   RO Data    RW Data    ZI Data      Debug   Library Member Name

         0          0          0          0          0          0   entry.o
         0          0          0          0          0          0   entry10a.o
         0          0          0          0          0          0   entry11a.o
         8          4          0          0          0          0   entry2.o
         4          0          0          0          0          0   entry5.o
         0          0          0          0          0          0   entry7b.o
         0          0          0          0          0          0   entry8b.o
         8          4          0          0          0          0   entry9a.o
        30          0          0          0          0          0   handlers.o
        36          8          0          0          0         68   init.o
         0          0          0          0          0          0   iusefp.o
        30          0          0          0          0         68   llshl.o
        36          0          0          0          0         68   llsshr.o
        32          0          0          0          0         68   llushr.o
      1224         58          0          0          0        504   printf8.o
        14          0          0          0          0         68   strlen.o
        98          0          0          0          0         92   uldiv.o
        56          0          0          0          0         88   d2f.o
       334          0          0          0          0        148   dadd.o
       222          0          0          0          0        100   ddiv.o
       186          0          0          0          0        176   depilogue.o
        74          0          0          0          0         80   dfixl.o
        34          0          0          0          0         76   dflti.o
        40          0          0          0          0         80   dfltl.o
        26          0          0          0          0         76   dfltui.o
       228          0          0          0          0         96   dmul.o
        46          0          0          0          0         80   dscalb.o
       110          0          0          0          0        168   fepilogue.o
        40          0          0          0          0         68   ffixui.o
       100          0          0          0          0         76   fmul.o

    ----------------------------------------------------------------------
      3020         74          0          0          0       2248   Library Totals
         4          0          0          0          0          0   (incl. Padding)

    ----------------------------------------------------------------------

      Code (inc. data)   RO Data    RW Data    ZI Data      Debug   Library Name

      1520         74          0          0          0        936   mc_w.l
      1496          0          0          0          0       1312   mf_w.l

    ----------------------------------------------------------------------
      3020         74          0          0          0       2248   Library Totals

    ----------------------------------------------------------------------

==============================================================================


      Code (inc. data)   RO Data    RW Data    ZI Data      Debug   

     12220       1472        848         64       1856     787155   Grand Totals
     12220       1472        848         64       1856     787155   ELF Image Totals
     12220       1472        848         64          0          0   ROM Totals

==============================================================================

    Total RO  Size (Code + RO Data)                13068 (  12.76kB)
    Total RW  Size (RW Data + ZI Data)              1920 (   1.88kB)
    Total ROM Size (Code + RO Data + RW Data)      13132 (  12.82kB)

==============================================================================

