Component: ARM Compiler 5.06 update 6 (build 750) Tool: armlink [4d35ed]

==============================================================================

Section Cross References

    main.o(i.active_image_valid) refers to crc_check.o(i.boot_image_is_valid) for boot_image_is_valid
    main.o(i.backup_image_valid) refers to crc_check.o(i.boot_backup_is_valid) for boot_backup_is_valid
    main.o(i.direct_image_valid) refers to crc_check.o(i.boot_image_is_valid) for boot_image_is_valid
    main.o(i.enter_update_mode) refers to boot_flag.o(i.boot_metadata_write) for boot_metadata_write
    main.o(i.enter_update_mode) refers to ymodem.o(i.ymodem_reset_transfer) for ymodem_reset_transfer
    main.o(i.enter_update_mode) refers to ymodem.o(i.set_ymodem_status) for set_ymodem_status
    main.o(i.fallback_to_confirmed_app) refers to main.o(i.backup_image_valid) for backup_image_valid
    main.o(i.fallback_to_confirmed_app) refers to main.o(i.active_image_valid) for active_image_valid
    main.o(i.fallback_to_confirmed_app) refers to boot_flag.o(i.boot_restore_backup) for boot_restore_backup
    main.o(i.fallback_to_confirmed_app) refers to boot_flag.o(i.boot_metadata_write) for boot_metadata_write
    main.o(i.main) refers to bsp_clkconfig.o(i.HSE_SetSysClock) for HSE_SetSysClock
    main.o(i.main) refers to delay.o(i.delay_init) for delay_init
    main.o(i.main) refers to ymodem.o(i.ymodem_init) for ymodem_init
    main.o(i.main) refers to boot_flag.o(i.boot_metadata_read) for boot_metadata_read
    main.o(i.main) refers to rt_memclr_w.o(.text) for __aeabi_memclr4
    main.o(i.main) refers to crc_check.o(i.boot_image_is_valid) for boot_image_is_valid
    main.o(i.main) refers to boot_flag.o(i.boot_metadata_write) for boot_metadata_write
    main.o(i.main) refers to main.o(i.enter_update_mode) for enter_update_mode
    main.o(i.main) refers to main.o(i.active_image_valid) for active_image_valid
    main.o(i.main) refers to ymodem.o(i.set_ymodem_status) for set_ymodem_status
    main.o(i.main) refers to main.o(i.direct_image_valid) for direct_image_valid
    main.o(i.main) refers to main.o(i.fallback_to_confirmed_app) for fallback_to_confirmed_app
    main.o(i.main) refers to main.o(i.prepare_update) for prepare_update
    main.o(i.main) refers to main.o(i.recover_receiving) for recover_receiving
    main.o(i.main) refers to ymodem.o(i.get_ymodem_status) for get_ymodem_status
    main.o(i.main) refers to delay.o(i.delay_ms) for delay_ms
    main.o(i.main) refers to bootloader.o(i.jump_app) for jump_app
    main.o(i.main) refers to ymodem.o(i.ymodem_reset_transfer) for ymodem_reset_transfer
    main.o(i.main) refers to ymodem.o(i.ymodem_c) for ymodem_c
    main.o(i.main) refers to ymodem.o(i.ymodem_take_rx_activity) for ymodem_take_rx_activity
    main.o(i.main) refers to ymodem.o(i.ymodem_abort_transfer) for ymodem_abort_transfer
    main.o(i.main) refers to bootloader.o(i.system_reboot) for system_reboot
    main.o(i.main) refers to ymodem.o(.data) for ymodem
    main.o(i.prepare_update) refers to main.o(i.active_image_valid) for active_image_valid
    main.o(i.prepare_update) refers to boot_flag.o(i.boot_metadata_write) for boot_metadata_write
    main.o(i.prepare_update) refers to boot_flag.o(i.boot_copy_image) for boot_copy_image
    main.o(i.prepare_update) refers to main.o(i.backup_image_valid) for backup_image_valid
    main.o(i.recover_receiving) refers to main.o(i.active_image_valid) for active_image_valid
    main.o(i.recover_receiving) refers to main.o(i.backup_image_valid) for backup_image_valid
    main.o(i.recover_receiving) refers to boot_flag.o(i.boot_copy_image) for boot_copy_image
    main.o(i.recover_receiving) refers to boot_flag.o(i.boot_metadata_write) for boot_metadata_write
    system_stm32f10x.o(i.SetSysClock) refers to system_stm32f10x.o(i.SetSysClockTo72) for SetSysClockTo72
    system_stm32f10x.o(i.SystemCoreClockUpdate) refers to system_stm32f10x.o(.data) for SystemCoreClock
    system_stm32f10x.o(i.SystemInit) refers to system_stm32f10x.o(i.SetSysClock) for SetSysClock
    rs485.o(i.RS485_Init) refers to stm32f10x_rcc.o(i.RCC_APB1PeriphClockCmd) for RCC_APB1PeriphClockCmd
    rs485.o(i.RS485_Init) refers to stm32f10x_rcc.o(i.RCC_APB2PeriphClockCmd) for RCC_APB2PeriphClockCmd
    rs485.o(i.RS485_Init) refers to stm32f10x_gpio.o(i.GPIO_Init) for GPIO_Init
    rs485.o(i.RS485_Init) refers to stm32f10x_rcc.o(i.RCC_APB1PeriphResetCmd) for RCC_APB1PeriphResetCmd
    rs485.o(i.RS485_Init) refers to stm32f10x_usart.o(i.USART_Init) for USART_Init
    rs485.o(i.RS485_Init) refers to misc.o(i.NVIC_Init) for NVIC_Init
    rs485.o(i.RS485_Init) refers to stm32f10x_usart.o(i.USART_ITConfig) for USART_ITConfig
    rs485.o(i.RS485_Init) refers to stm32f10x_usart.o(i.USART_Cmd) for USART_Cmd
    rs485.o(i.RS485_Init) refers to stm32f10x_gpio.o(i.GPIO_ResetBits) for GPIO_ResetBits
    rs485.o(i.RS485_Receive_Data) refers to rs485.o(.data) for RS485_RX_CNT
[...]
    Removing stm32f10x_tim.o(i.TIM_ForcedOC3Config), (18 bytes).
    Removing stm32f10x_tim.o(i.TIM_ForcedOC4Config), (26 bytes).
    Removing stm32f10x_tim.o(i.TIM_GenerateEvent), (4 bytes).
    Removing stm32f10x_tim.o(i.TIM_GetCapture1), (6 bytes).
    Removing stm32f10x_tim.o(i.TIM_GetCapture2), (6 bytes).
    Removing stm32f10x_tim.o(i.TIM_GetCapture3), (6 bytes).
    Removing stm32f10x_tim.o(i.TIM_GetCapture4), (8 bytes).
    Removing stm32f10x_tim.o(i.TIM_GetCounter), (6 bytes).
    Removing stm32f10x_tim.o(i.TIM_GetFlagStatus), (18 bytes).
    Removing stm32f10x_tim.o(i.TIM_GetPrescaler), (6 bytes).
    Removing stm32f10x_tim.o(i.TIM_ICInit), (172 bytes).
    Removing stm32f10x_tim.o(i.TIM_ICStructInit), (18 bytes).
    Removing stm32f10x_tim.o(i.TIM_ITRxExternalClockConfig), (24 bytes).
    Removing stm32f10x_tim.o(i.TIM_InternalClockConfig), (12 bytes).
    Removing stm32f10x_tim.o(i.TIM_OC1FastConfig), (18 bytes).
    Removing stm32f10x_tim.o(i.TIM_OC1Init), (152 bytes).
    Removing stm32f10x_tim.o(i.TIM_OC1NPolarityConfig), (18 bytes).
    Removing stm32f10x_tim.o(i.TIM_OC1PolarityConfig), (18 bytes).
    Removing stm32f10x_tim.o(i.TIM_OC1PreloadConfig), (18 bytes).
    Removing stm32f10x_tim.o(i.TIM_OC2FastConfig), (26 bytes).
    Removing stm32f10x_tim.o(i.TIM_OC2Init), (164 bytes).
    Removing stm32f10x_tim.o(i.TIM_OC2NPolarityConfig), (26 bytes).
    Removing stm32f10x_tim.o(i.TIM_OC2PolarityConfig), (26 bytes).
    Removing stm32f10x_tim.o(i.TIM_OC2PreloadConfig), (26 bytes).
    Removing stm32f10x_tim.o(i.TIM_OC3FastConfig), (18 bytes).
    Removing stm32f10x_tim.o(i.TIM_OC3Init), (160 bytes).
    Removing stm32f10x_tim.o(i.TIM_OC3NPolarityConfig), (26 bytes).
    Removing stm32f10x_tim.o(i.TIM_OC3PolarityConfig), (26 bytes).
    Removing stm32f10x_tim.o(i.TIM_OC3PreloadConfig), (18 bytes).
    Removing stm32f10x_tim.o(i.TIM_OC4FastConfig), (26 bytes).
    Removing stm32f10x_tim.o(i.TIM_OC4Init), (124 bytes).
    Removing stm32f10x_tim.o(i.TIM_OC4PolarityConfig), (26 bytes).
    Removing stm32f10x_tim.o(i.TIM_OC4PreloadConfig), (26 bytes).
    Removing stm32f10x_tim.o(i.TIM_OCStructInit), (20 bytes).
    Removing stm32f10x_tim.o(i.TIM_PWMIConfig), (124 bytes).
    Removing stm32f10x_tim.o(i.TIM_PrescalerConfig), (6 bytes).
    Removing stm32f10x_tim.o(i.TIM_SelectCCDMA), (24 bytes).
    Removing stm32f10x_tim.o(i.TIM_SelectCOM), (24 bytes).
    Removing stm32f10x_tim.o(i.TIM_SelectHallSensor), (24 bytes).
    Removing stm32f10x_tim.o(i.TIM_SelectInputTrigger), (18 bytes).
    Removing stm32f10x_tim.o(i.TIM_SelectMasterSlaveMode), (18 bytes).
    Removing stm32f10x_tim.o(i.TIM_SelectOCxM), (82 bytes).
    Removing stm32f10x_tim.o(i.TIM_SelectOnePulseMode), (18 bytes).
    Removing stm32f10x_tim.o(i.TIM_SelectOutputTrigger), (18 bytes).
    Removing stm32f10x_tim.o(i.TIM_SelectSlaveMode), (18 bytes).
    Removing stm32f10x_tim.o(i.TIM_SetAutoreload), (4 bytes).
    Removing stm32f10x_tim.o(i.TIM_SetClockDivision), (18 bytes).
    Removing stm32f10x_tim.o(i.TIM_SetCompare1), (4 bytes).
    Removing stm32f10x_tim.o(i.TIM_SetCompare2), (4 bytes).
    Removing stm32f10x_tim.o(i.TIM_SetCompare3), (4 bytes).
    Removing stm32f10x_tim.o(i.TIM_SetCompare4), (6 bytes).
    Removing stm32f10x_tim.o(i.TIM_SetCounter), (4 bytes).
    Removing stm32f10x_tim.o(i.TIM_SetIC1Prescaler), (18 bytes).
    Removing stm32f10x_tim.o(i.TIM_SetIC2Prescaler), (26 bytes).
    Removing stm32f10x_tim.o(i.TIM_SetIC3Prescaler), (18 bytes).
    Removing stm32f10x_tim.o(i.TIM_SetIC4Prescaler), (26 bytes).
    Removing stm32f10x_tim.o(i.TIM_TIxExternalClockConfig), (62 bytes).
    Removing stm32f10x_tim.o(i.TIM_TimeBaseStructInit), (18 bytes).
    Removing stm32f10x_tim.o(i.TIM_UpdateDisableConfig), (24 bytes).
    Removing stm32f10x_tim.o(i.TIM_UpdateRequestConfig), (24 bytes).
    Removing stm32f10x_usart.o(i.USART_ClearFlag), (18 bytes).
    Removing stm32f10x_usart.o(i.USART_ClearITPendingBit), (30 bytes).
    Removing stm32f10x_usart.o(i.USART_ClockInit), (34 bytes).
    Removing stm32f10x_usart.o(i.USART_ClockStructInit), (12 bytes).
    Removing stm32f10x_usart.o(i.USART_DMACmd), (18 bytes).
    Removing stm32f10x_usart.o(i.USART_DeInit), (156 bytes).
    Removing stm32f10x_usart.o(i.USART_HalfDuplexCmd), (24 bytes).
    Removing stm32f10x_usart.o(i.USART_IrDACmd), (24 bytes).
    Removing stm32f10x_usart.o(i.USART_IrDAConfig), (18 bytes).
    Removing stm32f10x_usart.o(i.USART_LINBreakDetectLengthConfig), (18 bytes).
    Removing stm32f10x_usart.o(i.USART_LINCmd), (24 bytes).
    Removing stm32f10x_usart.o(i.USART_OneBitMethodCmd), (24 bytes).
    Removing stm32f10x_usart.o(i.USART_OverSampling8Cmd), (22 bytes).
    Removing stm32f10x_usart.o(i.USART_ReceiverWakeUpCmd), (24 bytes).
    Removing stm32f10x_usart.o(i.USART_SendBreak), (10 bytes).
    Removing stm32f10x_usart.o(i.USART_SetAddress), (18 bytes).
    Removing stm32f10x_usart.o(i.USART_SetGuardTime), (16 bytes).
    Removing stm32f10x_usart.o(i.USART_SetPrescaler), (16 bytes).
    Removing stm32f10x_usart.o(i.USART_SmartCardCmd), (24 bytes).
    Removing stm32f10x_usart.o(i.USART_SmartCardNACKCmd), (24 bytes).
    Removing stm32f10x_usart.o(i.USART_StructInit), (24 bytes).
    Removing stm32f10x_usart.o(i.USART_WakeUpConfig), (18 bytes).
    Removing stm32f10x_wwdg.o(i.WWDG_ClearFlag), (12 bytes).
    Removing stm32f10x_wwdg.o(i.WWDG_DeInit), (22 bytes).
    Removing stm32f10x_wwdg.o(i.WWDG_Enable), (16 bytes).
    Removing stm32f10x_wwdg.o(i.WWDG_EnableIT), (12 bytes).
    Removing stm32f10x_wwdg.o(i.WWDG_GetFlagStatus), (12 bytes).
    Removing stm32f10x_wwdg.o(i.WWDG_SetCounter), (16 bytes).
    Removing stm32f10x_wwdg.o(i.WWDG_SetPrescaler), (24 bytes).
    Removing stm32f10x_wwdg.o(i.WWDG_SetWindowValue), (40 bytes).

451 unused section(s) (total 17838 bytes) removed from the image.

==============================================================================

Image Symbol Table

    Local Symbols

    Symbol Name                              Value     Ov Type        Size  Object(Section)

    ../clib/angel/boardlib.s                 0x00000000   Number         0  boardinit3.o ABSOLUTE
    ../clib/angel/boardlib.s                 0x00000000   Number         0  boardinit1.o ABSOLUTE
    ../clib/angel/boardlib.s                 0x00000000   Number         0  boardshut.o ABSOLUTE
    ../clib/angel/boardlib.s                 0x00000000   Number         0  boardinit2.o ABSOLUTE
    ../clib/angel/handlers.s                 0x00000000   Number         0  __scatter_zi.o ABSOLUTE
    ../clib/angel/handlers.s                 0x00000000   Number         0  __scatter_copy.o ABSOLUTE
    ../clib/angel/kernel.s                   0x00000000   Number         0  rtexit2.o ABSOLUTE
    ../clib/angel/kernel.s                   0x00000000   Number         0  rtexit.o ABSOLUTE
    ../clib/angel/kernel.s                   0x00000000   Number         0  __rtentry4.o ABSOLUTE
    ../clib/angel/kernel.s                   0x00000000   Number         0  __rtentry2.o ABSOLUTE
    ../clib/angel/kernel.s                   0x00000000   Number         0  __rtentry.o ABSOLUTE
    ../clib/angel/rt.s                       0x00000000   Number         0  rt_raise.o ABSOLUTE
    ../clib/angel/scatter.s                  0x00000000   Number         0  __scatter.o ABSOLUTE
    ../clib/angel/startup.s                  0x00000000   Number         0  __main.o ABSOLUTE
    ../clib/angel/sys.s                      0x00000000   Number         0  use_no_semi.o ABSOLUTE
    ../clib/angel/sys.s                      0x00000000   Number         0  use_no_semi_2.o ABSOLUTE
    ../clib/angel/sys.s                      0x00000000   Number         0  libspace.o ABSOLUTE
    ../clib/angel/sys.s                      0x00000000   Number         0  indicate_semi.o ABSOLUTE
    ../clib/angel/sys.s                      0x00000000   Number         0  sys_stackheap_outer.o ABSOLUTE
    ../clib/angel/sysapp.c                   0x00000000   Number         0  sys_command.o ABSOLUTE
    ../clib/angel/sysapp.c                   0x00000000   Number         0  sys_wrch.o ABSOLUTE
    ../clib/armsys.c                         0x00000000   Number         0  argv_veneer.o ABSOLUTE
    ../clib/armsys.c                         0x00000000   Number         0  argv_veneer.o ABSOLUTE
    ../clib/armsys.c                         0x00000000   Number         0  _get_argv_nomalloc.o ABSOLUTE
    ../clib/armsys.c                         0x00000000   Number         0  no_argv.o ABSOLUTE
    ../clib/heapalloc.c                      0x00000000   Number         0  hrguard.o ABSOLUTE
    ../clib/heapaux.c                        0x00000000   Number         0  heapauxi.o ABSOLUTE
    ../clib/libinit.s                        0x00000000   Number         0  libshutdown.o ABSOLUTE
    ../clib/libinit.s                        0x00000000   Number         0  libshutdown2.o ABSOLUTE
    ../clib/libinit.s                        0x00000000   Number         0  libinit2.o ABSOLUTE
    ../clib/libinit.s                        0x00000000   Number         0  libinit.o ABSOLUTE
    ../clib/memcpset.s                       0x00000000   Number         0  rt_memclr_w.o ABSOLUTE
    ../clib/memcpset.s                       0x00000000   Number         0  rt_memcpy_w.o ABSOLUTE
    ../clib/memcpset.s                       0x00000000   Number         0  rt_memcpy_v6.o ABSOLUTE
    ../clib/signal.c                         0x00000000   Number         0  defsig_other.o ABSOLUTE
    ../clib/signal.c                         0x00000000   Number         0  defsig_segv_inner.o ABSOLUTE
    ../clib/signal.c                         0x00000000   Number         0  defsig_cppl_inner.o ABSOLUTE
    ../clib/signal.c                         0x00000000   Number         0  defsig_pvfn_inner.o ABSOLUTE
    ../clib/signal.c                         0x00000000   Number         0  defsig_stak_inner.o ABSOLUTE
    ../clib/signal.c                         0x00000000   Number         0  defsig_rtred_inner.o ABSOLUTE
    ../clib/signal.c                         0x00000000   Number         0  defsig_fpe_inner.o ABSOLUTE
    ../clib/signal.c                         0x00000000   Number         0  defsig_general.o ABSOLUTE
    ../clib/signal.c                         0x00000000   Number         0  __raise.o ABSOLUTE
    ../clib/signal.c                         0x00000000   Number         0  defsig_rtmem_inner.o ABSOLUTE
    ../clib/signal.c                         0x00000000   Number         0  defsig_exit.o ABSOLUTE
    ../clib/signal.c                         0x00000000   Number         0  defsig_rtmem_formal.o ABSOLUTE
    ../clib/signal.c                         0x00000000   Number         0  defsig_rtmem_outer.o ABSOLUTE
    ../clib/signal.c                         0x00000000   Number         0  defsig_abrt_inner.o ABSOLUTE
    ../clib/signal.s                         0x00000000   Number         0  defsig.o ABSOLUTE
    ../clib/stdlib.c                         0x00000000   Number         0  exit.o ABSOLUTE
    ../clib/string.c                         0x00000000   Number         0  memcmp.o ABSOLUTE
    ../clib/string.c                         0x00000000   Number         0  strlen.o ABSOLUTE
    ../fplib/fpinit.s                        0x00000000   Number         0  fpinit.o ABSOLUTE
    ..\CORE\core_cm3.c                       0x00000000   Number         0  core_cm3.o ABSOLUTE
    ..\CORE\startup_stm32f10x_hd.s           0x00000000   Number         0  startup_stm32f10x_hd.o ABSOLUTE
    ..\STM32F10x_FWLib\src\misc.c            0x00000000   Number         0  misc.o ABSOLUTE
    ..\STM32F10x_FWLib\src\stm32f10x_adc.c   0x00000000   Number         0  stm32f10x_adc.o ABSOLUTE
    ..\STM32F10x_FWLib\src\stm32f10x_bkp.c   0x00000000   Number         0  stm32f10x_bkp.o ABSOLUTE
    ..\STM32F10x_FWLib\src\stm32f10x_can.c   0x00000000   Number         0  stm32f10x_can.o ABSOLUTE
    ..\STM32F10x_FWLib\src\stm32f10x_cec.c   0x00000000   Number         0  stm32f10x_cec.o ABSOLUTE
    ..\STM32F10x_FWLib\src\stm32f10x_crc.c   0x00000000   Number         0  stm32f10x_crc.o ABSOLUTE
    ..\STM32F10x_FWLib\src\stm32f10x_dac.c   0x00000000   Number         0  stm32f10x_dac.o ABSOLUTE
    ..\STM32F10x_FWLib\src\stm32f10x_dbgmcu.c 0x00000000   Number         0  stm32f10x_dbgmcu.o ABSOLUTE
    ..\STM32F10x_FWLib\src\stm32f10x_dma.c   0x00000000   Number         0  stm32f10x_dma.o ABSOLUTE
    ..\STM32F10x_FWLib\src\stm32f10x_exti.c  0x00000000   Number         0  stm32f10x_exti.o ABSOLUTE
    ..\STM32F10x_FWLib\src\stm32f10x_flash.c 0x00000000   Number         0  stm32f10x_flash.o ABSOLUTE
    ..\STM32F10x_FWLib\src\stm32f10x_fsmc.c  0x00000000   Number         0  stm32f10x_fsmc.o ABSOLUTE
    ..\STM32F10x_FWLib\src\stm32f10x_gpio.c  0x00000000   Number         0  stm32f10x_gpio.o ABSOLUTE
    ..\STM32F10x_FWLib\src\stm32f10x_i2c.c   0x00000000   Number         0  stm32f10x_i2c.o ABSOLUTE
    ..\STM32F10x_FWLib\src\stm32f10x_iwdg.c  0x00000000   Number         0  stm32f10x_iwdg.o ABSOLUTE
    ..\STM32F10x_FWLib\src\stm32f10x_pwr.c   0x00000000   Number         0  stm32f10x_pwr.o ABSOLUTE
    ..\STM32F10x_FWLib\src\stm32f10x_rcc.c   0x00000000   Number         0  stm32f10x_rcc.o ABSOLUTE
    ..\STM32F10x_FWLib\src\stm32f10x_rtc.c   0x00000000   Number         0  stm32f10x_rtc.o ABSOLUTE
    ..\STM32F10x_FWLib\src\stm32f10x_sdio.c  0x00000000   Number         0  stm32f10x_sdio.o ABSOLUTE
    ..\STM32F10x_FWLib\src\stm32f10x_spi.c   0x00000000   Number         0  stm32f10x_spi.o ABSOLUTE
    ..\STM32F10x_FWLib\src\stm32f10x_tim.c   0x00000000   Number         0  stm32f10x_tim.o ABSOLUTE
    ..\STM32F10x_FWLib\src\stm32f10x_usart.c 0x00000000   Number         0  stm32f10x_usart.o ABSOLUTE
    ..\STM32F10x_FWLib\src\stm32f10x_wwdg.c  0x00000000   Number         0  stm32f10x_wwdg.o ABSOLUTE
    ..\SYSTEM\delay\delay.c                  0x00000000   Number         0  delay.o ABSOLUTE
    ..\SYSTEM\sys\sys.c                      0x00000000   Number         0  sys.o ABSOLUTE
    ..\SYSTEM\usart\usart.c                  0x00000000   Number         0  usart.o ABSOLUTE
    ..\\CORE\\core_cm3.c                     0x00000000   Number         0  core_cm3.o ABSOLUTE
    ..\\SYSTEM\\sys\\sys.c                   0x00000000   Number         0  sys.o ABSOLUTE
    boot_flag.c                              0x00000000   Number         0  boot_flag.o ABSOLUTE
    bootloader.c                             0x00000000   Number         0  bootloader.o ABSOLUTE
    bsp_clkconfig.c                          0x00000000   Number         0  bsp_clkconfig.o ABSOLUTE
    crc_check.c                              0x00000000   Number         0  crc_check.o ABSOLUTE
    dc.s                                     0x00000000   Number         0  dc.o ABSOLUTE
    main.c                                   0x00000000   Number         0  main.o ABSOLUTE
    rs485.c                                  0x00000000   Number         0  rs485.o ABSOLUTE
    stm32f10x_it.c                           0x00000000   Number         0  stm32f10x_it.o ABSOLUTE
    system_stm32f10x.c                       0x00000000   Number         0  system_stm32f10x.o ABSOLUTE
    ymodem.c                                 0x00000000   Number         0  ymodem.o ABSOLUTE
    RESET                                    0x08000000   Section      304  startup_stm32f10x_hd.o(RESET)
    !!!main                                  0x08000130   Section        8  __main.o(!!!main)
    !!!scatter                               0x08000138   Section       52  __scatter.o(!!!scatter)
    !!handler_copy                           0x0800016c   Section       26  __scatter_copy.o(!!handler_copy)
    !!handler_zi                             0x08000188   Section       28  __scatter_zi.o(!!handler_zi)
    .ARM.Collect$$libinit$$00000000          0x080001a4   Section        2  libinit.o(.ARM.Collect$$libinit$$00000000)
    .ARM.Collect$$libinit$$00000002          0x080001a6   Section        0  libinit2.o(.ARM.Collect$$libinit$$00000002)
    .ARM.Collect$$libinit$$00000004          0x080001a6   Section        0  libinit2.o(.ARM.Collect$$libinit$$00000004)
    .ARM.Collect$$libinit$$0000000A          0x080001a6   Section        0  libinit2.o(.ARM.Collect$$libinit$$0000000A)
    .ARM.Collect$$libinit$$0000000C          0x080001a6   Section        0  libinit2.o(.ARM.Collect$$libinit$$0000000C)
    .ARM.Collect$$libinit$$0000000E          0x080001a6   Section        0  libinit2.o(.ARM.Collect$$libinit$$0000000E)
    .ARM.Collect$$libinit$$00000011          0x080001a6   Section        0  libinit2.o(.ARM.Collect$$libinit$$00000011)
    .ARM.Collect$$libinit$$00000013          0x080001a6   Section        0  libinit2.o(.ARM.Collect$$libinit$$00000013)
    .ARM.Collect$$libinit$$00000015          0x080001a6   Section        0  libinit2.o(.ARM.Collect$$libinit$$00000015)
    .ARM.Collect$$libinit$$00000017          0x080001a6   Section        0  libinit2.o(.ARM.Collect$$libinit$$00000017)
    .ARM.Collect$$libinit$$00000019          0x080001a6   Section        0  libinit2.o(.ARM.Collect$$libinit$$00000019)
    .ARM.Collect$$libinit$$0000001B          0x080001a6   Section        0  libinit2.o(.ARM.Collect$$libinit$$0000001B)
    .ARM.Collect$$libinit$$0000001D          0x080001a6   Section        0  libinit2.o(.ARM.Collect$$libinit$$0000001D)
    .ARM.Collect$$libinit$$0000001F          0x080001a6   Section        0  libinit2.o(.ARM.Collect$$libinit$$0000001F)
    .ARM.Collect$$libinit$$00000021          0x080001a6   Section        0  libinit2.o(.ARM.Collect$$libinit$$00000021)
    .ARM.Collect$$libinit$$00000023          0x080001a6   Section        0  libinit2.o(.ARM.Collect$$libinit$$00000023)
    .ARM.Collect$$libinit$$00000025          0x080001a6   Section        0  libinit2.o(.ARM.Collect$$libinit$$00000025)
    .ARM.Collect$$libinit$$0000002C          0x080001a6   Section        0  libinit2.o(.ARM.Collect$$libinit$$0000002C)
    .ARM.Collect$$libinit$$0000002E          0x080001a6   Section        0  libinit2.o(.ARM.Collect$$libinit$$0000002E)
    .ARM.Collect$$libinit$$00000030          0x080001a6   Section        0  libinit2.o(.ARM.Collect$$libinit$$00000030)
    .ARM.Collect$$libinit$$00000032          0x080001a6   Section        0  libinit2.o(.ARM.Collect$$libinit$$00000032)
    .ARM.Collect$$libinit$$00000033          0x080001a6   Section        2  libinit2.o(.ARM.Collect$$libinit$$00000033)
    .ARM.Collect$$libshutdown$$00000000      0x080001a8   Section        2  libshutdown.o(.ARM.Collect$$libshutdown$$00000000)
    .ARM.Collect$$libshutdown$$00000002      0x080001aa   Section        0  libshutdown2.o(.ARM.Collect$$libshutdown$$00000002)
    .ARM.Collect$$libshutdown$$00000004      0x080001aa   Section        0  libshutdown2.o(.ARM.Collect$$libshutdown$$00000004)
    .ARM.Collect$$libshutdown$$00000007      0x080001aa   Section        0  libshutdown2.o(.ARM.Collect$$libshutdown$$00000007)
    .ARM.Collect$$libshutdown$$0000000A      0x080001aa   Section        0  libshutdown2.o(.ARM.Collect$$libshutdown$$0000000A)
    .ARM.Collect$$libshutdown$$0000000C      0x080001aa   Section        0  libshutdown2.o(.ARM.Collect$$libshutdown$$0000000C)
    .ARM.Collect$$libshutdown$$0000000F      0x080001aa   Section        0  libshutdown2.o(.ARM.Collect$$libshutdown$$0000000F)
    .ARM.Collect$$libshutdown$$00000010      0x080001aa   Section        2  libshutdown2.o(.ARM.Collect$$libshutdown$$00000010)
    .ARM.Collect$$rtentry$$00000000          0x080001ac   Section        0  __rtentry.o(.ARM.Collect$$rtentry$$00000000)
    .ARM.Collect$$rtentry$$00000002          0x080001ac   Section        0  __rtentry2.o(.ARM.Collect$$rtentry$$00000002)
    .ARM.Collect$$rtentry$$00000004          0x080001ac   Section        6  __rtentry4.o(.ARM.Collect$$rtentry$$00000004)
    .ARM.Collect$$rtentry$$00000009          0x080001b2   Section        0  __rtentry2.o(.ARM.Collect$$rtentry$$00000009)
    .ARM.Collect$$rtentry$$0000000A          0x080001b2   Section        4  __rtentry2.o(.ARM.Collect$$rtentry$$0000000A)
    .ARM.Collect$$rtentry$$0000000C          0x080001b6   Section        0  __rtentry2.o(.ARM.Collect$$rtentry$$0000000C)
    .ARM.Collect$$rtentry$$0000000D          0x080001b6   Section        8  __rtentry2.o(.ARM.Collect$$rtentry$$0000000D)
    .ARM.Collect$$rtexit$$00000000           0x080001be   Section        2  rtexit.o(.ARM.Collect$$rtexit$$00000000)
    .ARM.Collect$$rtexit$$00000002           0x080001c0   Section        0  rtexit2.o(.ARM.Collect$$rtexit$$00000002)
    .ARM.Collect$$rtexit$$00000003           0x080001c0   Section        4  rtexit2.o(.ARM.Collect$$rtexit$$00000003)
    .ARM.Collect$$rtexit$$00000004           0x080001c4   Section        6  rtexit2.o(.ARM.Collect$$rtexit$$00000004)
    .emb_text                                0x080001cc   Section       32  core_cm3.o(.emb_text)
    .text                                    0x080001ec   Section       64  startup_stm32f10x_hd.o(.text)
    .text                                    0x0800022c   Section        2  use_no_semi_2.o(.text)
    .text                                    0x0800022e   Section        0  memcmp.o(.text)
    .text                                    0x08000286   Section      138  rt_memcpy_v6.o(.text)
    .text                                    0x08000310   Section      100  rt_memcpy_w.o(.text)
    .text                                    0x08000374   Section       78  rt_memclr_w.o(.text)
    .text                                    0x080003c2   Section        0  heapauxi.o(.text)
    .text                                    0x080003c8   Section        2  use_no_semi.o(.text)
    .text                                    0x080003ca   Section       74  sys_stackheap_outer.o(.text)
    .text                                    0x08000414   Section        0  exit.o(.text)
    .text                                    0x08000428   Section        8  libspace.o(.text)
    i.BusFault_Handler                       0x08000430   Section        0  stm32f10x_it.o(i.BusFault_Handler)
    i.DebugMon_Handler                       0x08000434   Section        0  stm32f10x_it.o(i.DebugMon_Handler)
    i.FLASH_ErasePage                        0x08000438   Section        0  stm32f10x_flash.o(i.FLASH_ErasePage)
    i.FLASH_GetBank1Status                   0x08000484   Section        0  stm32f10x_flash.o(i.FLASH_GetBank1Status)
    i.FLASH_Lock                             0x080004b8   Section        0  stm32f10x_flash.o(i.FLASH_Lock)
    i.FLASH_PrefetchBufferCmd                0x080004cc   Section        0  stm32f10x_flash.o(i.FLASH_PrefetchBufferCmd)
    i.FLASH_ProgramHalfWord                  0x080004e8   Section        0  stm32f10x_flash.o(i.FLASH_ProgramHalfWord)
    i.FLASH_ProgramWord                      0x08000528   Section        0  stm32f10x_flash.o(i.FLASH_ProgramWord)
    i.FLASH_SetLatency                       0x08000594   Section        0  stm32f10x_flash.o(i.FLASH_SetLatency)
    i.FLASH_Unlock                           0x080005ac   Section        0  stm32f10x_flash.o(i.FLASH_Unlock)
    i.FLASH_WaitForLastOperation             0x080005c4   Section        0  stm32f10x_flash.o(i.FLASH_WaitForLastOperation)
    i.GPIO_Init                              0x080005ea   Section        0  stm32f10x_gpio.o(i.GPIO_Init)
    i.GPIO_ResetBits                         0x08000700   Section        0  stm32f10x_gpio.o(i.GPIO_ResetBits)
    i.GPIO_SetBits                           0x08000704   Section        0  stm32f10x_gpio.o(i.GPIO_SetBits)
    i.HSE_SetSysClock                        0x08000708   Section        0  bsp_clkconfig.o(i.HSE_SetSysClock)
    i.HardFault_Handler                      0x08000782   Section        0  stm32f10x_it.o(i.HardFault_Handler)
    i.MemManage_Handler                      0x08000786   Section        0  stm32f10x_it.o(i.MemManage_Handler)
    i.NMI_Handler                            0x0800078a   Section        0  stm32f10x_it.o(i.NMI_Handler)
    i.NVIC_Init                              0x0800078c   Section        0  misc.o(i.NVIC_Init)
    i.PendSV_Handler                         0x080007fc   Section        0  stm32f10x_it.o(i.PendSV_Handler)
    i.RCC_APB1PeriphClockCmd                 0x08000800   Section        0  stm32f10x_rcc.o(i.RCC_APB1PeriphClockCmd)
    i.RCC_APB1PeriphResetCmd                 0x08000820   Section        0  stm32f10x_rcc.o(i.RCC_APB1PeriphResetCmd)
    i.RCC_APB2PeriphClockCmd                 0x08000840   Section        0  stm32f10x_rcc.o(i.RCC_APB2PeriphClockCmd)
    i.RCC_DeInit                             0x08000860   Section        0  stm32f10x_rcc.o(i.RCC_DeInit)
    i.RCC_GetClocksFreq                      0x080008ac   Section        0  stm32f10x_rcc.o(i.RCC_GetClocksFreq)
    i.RCC_GetFlagStatus                      0x08000980   Section        0  stm32f10x_rcc.o(i.RCC_GetFlagStatus)
    i.RCC_GetSYSCLKSource                    0x080009bc   Section        0  stm32f10x_rcc.o(i.RCC_GetSYSCLKSource)
    i.RCC_HCLKConfig                         0x080009cc   Section        0  stm32f10x_rcc.o(i.RCC_HCLKConfig)
    i.RCC_HSEConfig                          0x080009e4   Section        0  stm32f10x_rcc.o(i.RCC_HSEConfig)
    i.RCC_PCLK1Config                        0x08000a30   Section        0  stm32f10x_rcc.o(i.RCC_PCLK1Config)
    i.RCC_PCLK2Config                        0x08000a48   Section        0  stm32f10x_rcc.o(i.RCC_PCLK2Config)
    i.RCC_PLLCmd                             0x08000a60   Section        0  stm32f10x_rcc.o(i.RCC_PLLCmd)
    i.RCC_PLLConfig                          0x08000a6c   Section        0  stm32f10x_rcc.o(i.RCC_PLLConfig)
    i.RCC_SYSCLKConfig                       0x08000a88   Section        0  stm32f10x_rcc.o(i.RCC_SYSCLKConfig)
    i.RCC_WaitForHSEStartUp                  0x08000aa0   Section        0  stm32f10x_rcc.o(i.RCC_WaitForHSEStartUp)
    i.RS485_Init                             0x08000adc   Section        0  rs485.o(i.RS485_Init)
    i.RS485_Send_Data                        0x08000bb0   Section        0  rs485.o(i.RS485_Send_Data)
    i.SVC_Handler                            0x08000c0c   Section        0  stm32f10x_it.o(i.SVC_Handler)
    i.SetSysClock                            0x08000c0e   Section        0  system_stm32f10x.o(i.SetSysClock)
    SetSysClock                              0x08000c0f   Thumb Code     8  system_stm32f10x.o(i.SetSysClock)
    i.SetSysClockTo72                        0x08000c18   Section        0  system_stm32f10x.o(i.SetSysClockTo72)
    SetSysClockTo72                          0x08000c19   Thumb Code   216  system_stm32f10x.o(i.SetSysClockTo72)
    i.SysTick_CLKSourceConfig                0x08000cf8   Section        0  misc.o(i.SysTick_CLKSourceConfig)
    i.SysTick_Handler                        0x08000d20   Section        0  stm32f10x_it.o(i.SysTick_Handler)
    i.SystemCoreClockUpdate                  0x08000d24   Section        0  system_stm32f10x.o(i.SystemCoreClockUpdate)
    i.SystemInit                             0x08000dc8   Section        0  system_stm32f10x.o(i.SystemInit)
    i.TIM3_IRQHandler                        0x08000e28   Section        0  ymodem.o(i.TIM3_IRQHandler)
    i.TIM_ClearITPendingBit                  0x08000f30   Section        0  stm32f10x_tim.o(i.TIM_ClearITPendingBit)
    i.TIM_Cmd                                0x08000f36   Section        0  stm32f10x_tim.o(i.TIM_Cmd)
    i.TIM_GetITStatus                        0x08000f4e   Section        0  stm32f10x_tim.o(i.TIM_GetITStatus)
    i.TIM_ITConfig                           0x08000f70   Section        0  stm32f10x_tim.o(i.TIM_ITConfig)
    i.TIM_TimeBaseInit                       0x08000f84   Section        0  stm32f10x_tim.o(i.TIM_TimeBaseInit)
    i.USART1_IRQHandler                      0x08001028   Section        0  usart.o(i.USART1_IRQHandler)
    i.USART2_IRQHandler                      0x080010b0   Section        0  ymodem.o(i.USART2_IRQHandler)
    i.USART_Cmd                              0x08001100   Section        0  stm32f10x_usart.o(i.USART_Cmd)
    i.USART_GetFlagStatus                    0x08001118   Section        0  stm32f10x_usart.o(i.USART_GetFlagStatus)
    i.USART_GetITStatus                      0x08001132   Section        0  stm32f10x_usart.o(i.USART_GetITStatus)
    i.USART_ITConfig                         0x08001186   Section        0  stm32f10x_usart.o(i.USART_ITConfig)
    i.USART_Init                             0x080011d0   Section        0  stm32f10x_usart.o(i.USART_Init)
    i.USART_ReceiveData                      0x080012a8   Section        0  stm32f10x_usart.o(i.USART_ReceiveData)
    i.USART_SendData                         0x080012b2   Section        0  stm32f10x_usart.o(i.USART_SendData)
    i.UsageFault_Handler                     0x080012ba   Section        0  stm32f10x_it.o(i.UsageFault_Handler)
    i._sys_exit                              0x080012be   Section        0  usart.o(i._sys_exit)
    i.active_image_valid                     0x080012c4   Section        0  main.o(i.active_image_valid)
    active_image_valid                       0x080012c5   Thumb Code    26  main.o(i.active_image_valid)
    i.backup_image_valid                     0x080012e4   Section        0  main.o(i.backup_image_valid)
    backup_image_valid                       0x080012e5   Thumb Code    24  main.o(i.backup_image_valid)
    i.begin_transfer                         0x080012fc   Section        0  ymodem.o(i.begin_transfer)
    begin_transfer                           0x080012fd   Thumb Code   134  ymodem.o(i.begin_transfer)
    i.boot_backup_is_valid                   0x08001390   Section        0  crc_check.o(i.boot_backup_is_valid)
    i.boot_copy_image                        0x080013ec   Section        0  boot_flag.o(i.boot_copy_image)
    i.boot_image_crc32                       0x08001480   Section        0  crc_check.o(i.boot_image_crc32)
    i.boot_image_is_valid                    0x080014bc   Section        0  crc_check.o(i.boot_image_is_valid)
    i.boot_metadata_read                     0x0800151c   Section        0  boot_flag.o(i.boot_metadata_read)
    i.boot_metadata_write                    0x08001594   Section        0  boot_flag.o(i.boot_metadata_write)
    i.boot_restore_backup                    0x080016c4   Section        0  boot_flag.o(i.boot_restore_backup)
    i.cleanup_bootloader_environment         0x08001710   Section        0  bootloader.o(i.cleanup_bootloader_environment)
    cleanup_bootloader_environment           0x08001711   Thumb Code   102  bootloader.o(i.cleanup_bootloader_environment)
    i.crc16_ccitt                            0x08001790   Section        0  crc_check.o(i.crc16_ccitt)
    i.crc32_bytes                            0x080017dc   Section        0  boot_flag.o(i.crc32_bytes)
    crc32_bytes                              0x080017dd   Thumb Code    56  boot_flag.o(i.crc32_bytes)
    i.delay_init                             0x08001818   Section        0  delay.o(i.delay_init)
    i.delay_ms                               0x0800185c   Section        0  delay.o(i.delay_ms)
    i.direct_image_valid                     0x080018a8   Section        0  main.o(i.direct_image_valid)
    direct_image_valid                       0x080018a9   Thumb Code    18  main.o(i.direct_image_valid)
    i.enter_update_mode                      0x080018c0   Section        0  main.o(i.enter_update_mode)
    enter_update_mode                        0x080018c1   Thumb Code    28  main.o(i.enter_update_mode)
    i.fallback_to_confirmed_app              0x080018e0   Section        0  main.o(i.fallback_to_confirmed_app)
    fallback_to_confirmed_app                0x080018e1   Thumb Code    62  main.o(i.fallback_to_confirmed_app)
    i.flash_region_valid                     0x08001924   Section        0  bootloader.o(i.flash_region_valid)
    flash_region_valid                       0x08001925   Thumb Code    68  bootloader.o(i.flash_region_valid)
    i.get_expected_ymodem_frame_length       0x08001974   Section        0  ymodem.o(i.get_expected_ymodem_frame_length)
    get_expected_ymodem_frame_length         0x08001975   Thumb Code   124  ymodem.o(i.get_expected_ymodem_frame_length)
    i.get_ymodem_status                      0x080019f4   Section        0  ymodem.o(i.get_ymodem_status)
    i.header_packet_valid                    0x08001a00   Section        0  ymodem.o(i.header_packet_valid)
    header_packet_valid                      0x08001a01   Thumb Code    48  ymodem.o(i.header_packet_valid)
    i.is_empty_end_header                    0x08001a30   Section        0  ymodem.o(i.is_empty_end_header)
    is_empty_end_header                      0x08001a31   Thumb Code    26  ymodem.o(i.is_empty_end_header)
    i.jump_app                               0x08001a4c   Section        0  bootloader.o(i.jump_app)
    i.legacy_record_valid                    0x08001ac0   Section        0  boot_flag.o(i.legacy_record_valid)
    legacy_record_valid                      0x08001ac1   Thumb Code    48  boot_flag.o(i.legacy_record_valid)
    i.legacy_to_metadata                     0x08001af8   Section        0  boot_flag.o(i.legacy_to_metadata)
    legacy_to_metadata                       0x08001af9   Thumb Code   150  boot_flag.o(i.legacy_to_metadata)
    i.main                                   0x08001ba0   Section        0  main.o(i.main)
    i.mcu_flash_erase                        0x08001e6c   Section        0  bootloader.o(i.mcu_flash_erase)
    i.mcu_flash_read                         0x08001ed0   Section        0  bootloader.o(i.mcu_flash_read)
    i.mcu_flash_write                        0x08001ee8   Section        0  bootloader.o(i.mcu_flash_write)
    i.metadata_record_valid                  0x08001f4c   Section        0  boot_flag.o(i.metadata_record_valid)
    metadata_record_valid                    0x08001f4d   Thumb Code    82  boot_flag.o(i.metadata_record_valid)
    i.metadata_state_valid                   0x08001fa4   Section        0  boot_flag.o(i.metadata_state_valid)
    metadata_state_valid                     0x08001fa5   Thumb Code    40  boot_flag.o(i.metadata_state_valid)
    i.parse_image_size                       0x08001fd0   Section        0  ymodem.o(i.parse_image_size)
    parse_image_size                         0x08001fd1   Thumb Code   138  ymodem.o(i.parse_image_size)
    i.prepare_update                         0x08002060   Section        0  main.o(i.prepare_update)
    prepare_update                           0x08002061   Thumb Code    96  main.o(i.prepare_update)
    i.queue_append                           0x080020cc   Section        0  ymodem.o(i.queue_append)
    i.queue_delete                           0x08002108   Section        0  ymodem.o(i.queue_delete)
    i.queue_initiate                         0x08002142   Section        0  ymodem.o(i.queue_initiate)
    i.recover_receiving                      0x08002154   Section        0  main.o(i.recover_receiving)
    recover_receiving                        0x08002155   Thumb Code    76  main.o(i.recover_receiving)
    i.reset_vector_valid                     0x080021a8   Section        0  crc_check.o(i.reset_vector_valid)
    reset_vector_valid                       0x080021a9   Thumb Code    36  crc_check.o(i.reset_vector_valid)
    i.sequence_is_newer                      0x080021cc   Section        0  boot_flag.o(i.sequence_is_newer)
    sequence_is_newer                        0x080021cd   Thumb Code    16  boot_flag.o(i.sequence_is_newer)
    i.set_ymodem_status                      0x080021dc   Section        0  ymodem.o(i.set_ymodem_status)
    i.stack_pointer_valid                    0x080021e8   Section        0  crc_check.o(i.stack_pointer_valid)
    stack_pointer_valid                      0x080021e9   Thumb Code    32  crc_check.o(i.stack_pointer_valid)
    i.system_reboot                          0x0800220c   Section        0  bootloader.o(i.system_reboot)
    i.timer_init                             0x0800223c   Section        0  ymodem.o(i.timer_init)
    i.verify_ymodem_packet                   0x0800229c   Section        0  crc_check.o(i.verify_ymodem_packet)
    i.ymodem_abort_transfer                  0x080022cc   Section        0  ymodem.o(i.ymodem_abort_transfer)
    i.ymodem_ack                             0x08002308   Section        0  ymodem.o(i.ymodem_ack)
    i.ymodem_c                               0x08002318   Section        0  ymodem.o(i.ymodem_c)
    i.ymodem_init                            0x08002328   Section        0  ymodem.o(i.ymodem_init)
    i.ymodem_nack                            0x08002374   Section        0  ymodem.o(i.ymodem_nack)
    i.ymodem_recv                            0x08002384   Section        0  ymodem.o(i.ymodem_recv)
    i.ymodem_reset_transfer                  0x080025d0   Section        0  ymodem.o(i.ymodem_reset_transfer)
    i.ymodem_take_rx_activity                0x080025f4   Section        0  ymodem.o(i.ymodem_take_rx_activity)
    .data                                    0x20000000   Section       20  system_stm32f10x.o(.data)
    .data                                    0x20000014   Section        1  rs485.o(.data)
    .data                                    0x20000018   Section       28  ymodem.o(.data)
    rx_expected_len                          0x20000030   Data           2  ymodem.o(.data)
    rx_idle_ticks                            0x20000032   Data           1  ymodem.o(.data)
    rx_activity_since_check                  0x20000033   Data           1  ymodem.o(.data)
    .data                                    0x20000034   Section        4  delay.o(.data)
    fac_us                                   0x20000034   Data           1  delay.o(.data)
    fac_ms                                   0x20000036   Data           2  delay.o(.data)
    .data                                    0x20000038   Section        6  usart.o(.data)
    .data                                    0x2000003e   Section       20  stm32f10x_rcc.o(.data)
    APBAHBPrescTable                         0x2000003e   Data          16  stm32f10x_rcc.o(.data)
    ADCPrescTable                            0x2000004e   Data           4  stm32f10x_rcc.o(.data)
    .bss                                     0x20000054   Section     2316  ymodem.o(.bss)
    .bss                                     0x20000960   Section     1024  boot_flag.o(.bss)
    copy_buffer                              0x20000960   Data        1024  boot_flag.o(.bss)
    .bss                                     0x20000d60   Section      200  usart.o(.bss)
    .bss                                     0x20000e28   Section       96  libspace.o(.bss)
    HEAP                                     0x20000e88   Section      512  startup_stm32f10x_hd.o(HEAP)
    Heap_Mem                                 0x20000e88   Data         512  startup_stm32f10x_hd.o(HEAP)
    STACK                                    0x20001088   Section     1024  startup_stm32f10x_hd.o(STACK)
    Stack_Mem                                0x20001088   Data        1024  startup_stm32f10x_hd.o(STACK)
    __initial_sp                             0x20001488   Data           0  startup_stm32f10x_hd.o(STACK)

    Global Symbols

    Symbol Name                              Value     Ov Type        Size  Object(Section)

    BuildAttributes$$THM_ISAv4$P$D$K$B$S$PE$A:L22UL41UL21$X:L11$S22US41US21$IEEE1$IW$USESV6$~STKCKD$USESV7$~SHL$OSPACE$ROPI$EBA8$UX$STANDARDLIB$REQ8$PRES8$EABIv2 0x00000000   Number         0  anon$$obj.o ABSOLUTE
    __ARM_use_no_argv                        0x00000000   Number         0  main.o ABSOLUTE
    __ARM_exceptions_init                     - Undefined Weak Reference
    __alloca_initialize                       - Undefined Weak Reference
    __arm_preinit_                            - Undefined Weak Reference
    __cpp_initialize__aeabi_                  - Undefined Weak Reference
    __cxa_finalize                            - Undefined Weak Reference
    __rt_locale                               - Undefined Weak Reference
    __sigvec_lookup                           - Undefined Weak Reference
    _atexit_init                              - Undefined Weak Reference
    _call_atexit_fns                          - Undefined Weak Reference
    _clock_init                               - Undefined Weak Reference
    _fp_trap_init                             - Undefined Weak Reference
    _fp_trap_shutdown                         - Undefined Weak Reference
    _get_lc_collate                           - Undefined Weak Reference
    _get_lc_ctype                             - Undefined Weak Reference
    _get_lc_monetary                          - Undefined Weak Reference
    _get_lc_numeric                           - Undefined Weak Reference
    _get_lc_time                              - Undefined Weak Reference
    _getenv_init                              - Undefined Weak Reference
    _handle_redirection                       - Undefined Weak Reference
    _init_alloc                               - Undefined Weak Reference
    _init_user_alloc                          - Undefined Weak Reference
    _initio                                   - Undefined Weak Reference
    _rand_init                                - Undefined Weak Reference
    _signal_finish                            - Undefined Weak Reference
    _signal_init                              - Undefined Weak Reference
    _terminate_alloc                          - Undefined Weak Reference
    _terminate_user_alloc                     - Undefined Weak Reference
    _terminateio                              - Undefined Weak Reference
    __Vectors_Size                           0x00000130   Number         0  startup_stm32f10x_hd.o ABSOLUTE
    __Vectors                                0x08000000   Data           4  startup_stm32f10x_hd.o(RESET)
    __Vectors_End                            0x08000130   Data           0  startup_stm32f10x_hd.o(RESET)
    __main                                   0x08000131   Thumb Code     8  __main.o(!!!main)
    __scatterload                            0x08000139   Thumb Code     0  __scatter.o(!!!scatter)
    __scatterload_rt2                        0x08000139   Thumb Code    44  __scatter.o(!!!scatter)
    __scatterload_rt2_thumb_only             0x08000139   Thumb Code     0  __scatter.o(!!!scatter)
    __scatterload_null                       0x08000147   Thumb Code     0  __scatter.o(!!!scatter)
    __scatterload_copy                       0x0800016d   Thumb Code    26  __scatter_copy.o(!!handler_copy)
    __scatterload_zeroinit                   0x08000189   Thumb Code    28  __scatter_zi.o(!!handler_zi)
    __rt_lib_init                            0x080001a5   Thumb Code     0  libinit.o(.ARM.Collect$$libinit$$00000000)
    __rt_lib_init_alloca_1                   0x080001a7   Thumb Code     0  libinit2.o(.ARM.Collect$$libinit$$0000002E)
    __rt_lib_init_argv_1                     0x080001a7   Thumb Code     0  libinit2.o(.ARM.Collect$$libinit$$0000002C)
    __rt_lib_init_atexit_1                   0x080001a7   Thumb Code     0  libinit2.o(.ARM.Collect$$libinit$$0000001B)
    __rt_lib_init_clock_1                    0x080001a7   Thumb Code     0  libinit2.o(.ARM.Collect$$libinit$$00000021)
    __rt_lib_init_cpp_1                      0x080001a7   Thumb Code     0  libinit2.o(.ARM.Collect$$libinit$$00000032)
    __rt_lib_init_exceptions_1               0x080001a7   Thumb Code     0  libinit2.o(.ARM.Collect$$libinit$$00000030)
    __rt_lib_init_fp_1                       0x080001a7   Thumb Code     0  libinit2.o(.ARM.Collect$$libinit$$00000002)
    __rt_lib_init_fp_trap_1                  0x080001a7   Thumb Code     0  libinit2.o(.ARM.Collect$$libinit$$0000001F)
    __rt_lib_init_getenv_1                   0x080001a7   Thumb Code     0  libinit2.o(.ARM.Collect$$libinit$$00000023)
    __rt_lib_init_heap_1                     0x080001a7   Thumb Code     0  libinit2.o(.ARM.Collect$$libinit$$0000000A)
    __rt_lib_init_lc_collate_1               0x080001a7   Thumb Code     0  libinit2.o(.ARM.Collect$$libinit$$00000011)
    __rt_lib_init_lc_ctype_1                 0x080001a7   Thumb Code     0  libinit2.o(.ARM.Collect$$libinit$$00000013)
    __rt_lib_init_lc_monetary_1              0x080001a7   Thumb Code     0  libinit2.o(.ARM.Collect$$libinit$$00000015)
    __rt_lib_init_lc_numeric_1               0x080001a7   Thumb Code     0  libinit2.o(.ARM.Collect$$libinit$$00000017)
    __rt_lib_init_lc_time_1                  0x080001a7   Thumb Code     0  libinit2.o(.ARM.Collect$$libinit$$00000019)
    __rt_lib_init_preinit_1                  0x080001a7   Thumb Code     0  libinit2.o(.ARM.Collect$$libinit$$00000004)
    __rt_lib_init_rand_1                     0x080001a7   Thumb Code     0  libinit2.o(.ARM.Collect$$libinit$$0000000E)
    __rt_lib_init_return                     0x080001a7   Thumb Code     0  libinit2.o(.ARM.Collect$$libinit$$00000033)
    __rt_lib_init_signal_1                   0x080001a7   Thumb Code     0  libinit2.o(.ARM.Collect$$libinit$$0000001D)
    __rt_lib_init_stdio_1                    0x080001a7   Thumb Code     0  libinit2.o(.ARM.Collect$$libinit$$00000025)
    __rt_lib_init_user_alloc_1               0x080001a7   Thumb Code     0  libinit2.o(.ARM.Collect$$libinit$$0000000C)
    __rt_lib_shutdown                        0x080001a9   Thumb Code     0  libshutdown.o(.ARM.Collect$$libshutdown$$00000000)
    __rt_lib_shutdown_cpp_1                  0x080001ab   Thumb Code     0  libshutdown2.o(.ARM.Collect$$libshutdown$$00000002)
    __rt_lib_shutdown_fp_trap_1              0x080001ab   Thumb Code     0  libshutdown2.o(.ARM.Collect$$libshutdown$$00000007)
    __rt_lib_shutdown_heap_1                 0x080001ab   Thumb Code     0  libshutdown2.o(.ARM.Collect$$libshutdown$$0000000F)
    __rt_lib_shutdown_return                 0x080001ab   Thumb Code     0  libshutdown2.o(.ARM.Collect$$libshutdown$$00000010)
    __rt_lib_shutdown_signal_1               0x080001ab   Thumb Code     0  libshutdown2.o(.ARM.Collect$$libshutdown$$0000000A)
    __rt_lib_shutdown_stdio_1                0x080001ab   Thumb Code     0  libshutdown2.o(.ARM.Collect$$libshutdown$$00000004)
    __rt_lib_shutdown_user_alloc_1           0x080001ab   Thumb Code     0  libshutdown2.o(.ARM.Collect$$libshutdown$$0000000C)
    __rt_entry                               0x080001ad   Thumb Code     0  __rtentry.o(.ARM.Collect$$rtentry$$00000000)
    __rt_entry_presh_1                       0x080001ad   Thumb Code     0  __rtentry2.o(.ARM.Collect$$rtentry$$00000002)
    __rt_entry_sh                            0x080001ad   Thumb Code     0  __rtentry4.o(.ARM.Collect$$rtentry$$00000004)
    __rt_entry_li                            0x080001b3   Thumb Code     0  __rtentry2.o(.ARM.Collect$$rtentry$$0000000A)
    __rt_entry_postsh_1                      0x080001b3   Thumb Code     0  __rtentry2.o(.ARM.Collect$$rtentry$$00000009)
    __rt_entry_main                          0x080001b7   Thumb Code     0  __rtentry2.o(.ARM.Collect$$rtentry$$0000000D)
    __rt_entry_postli_1                      0x080001b7   Thumb Code     0  __rtentry2.o(.ARM.Collect$$rtentry$$0000000C)
    __rt_exit                                0x080001bf   Thumb Code     0  rtexit.o(.ARM.Collect$$rtexit$$00000000)
    __rt_exit_ls                             0x080001c1   Thumb Code     0  rtexit2.o(.ARM.Collect$$rtexit$$00000003)
    __rt_exit_prels_1                        0x080001c1   Thumb Code     0  rtexit2.o(.ARM.Collect$$rtexit$$00000002)
    __rt_exit_exit                           0x080001c5   Thumb Code     0  rtexit2.o(.ARM.Collect$$rtexit$$00000004)
    __get_PSP                                0x080001cd   Thumb Code     6  core_cm3.o(.emb_text)
    __set_PSP                                0x080001d3   Thumb Code     6  core_cm3.o(.emb_text)
    __get_MSP                                0x080001d9   Thumb Code     6  core_cm3.o(.emb_text)
    __set_MSP                                0x080001df   Thumb Code     6  core_cm3.o(.emb_text)
    __REV16                                  0x080001e5   Thumb Code     4  core_cm3.o(.emb_text)
    __REVSH                                  0x080001e9   Thumb Code     4  core_cm3.o(.emb_text)
    Reset_Handler                            0x080001ed   Thumb Code     8  startup_stm32f10x_hd.o(.text)
    ADC1_2_IRQHandler                        0x08000207   Thumb Code     0  startup_stm32f10x_hd.o(.text)
    ADC3_IRQHandler                          0x08000207   Thumb Code     0  startup_stm32f10x_hd.o(.text)
    CAN1_RX1_IRQHandler                      0x08000207   Thumb Code     0  startup_stm32f10x_hd.o(.text)
    CAN1_SCE_IRQHandler                      0x08000207   Thumb Code     0  startup_stm32f10x_hd.o(.text)
    DMA1_Channel1_IRQHandler                 0x08000207   Thumb Code     0  startup_stm32f10x_hd.o(.text)
    DMA1_Channel2_IRQHandler                 0x08000207   Thumb Code     0  startup_stm32f10x_hd.o(.text)
    DMA1_Channel3_IRQHandler                 0x08000207   Thumb Code     0  startup_stm32f10x_hd.o(.text)
    DMA1_Channel4_IRQHandler                 0x08000207   Thumb Code     0  startup_stm32f10x_hd.o(.text)
    DMA1_Channel5_IRQHandler                 0x08000207   Thumb Code     0  startup_stm32f10x_hd.o(.text)
    DMA1_Channel6_IRQHandler                 0x08000207   Thumb Code     0  startup_stm32f10x_hd.o(.text)
    DMA1_Channel7_IRQHandler                 0x08000207   Thumb Code     0  startup_stm32f10x_hd.o(.text)
    DMA2_Channel1_IRQHandler                 0x08000207   Thumb Code     0  startup_stm32f10x_hd.o(.text)
    DMA2_Channel2_IRQHandler                 0x08000207   Thumb Code     0  startup_stm32f10x_hd.o(.text)
    DMA2_Channel3_IRQHandler                 0x08000207   Thumb Code     0  startup_stm32f10x_hd.o(.text)
    DMA2_Channel4_5_IRQHandler               0x08000207   Thumb Code     0  startup_stm32f10x_hd.o(.text)
    EXTI0_IRQHandler                         0x08000207   Thumb Code     0  startup_stm32f10x_hd.o(.text)
    EXTI15_10_IRQHandler                     0x08000207   Thumb Code     0  startup_stm32f10x_hd.o(.text)
    EXTI1_IRQHandler                         0x08000207   Thumb Code     0  startup_stm32f10x_hd.o(.text)
    EXTI2_IRQHandler                         0x08000207   Thumb Code     0  startup_stm32f10x_hd.o(.text)
    EXTI3_IRQHandler                         0x08000207   Thumb Code     0  startup_stm32f10x_hd.o(.text)
    EXTI4_IRQHandler                         0x08000207   Thumb Code     0  startup_stm32f10x_hd.o(.text)
    EXTI9_5_IRQHandler                       0x08000207   Thumb Code     0  startup_stm32f10x_hd.o(.text)
    FLASH_IRQHandler                         0x08000207   Thumb Code     0  startup_stm32f10x_hd.o(.text)
    FSMC_IRQHandler                          0x08000207   Thumb Code     0  startup_stm32f10x_hd.o(.text)
    I2C1_ER_IRQHandler                       0x08000207   Thumb Code     0  startup_stm32f10x_hd.o(.text)
    I2C1_EV_IRQHandler                       0x08000207   Thumb Code     0  startup_stm32f10x_hd.o(.text)
    I2C2_ER_IRQHandler                       0x08000207   Thumb Code     0  startup_stm32f10x_hd.o(.text)
    I2C2_EV_IRQHandler                       0x08000207   Thumb Code     0  startup_stm32f10x_hd.o(.text)
    PVD_IRQHandler                           0x08000207   Thumb Code     0  startup_stm32f10x_hd.o(.text)
    RCC_IRQHandler                           0x08000207   Thumb Code     0  startup_stm32f10x_hd.o(.text)
    RTCAlarm_IRQHandler                      0x08000207   Thumb Code     0  startup_stm32f10x_hd.o(.text)
    RTC_IRQHandler                           0x08000207   Thumb Code     0  startup_stm32f10x_hd.o(.text)
    SDIO_IRQHandler                          0x08000207   Thumb Code     0  startup_stm32f10x_hd.o(.text)
    SPI1_IRQHandler                          0x08000207   Thumb Code     0  startup_stm32f10x_hd.o(.text)
    SPI2_IRQHandler                          0x08000207   Thumb Code     0  startup_stm32f10x_hd.o(.text)
    SPI3_IRQHandler                          0x08000207   Thumb Code     0  startup_stm32f10x_hd.o(.text)
    TAMPER_IRQHandler                        0x08000207   Thumb Code     0  startup_stm32f10x_hd.o(.text)
    TIM1_BRK_IRQHandler                      0x08000207   Thumb Code     0  startup_stm32f10x_hd.o(.text)
    TIM1_CC_IRQHandler                       0x08000207   Thumb Code     0  startup_stm32f10x_hd.o(.text)
    TIM1_TRG_COM_IRQHandler                  0x08000207   Thumb Code     0  startup_stm32f10x_hd.o(.text)
    TIM1_UP_IRQHandler                       0x08000207   Thumb Code     0  startup_stm32f10x_hd.o(.text)
    TIM2_IRQHandler                          0x08000207   Thumb Code     0  startup_stm32f10x_hd.o(.text)
    TIM4_IRQHandler                          0x08000207   Thumb Code     0  startup_stm32f10x_hd.o(.text)
    TIM5_IRQHandler                          0x08000207   Thumb Code     0  startup_stm32f10x_hd.o(.text)
    TIM6_IRQHandler                          0x08000207   Thumb Code     0  startup_stm32f10x_hd.o(.text)
    TIM7_IRQHandler                          0x08000207   Thumb Code     0  startup_stm32f10x_hd.o(.text)
    TIM8_BRK_IRQHandler                      0x08000207   Thumb Code     0  startup_stm32f10x_hd.o(.text)
    TIM8_CC_IRQHandler                       0x08000207   Thumb Code     0  startup_stm32f10x_hd.o(.text)
    TIM8_TRG_COM_IRQHandler                  0x08000207   Thumb Code     0  startup_stm32f10x_hd.o(.text)
    TIM8_UP_IRQHandler                       0x08000207   Thumb Code     0  startup_stm32f10x_hd.o(.text)
    UART4_IRQHandler                         0x08000207   Thumb Code     0  startup_stm32f10x_hd.o(.text)
    UART5_IRQHandler                         0x08000207   Thumb Code     0  startup_stm32f10x_hd.o(.text)
    USART3_IRQHandler                        0x08000207   Thumb Code     0  startup_stm32f10x_hd.o(.text)
    USBWakeUp_IRQHandler                     0x08000207   Thumb Code     0  startup_stm32f10x_hd.o(.text)
    USB_HP_CAN1_TX_IRQHandler                0x08000207   Thumb Code     0  startup_stm32f10x_hd.o(.text)
    USB_LP_CAN1_RX0_IRQHandler               0x08000207   Thumb Code     0  startup_stm32f10x_hd.o(.text)
    WWDG_IRQHandler                          0x08000207   Thumb Code     0  startup_stm32f10x_hd.o(.text)
    __user_initial_stackheap                 0x08000209   Thumb Code     0  startup_stm32f10x_hd.o(.text)
    __use_no_semihosting                     0x0800022d   Thumb Code     2  use_no_semi_2.o(.text)
    memcmp                                   0x0800022f   Thumb Code    88  memcmp.o(.text)
    __aeabi_memcpy                           0x08000287   Thumb Code     0  rt_memcpy_v6.o(.text)
    __rt_memcpy                              0x08000287   Thumb Code   138  rt_memcpy_v6.o(.text)
    _memcpy_lastbytes                        0x080002ed   Thumb Code     0  rt_memcpy_v6.o(.text)
    __aeabi_memcpy4                          0x08000311   Thumb Code     0  rt_memcpy_w.o(.text)
    __aeabi_memcpy8                          0x08000311   Thumb Code     0  rt_memcpy_w.o(.text)
    __rt_memcpy_w                            0x08000311   Thumb Code   100  rt_memcpy_w.o(.text)
    _memcpy_lastbytes_aligned                0x08000359   Thumb Code     0  rt_memcpy_w.o(.text)
    __aeabi_memclr4                          0x08000375   Thumb Code     0  rt_memclr_w.o(.text)
    __aeabi_memclr8                          0x08000375   Thumb Code     0  rt_memclr_w.o(.text)
    __rt_memclr_w                            0x08000375   Thumb Code    78  rt_memclr_w.o(.text)
    _memset_w                                0x08000379   Thumb Code     0  rt_memclr_w.o(.text)
    __use_two_region_memory                  0x080003c3   Thumb Code     2  heapauxi.o(.text)
    __rt_heap_escrow$2region                 0x080003c5   Thumb Code     2  heapauxi.o(.text)
    __rt_heap_expand$2region                 0x080003c7   Thumb Code     2  heapauxi.o(.text)
    __I$use$semihosting                      0x080003c9   Thumb Code     0  use_no_semi.o(.text)
    __use_no_semihosting_swi                 0x080003c9   Thumb Code     2  use_no_semi.o(.text)
    __user_setup_stackheap                   0x080003cb   Thumb Code    74  sys_stackheap_outer.o(.text)
    exit                                     0x08000415   Thumb Code    18  exit.o(.text)
    __user_libspace                          0x08000429   Thumb Code     8  libspace.o(.text)
    __user_perproc_libspace                  0x08000429   Thumb Code     0  libspace.o(.text)
    __user_perthread_libspace                0x08000429   Thumb Code     0  libspace.o(.text)
    BusFault_Handler                         0x08000431   Thumb Code     4  stm32f10x_it.o(i.BusFault_Handler)
    DebugMon_Handler                         0x08000435   Thumb Code     2  stm32f10x_it.o(i.DebugMon_Handler)
    FLASH_ErasePage                          0x08000439   Thumb Code    72  stm32f10x_flash.o(i.FLASH_ErasePage)
    FLASH_GetBank1Status                     0x08000485   Thumb Code    48  stm32f10x_flash.o(i.FLASH_GetBank1Status)
    FLASH_Lock                               0x080004b9   Thumb Code    14  stm32f10x_flash.o(i.FLASH_Lock)
    FLASH_PrefetchBufferCmd                  0x080004cd   Thumb Code    22  stm32f10x_flash.o(i.FLASH_PrefetchBufferCmd)
    FLASH_ProgramHalfWord                    0x080004e9   Thumb Code    60  stm32f10x_flash.o(i.FLASH_ProgramHalfWord)
    FLASH_ProgramWord                        0x08000529   Thumb Code   102  stm32f10x_flash.o(i.FLASH_ProgramWord)
    FLASH_SetLatency                         0x08000595   Thumb Code    18  stm32f10x_flash.o(i.FLASH_SetLatency)
    FLASH_Unlock                             0x080005ad   Thumb Code    12  stm32f10x_flash.o(i.FLASH_Unlock)
    FLASH_WaitForLastOperation               0x080005c5   Thumb Code    38  stm32f10x_flash.o(i.FLASH_WaitForLastOperation)
    GPIO_Init                                0x080005eb   Thumb Code   278  stm32f10x_gpio.o(i.GPIO_Init)
    GPIO_ResetBits                           0x08000701   Thumb Code     4  stm32f10x_gpio.o(i.GPIO_ResetBits)
    GPIO_SetBits                             0x08000705   Thumb Code     4  stm32f10x_gpio.o(i.GPIO_SetBits)
    HSE_SetSysClock                          0x08000709   Thumb Code   122  bsp_clkconfig.o(i.HSE_SetSysClock)
    HardFault_Handler                        0x08000783   Thumb Code     4  stm32f10x_it.o(i.HardFault_Handler)
    MemManage_Handler                        0x08000787   Thumb Code     4  stm32f10x_it.o(i.MemManage_Handler)
    NMI_Handler                              0x0800078b   Thumb Code     2  stm32f10x_it.o(i.NMI_Handler)
    NVIC_Init                                0x0800078d   Thumb Code   100  misc.o(i.NVIC_Init)
    PendSV_Handler                           0x080007fd   Thumb Code     2  stm32f10x_it.o(i.PendSV_Handler)
    RCC_APB1PeriphClockCmd                   0x08000801   Thumb Code    26  stm32f10x_rcc.o(i.RCC_APB1PeriphClockCmd)
    RCC_APB1PeriphResetCmd                   0x08000821   Thumb Code    26  stm32f10x_rcc.o(i.RCC_APB1PeriphResetCmd)
    RCC_APB2PeriphClockCmd                   0x08000841   Thumb Code    26  stm32f10x_rcc.o(i.RCC_APB2PeriphClockCmd)
    RCC_DeInit                               0x08000861   Thumb Code    64  stm32f10x_rcc.o(i.RCC_DeInit)
    RCC_GetClocksFreq                        0x080008ad   Thumb Code   192  stm32f10x_rcc.o(i.RCC_GetClocksFreq)
    RCC_GetFlagStatus                        0x08000981   Thumb Code    56  stm32f10x_rcc.o(i.RCC_GetFlagStatus)
    RCC_GetSYSCLKSource                      0x080009bd   Thumb Code    10  stm32f10x_rcc.o(i.RCC_GetSYSCLKSource)
    RCC_HCLKConfig                           0x080009cd   Thumb Code    18  stm32f10x_rcc.o(i.RCC_HCLKConfig)
    RCC_HSEConfig                            0x080009e5   Thumb Code    70  stm32f10x_rcc.o(i.RCC_HSEConfig)
    RCC_PCLK1Config                          0x08000a31   Thumb Code    18  stm32f10x_rcc.o(i.RCC_PCLK1Config)
    RCC_PCLK2Config                          0x08000a49   Thumb Code    20  stm32f10x_rcc.o(i.RCC_PCLK2Config)
    RCC_PLLCmd                               0x08000a61   Thumb Code     6  stm32f10x_rcc.o(i.RCC_PLLCmd)
    RCC_PLLConfig                            0x08000a6d   Thumb Code    24  stm32f10x_rcc.o(i.RCC_PLLConfig)
    RCC_SYSCLKConfig                         0x08000a89   Thumb Code    18  stm32f10x_rcc.o(i.RCC_SYSCLKConfig)
    RCC_WaitForHSEStartUp                    0x08000aa1   Thumb Code    58  stm32f10x_rcc.o(i.RCC_WaitForHSEStartUp)
    RS485_Init                               0x08000add   Thumb Code   200  rs485.o(i.RS485_Init)
    RS485_Send_Data                          0x08000bb1   Thumb Code    78  rs485.o(i.RS485_Send_Data)
    SVC_Handler                              0x08000c0d   Thumb Code     2  stm32f10x_it.o(i.SVC_Handler)
    SysTick_CLKSourceConfig                  0x08000cf9   Thumb Code    40  misc.o(i.SysTick_CLKSourceConfig)
    SysTick_Handler                          0x08000d21   Thumb Code     2  stm32f10x_it.o(i.SysTick_Handler)
    SystemCoreClockUpdate                    0x08000d25   Thumb Code   142  system_stm32f10x.o(i.SystemCoreClockUpdate)
    SystemInit                               0x08000dc9   Thumb Code    78  system_stm32f10x.o(i.SystemInit)
    TIM3_IRQHandler                          0x08000e29   Thumb Code   242  ymodem.o(i.TIM3_IRQHandler)
    TIM_ClearITPendingBit                    0x08000f31   Thumb Code     6  stm32f10x_tim.o(i.TIM_ClearITPendingBit)
    TIM_Cmd                                  0x08000f37   Thumb Code    24  stm32f10x_tim.o(i.TIM_Cmd)
    TIM_GetITStatus                          0x08000f4f   Thumb Code    34  stm32f10x_tim.o(i.TIM_GetITStatus)
    TIM_ITConfig                             0x08000f71   Thumb Code    18  stm32f10x_tim.o(i.TIM_ITConfig)
    TIM_TimeBaseInit                         0x08000f85   Thumb Code   122  stm32f10x_tim.o(i.TIM_TimeBaseInit)
    USART1_IRQHandler                        0x08001029   Thumb Code   122  usart.o(i.USART1_IRQHandler)
    USART2_IRQHandler                        0x080010b1   Thumb Code    60  ymodem.o(i.USART2_IRQHandler)
    USART_Cmd                                0x08001101   Thumb Code    24  stm32f10x_usart.o(i.USART_Cmd)
    USART_GetFlagStatus                      0x08001119   Thumb Code    26  stm32f10x_usart.o(i.USART_GetFlagStatus)
    USART_GetITStatus                        0x08001133   Thumb Code    84  stm32f10x_usart.o(i.USART_GetITStatus)
    USART_ITConfig                           0x08001187   Thumb Code    74  stm32f10x_usart.o(i.USART_ITConfig)
    USART_Init                               0x080011d1   Thumb Code   210  stm32f10x_usart.o(i.USART_Init)
    USART_ReceiveData                        0x080012a9   Thumb Code    10  stm32f10x_usart.o(i.USART_ReceiveData)
    USART_SendData                           0x080012b3   Thumb Code     8  stm32f10x_usart.o(i.USART_SendData)
    UsageFault_Handler                       0x080012bb   Thumb Code     4  stm32f10x_it.o(i.UsageFault_Handler)
    _sys_exit                                0x080012bf   Thumb Code     4  usart.o(i._sys_exit)
    boot_backup_is_valid                     0x08001391   Thumb Code    84  crc_check.o(i.boot_backup_is_valid)
    boot_copy_image                          0x080013ed   Thumb Code   136  boot_flag.o(i.boot_copy_image)
    boot_image_crc32                         0x08001481   Thumb Code    56  crc_check.o(i.boot_image_crc32)
    boot_image_is_valid                      0x080014bd   Thumb Code    92  crc_check.o(i.boot_image_is_valid)
    boot_metadata_read                       0x0800151d   Thumb Code   112  boot_flag.o(i.boot_metadata_read)
    boot_metadata_write                      0x08001595   Thumb Code   292  boot_flag.o(i.boot_metadata_write)
    boot_restore_backup                      0x080016c5   Thumb Code    62  boot_flag.o(i.boot_restore_backup)
    crc16_ccitt                              0x08001791   Thumb Code    74  crc_check.o(i.crc16_ccitt)
    delay_init                               0x08001819   Thumb Code    50  delay.o(i.delay_init)
    delay_ms                                 0x0800185d   Thumb Code    72  delay.o(i.delay_ms)
    get_ymodem_status                        0x080019f5   Thumb Code     6  ymodem.o(i.get_ymodem_status)
    jump_app                                 0x08001a4d   Thumb Code   102  bootloader.o(i.jump_app)
    main                                     0x08001ba1   Thumb Code   702  main.o(i.main)
    mcu_flash_erase                          0x08001e6d   Thumb Code    92  bootloader.o(i.mcu_flash_erase)
    mcu_flash_read                           0x08001ed1   Thumb Code    24  bootloader.o(i.mcu_flash_read)
    mcu_flash_write                          0x08001ee9   Thumb Code    98  bootloader.o(i.mcu_flash_write)
    queue_append                             0x080020cd   Thumb Code    60  ymodem.o(i.queue_append)
    queue_delete                             0x08002109   Thumb Code    58  ymodem.o(i.queue_delete)
    queue_initiate                           0x08002143   Thumb Code    16  ymodem.o(i.queue_initiate)
    set_ymodem_status                        0x080021dd   Thumb Code     6  ymodem.o(i.set_ymodem_status)
    system_reboot                            0x0800220d   Thumb Code    38  bootloader.o(i.system_reboot)
    timer_init                               0x0800223d   Thumb Code    90  ymodem.o(i.timer_init)
    verify_ymodem_packet                     0x0800229d   Thumb Code    48  crc_check.o(i.verify_ymodem_packet)
    ymodem_abort_transfer                    0x080022cd   Thumb Code    38  ymodem.o(i.ymodem_abort_transfer)
    ymodem_ack                               0x08002309   Thumb Code    16  ymodem.o(i.ymodem_ack)
    ymodem_c                                 0x08002319   Thumb Code    16  ymodem.o(i.ymodem_c)
    ymodem_init                              0x08002329   Thumb Code    52  ymodem.o(i.ymodem_init)
    ymodem_nack                              0x08002375   Thumb Code    16  ymodem.o(i.ymodem_nack)
    ymodem_recv                              0x08002385   Thumb Code   572  ymodem.o(i.ymodem_recv)
    ymodem_reset_transfer                    0x080025d1   Thumb Code    28  ymodem.o(i.ymodem_reset_transfer)
    ymodem_take_rx_activity                  0x080025f5   Thumb Code    16  ymodem.o(i.ymodem_take_rx_activity)
    Region$$Table$$Base                      0x08002608   Number         0  anon$$obj.o(Region$$Table)
    Region$$Table$$Limit                     0x08002628   Number         0  anon$$obj.o(Region$$Table)
    SystemCoreClock                          0x20000000   Data           4  system_stm32f10x.o(.data)
    AHBPrescTable                            0x20000004   Data          16  system_stm32f10x.o(.data)
    RS485_RX_CNT                             0x20000014   Data           1  rs485.o(.data)
    ymodem                                   0x20000018   Data          24  ymodem.o(.data)
    __stdout                                 0x20000038   Data           4  usart.o(.data)
    USART_RX_STA                             0x2000003c   Data           2  usart.o(.data)
    recvBuf                                  0x20000054   Data        1102  ymodem.o(.bss)
    rx_queue                                 0x200004a4   Data        1212  ymodem.o(.bss)
    USART_RX_BUF                             0x20000d60   Data         200  usart.o(.bss)
    __libspace_start                         0x20000e28   Data          96  libspace.o(.bss)
    __temporary_stack_top$libspace           0x20000e88   Data           0  libspace.o(.bss)



==============================================================================

Memory Map of the image

  Image Entry point : 0x080001ed

  Load Region LR_1 (Base: 0x08000000, Size: 0x0000267c, Max: 0xffffffff, ABSOLUTE)

    Execution Region ER_RO (Exec base: 0x08000000, Load base: 0x08000000, Size: 0x00002628, Max: 0xffffffff, ABSOLUTE)

    Exec Addr    Load Addr    Size         Type   Attr      Idx    E Section Name        Object

    0x08000000   0x08000000   0x00000130   Data   RO          816    RESET               startup_stm32f10x_hd.o
    0x08000130   0x08000130   0x00000008   Code   RO         3804  * !!!main             c_w.l(__main.o)
    0x08000138   0x08000138   0x00000034   Code   RO         3959    !!!scatter          c_w.l(__scatter.o)
    0x0800016c   0x0800016c   0x0000001a   Code   RO         3961    !!handler_copy      c_w.l(__scatter_copy.o)
    0x08000186   0x08000186   0x00000002   PAD
    0x08000188   0x08000188   0x0000001c   Code   RO         3963    !!handler_zi        c_w.l(__scatter_zi.o)
    0x080001a4   0x080001a4   0x00000002   Code   RO         3833    .ARM.Collect$$libinit$$00000000  c_w.l(libinit.o)
    0x080001a6   0x080001a6   0x00000000   Code   RO         3840    .ARM.Collect$$libinit$$00000002  c_w.l(libinit2.o)
    0x080001a6   0x080001a6   0x00000000   Code   RO         3842    .ARM.Collect$$libinit$$00000004  c_w.l(libinit2.o)
    0x080001a6   0x080001a6   0x00000000   Code   RO         3845    .ARM.Collect$$libinit$$0000000A  c_w.l(libinit2.o)
    0x080001a6   0x080001a6   0x00000000   Code   RO         3847    .ARM.Collect$$libinit$$0000000C  c_w.l(libinit2.o)
    0x080001a6   0x080001a6   0x00000000   Code   RO         3849    .ARM.Collect$$libinit$$0000000E  c_w.l(libinit2.o)
    0x080001a6   0x080001a6   0x00000000   Code   RO         3852    .ARM.Collect$$libinit$$00000011  c_w.l(libinit2.o)
    0x080001a6   0x080001a6   0x00000000   Code   RO         3854    .ARM.Collect$$libinit$$00000013  c_w.l(libinit2.o)
    0x080001a6   0x080001a6   0x00000000   Code   RO         3856    .ARM.Collect$$libinit$$00000015  c_w.l(libinit2.o)
    0x080001a6   0x080001a6   0x00000000   Code   RO         3858    .ARM.Collect$$libinit$$00000017  c_w.l(libinit2.o)
    0x080001a6   0x080001a6   0x00000000   Code   RO         3860    .ARM.Collect$$libinit$$00000019  c_w.l(libinit2.o)
    0x080001a6   0x080001a6   0x00000000   Code   RO         3862    .ARM.Collect$$libinit$$0000001B  c_w.l(libinit2.o)
    0x080001a6   0x080001a6   0x00000000   Code   RO         3864    .ARM.Collect$$libinit$$0000001D  c_w.l(libinit2.o)
    0x080001a6   0x080001a6   0x00000000   Code   RO         3866    .ARM.Collect$$libinit$$0000001F  c_w.l(libinit2.o)
    0x080001a6   0x080001a6   0x00000000   Code   RO         3868    .ARM.Collect$$libinit$$00000021  c_w.l(libinit2.o)
    0x080001a6   0x080001a6   0x00000000   Code   RO         3870    .ARM.Collect$$libinit$$00000023  c_w.l(libinit2.o)
    0x080001a6   0x080001a6   0x00000000   Code   RO         3872    .ARM.Collect$$libinit$$00000025  c_w.l(libinit2.o)
    0x080001a6   0x080001a6   0x00000000   Code   RO         3876    .ARM.Collect$$libinit$$0000002C  c_w.l(libinit2.o)
    0x080001a6   0x080001a6   0x00000000   Code   RO         3878    .ARM.Collect$$libinit$$0000002E  c_w.l(libinit2.o)
    0x080001a6   0x080001a6   0x00000000   Code   RO         3880    .ARM.Collect$$libinit$$00000030  c_w.l(libinit2.o)
    0x080001a6   0x080001a6   0x00000000   Code   RO         3882    .ARM.Collect$$libinit$$00000032  c_w.l(libinit2.o)
    0x080001a6   0x080001a6   0x00000002   Code   RO         3883    .ARM.Collect$$libinit$$00000033  c_w.l(libinit2.o)
    0x080001a8   0x080001a8   0x00000002   Code   RO         3901    .ARM.Collect$$libshutdown$$00000000  c_w.l(libshutdown.o)
    0x080001aa   0x080001aa   0x00000000   Code   RO         3911    .ARM.Collect$$libshutdown$$00000002  c_w.l(libshutdown2.o)
    0x080001aa   0x080001aa   0x00000000   Code   RO         3913    .ARM.Collect$$libshutdown$$00000004  c_w.l(libshutdown2.o)
    0x080001aa   0x080001aa   0x00000000   Code   RO         3916    .ARM.Collect$$libshutdown$$00000007  c_w.l(libshutdown2.o)
    0x080001aa   0x080001aa   0x00000000   Code   RO         3919    .ARM.Collect$$libshutdown$$0000000A  c_w.l(libshutdown2.o)
    0x080001aa   0x080001aa   0x00000000   Code   RO         3921    .ARM.Collect$$libshutdown$$0000000C  c_w.l(libshutdown2.o)
    0x080001aa   0x080001aa   0x00000000   Code   RO         3924    .ARM.Collect$$libshutdown$$0000000F  c_w.l(libshutdown2.o)
    0x080001aa   0x080001aa   0x00000002   Code   RO         3925    .ARM.Collect$$libshutdown$$00000010  c_w.l(libshutdown2.o)
    0x080001ac   0x080001ac   0x00000000   Code   RO         3808    .ARM.Collect$$rtentry$$00000000  c_w.l(__rtentry.o)
    0x080001ac   0x080001ac   0x00000000   Code   RO         3810    .ARM.Collect$$rtentry$$00000002  c_w.l(__rtentry2.o)
    0x080001ac   0x080001ac   0x00000006   Code   RO         3822    .ARM.Collect$$rtentry$$00000004  c_w.l(__rtentry4.o)
    0x080001b2   0x080001b2   0x00000000   Code   RO         3812    .ARM.Collect$$rtentry$$00000009  c_w.l(__rtentry2.o)
    0x080001b2   0x080001b2   0x00000004   Code   RO         3813    .ARM.Collect$$rtentry$$0000000A  c_w.l(__rtentry2.o)
    0x080001b6   0x080001b6   0x00000000   Code   RO         3815    .ARM.Collect$$rtentry$$0000000C  c_w.l(__rtentry2.o)
    0x080001b6   0x080001b6   0x00000008   Code   RO         3816    .ARM.Collect$$rtentry$$0000000D  c_w.l(__rtentry2.o)
    0x080001be   0x080001be   0x00000002   Code   RO         3837    .ARM.Collect$$rtexit$$00000000  c_w.l(rtexit.o)
    0x080001c0   0x080001c0   0x00000000   Code   RO         3885    .ARM.Collect$$rtexit$$00000002  c_w.l(rtexit2.o)
    0x080001c0   0x080001c0   0x00000004   Code   RO         3886    .ARM.Collect$$rtexit$$00000003  c_w.l(rtexit2.o)
    0x080001c4   0x080001c4   0x00000006   Code   RO         3887    .ARM.Collect$$rtexit$$00000004  c_w.l(rtexit2.o)
    0x080001ca   0x080001ca   0x00000002   PAD
    0x080001cc   0x080001cc   0x00000020   Code   RO          804    .emb_text           core_cm3.o
    0x080001ec   0x080001ec   0x00000040   Code   RO          817  * .text               startup_stm32f10x_hd.o
    0x0800022c   0x0800022c   0x00000002   Code   RO         3790    .text               c_w.l(use_no_semi_2.o)
    0x0800022e   0x0800022e   0x00000058   Code   RO         3792    .text               c_w.l(memcmp.o)
    0x08000286   0x08000286   0x0000008a   Code   RO         3796    .text               c_w.l(rt_memcpy_v6.o)
    0x08000310   0x08000310   0x00000064   Code   RO         3798    .text               c_w.l(rt_memcpy_w.o)
    0x08000374   0x08000374   0x0000004e   Code   RO         3800    .text               c_w.l(rt_memclr_w.o)
    0x080003c2   0x080003c2   0x00000006   Code   RO         3802    .text               c_w.l(heapauxi.o)
    0x080003c8   0x080003c8   0x00000002   Code   RO         3806    .text               c_w.l(use_no_semi.o)
    0x080003ca   0x080003ca   0x0000004a   Code   RO         3824    .text               c_w.l(sys_stackheap_outer.o)
    0x08000414   0x08000414   0x00000012   Code   RO         3826    .text               c_w.l(exit.o)
    0x08000426   0x08000426   0x00000002   PAD
    0x08000428   0x08000428   0x00000008   Code   RO         3834    .text               c_w.l(libspace.o)
    0x08000430   0x08000430   0x00000004   Code   RO          169    i.BusFault_Handler  stm32f10x_it.o
    0x08000434   0x08000434   0x00000002   Code   RO          170    i.DebugMon_Handler  stm32f10x_it.o
    0x08000436   0x08000436   0x00000002   PAD
    0x08000438   0x08000438   0x0000004c   Code   RO         1677    i.FLASH_ErasePage   stm32f10x_flash.o
    0x08000484   0x08000484   0x00000034   Code   RO         1678    i.FLASH_GetBank1Status  stm32f10x_flash.o
    0x080004b8   0x080004b8   0x00000014   Code   RO         1687    i.FLASH_Lock        stm32f10x_flash.o
    0x080004cc   0x080004cc   0x0000001c   Code   RO         1689    i.FLASH_PrefetchBufferCmd  stm32f10x_flash.o
    0x080004e8   0x080004e8   0x00000040   Code   RO         1690    i.FLASH_ProgramHalfWord  stm32f10x_flash.o
    0x08000528   0x08000528   0x0000006c   Code   RO         1692    i.FLASH_ProgramWord  stm32f10x_flash.o
    0x08000594   0x08000594   0x00000018   Code   RO         1694    i.FLASH_SetLatency  stm32f10x_flash.o
    0x080005ac   0x080005ac   0x00000018   Code   RO         1695    i.FLASH_Unlock      stm32f10x_flash.o
    0x080005c4   0x080005c4   0x00000026   Code   RO         1699    i.FLASH_WaitForLastOperation  stm32f10x_flash.o
    0x080005ea   0x080005ea   0x00000116   Code   RO         1972    i.GPIO_Init         stm32f10x_gpio.o
    0x08000700   0x08000700   0x00000004   Code   RO         1979    i.GPIO_ResetBits    stm32f10x_gpio.o
    0x08000704   0x08000704   0x00000004   Code   RO         1980    i.GPIO_SetBits      stm32f10x_gpio.o
    0x08000708   0x08000708   0x0000007a   Code   RO          347    i.HSE_SetSysClock   bsp_clkconfig.o
    0x08000782   0x08000782   0x00000004   Code   RO          171    i.HardFault_Handler  stm32f10x_it.o
    0x08000786   0x08000786   0x00000004   Code   RO          172    i.MemManage_Handler  stm32f10x_it.o
    0x0800078a   0x0800078a   0x00000002   Code   RO          173    i.NMI_Handler       stm32f10x_it.o
    0x0800078c   0x0800078c   0x00000070   Code   RO          821    i.NVIC_Init         misc.o
    0x080007fc   0x080007fc   0x00000002   Code   RO          174    i.PendSV_Handler    stm32f10x_it.o
    0x080007fe   0x080007fe   0x00000002   PAD
    0x08000800   0x08000800   0x00000020   Code   RO         2388    i.RCC_APB1PeriphClockCmd  stm32f10x_rcc.o
    0x08000820   0x08000820   0x00000020   Code   RO         2389    i.RCC_APB1PeriphResetCmd  stm32f10x_rcc.o
    0x08000840   0x08000840   0x00000020   Code   RO         2390    i.RCC_APB2PeriphClockCmd  stm32f10x_rcc.o
    0x08000860   0x08000860   0x0000004c   Code   RO         2397    i.RCC_DeInit        stm32f10x_rcc.o
    0x080008ac   0x080008ac   0x000000d4   Code   RO         2398    i.RCC_GetClocksFreq  stm32f10x_rcc.o
    0x08000980   0x08000980   0x0000003c   Code   RO         2399    i.RCC_GetFlagStatus  stm32f10x_rcc.o
    0x080009bc   0x080009bc   0x00000010   Code   RO         2401    i.RCC_GetSYSCLKSource  stm32f10x_rcc.o
    0x080009cc   0x080009cc   0x00000018   Code   RO         2402    i.RCC_HCLKConfig    stm32f10x_rcc.o
    0x080009e4   0x080009e4   0x0000004c   Code   RO         2403    i.RCC_HSEConfig     stm32f10x_rcc.o
    0x08000a30   0x08000a30   0x00000018   Code   RO         2409    i.RCC_PCLK1Config   stm32f10x_rcc.o
    0x08000a48   0x08000a48   0x00000018   Code   RO         2410    i.RCC_PCLK2Config   stm32f10x_rcc.o
    0x08000a60   0x08000a60   0x0000000c   Code   RO         2411    i.RCC_PLLCmd        stm32f10x_rcc.o
    0x08000a6c   0x08000a6c   0x0000001c   Code   RO         2412    i.RCC_PLLConfig     stm32f10x_rcc.o
    0x08000a88   0x08000a88   0x00000018   Code   RO         2415    i.RCC_SYSCLKConfig  stm32f10x_rcc.o
    0x08000aa0   0x08000aa0   0x0000003a   Code   RO         2417    i.RCC_WaitForHSEStartUp  stm32f10x_rcc.o
    0x08000ada   0x08000ada   0x00000002   PAD
    0x08000adc   0x08000adc   0x000000d4   Code   RO          292    i.RS485_Init        rs485.o
    0x08000bb0   0x08000bb0   0x0000005c   Code   RO          294    i.RS485_Send_Data   rs485.o
    0x08000c0c   0x08000c0c   0x00000002   Code   RO          175    i.SVC_Handler       stm32f10x_it.o
    0x08000c0e   0x08000c0e   0x00000008   Code   RO          258    i.SetSysClock       system_stm32f10x.o
    0x08000c16   0x08000c16   0x00000002   PAD
    0x08000c18   0x08000c18   0x000000e0   Code   RO          259    i.SetSysClockTo72   system_stm32f10x.o
    0x08000cf8   0x08000cf8   0x00000028   Code   RO          825    i.SysTick_CLKSourceConfig  misc.o
    0x08000d20   0x08000d20   0x00000002   Code   RO          176    i.SysTick_Handler   stm32f10x_it.o
    0x08000d22   0x08000d22   0x00000002   PAD
    0x08000d24   0x08000d24   0x000000a4   Code   RO          260    i.SystemCoreClockUpdate  system_stm32f10x.o
    0x08000dc8   0x08000dc8   0x00000060   Code   RO          261    i.SystemInit        system_stm32f10x.o
    0x08000e28   0x08000e28   0x00000108   Code   RO          426    i.TIM3_IRQHandler   ymodem.o
    0x08000f30   0x08000f30   0x00000006   Code   RO         3017    i.TIM_ClearITPendingBit  stm32f10x_tim.o
    0x08000f36   0x08000f36   0x00000018   Code   RO         3022    i.TIM_Cmd           stm32f10x_tim.o
    0x08000f4e   0x08000f4e   0x00000022   Code   RO         3043    i.TIM_GetITStatus   stm32f10x_tim.o
    0x08000f70   0x08000f70   0x00000012   Code   RO         3047    i.TIM_ITConfig      stm32f10x_tim.o
    0x08000f82   0x08000f82   0x00000002   PAD
    0x08000f84   0x08000f84   0x000000a4   Code   RO         3093    i.TIM_TimeBaseInit  stm32f10x_tim.o
    0x08001028   0x08001028   0x00000088   Code   RO          763    i.USART1_IRQHandler  usart.o
    0x080010b0   0x080010b0   0x00000050   Code   RO          427    i.USART2_IRQHandler  ymodem.o
    0x08001100   0x08001100   0x00000018   Code   RO         3558    i.USART_Cmd         stm32f10x_usart.o
    0x08001118   0x08001118   0x0000001a   Code   RO         3561    i.USART_GetFlagStatus  stm32f10x_usart.o
    0x08001132   0x08001132   0x00000054   Code   RO         3562    i.USART_GetITStatus  stm32f10x_usart.o
    0x08001186   0x08001186   0x0000004a   Code   RO         3564    i.USART_ITConfig    stm32f10x_usart.o
    0x080011d0   0x080011d0   0x000000d8   Code   RO         3565    i.USART_Init        stm32f10x_usart.o
    0x080012a8   0x080012a8   0x0000000a   Code   RO         3572    i.USART_ReceiveData  stm32f10x_usart.o
    0x080012b2   0x080012b2   0x00000008   Code   RO         3575    i.USART_SendData    stm32f10x_usart.o
    0x080012ba   0x080012ba   0x00000004   Code   RO          177    i.UsageFault_Handler  stm32f10x_it.o
    0x080012be   0x080012be   0x00000004   Code   RO          764    i._sys_exit         usart.o
    0x080012c2   0x080012c2   0x00000002   PAD
    0x080012c4   0x080012c4   0x00000020   Code   RO            1    i.active_image_valid  main.o
    0x080012e4   0x080012e4   0x00000018   Code   RO            2    i.backup_image_valid  main.o
    0x080012fc   0x080012fc   0x00000094   Code   RO          428    i.begin_transfer    ymodem.o
    0x08001390   0x08001390   0x0000005c   Code   RO          582    i.boot_backup_is_valid  crc_check.o
    0x080013ec   0x080013ec   0x00000094   Code   RO          634    i.boot_copy_image   boot_flag.o
    0x08001480   0x08001480   0x0000003c   Code   RO          583    i.boot_image_crc32  crc_check.o
    0x080014bc   0x080014bc   0x00000060   Code   RO          584    i.boot_image_is_valid  crc_check.o
    0x0800151c   0x0800151c   0x00000078   Code   RO          635    i.boot_metadata_read  boot_flag.o
    0x08001594   0x08001594   0x00000130   Code   RO          636    i.boot_metadata_write  boot_flag.o
    0x080016c4   0x080016c4   0x0000004c   Code   RO          637    i.boot_restore_backup  boot_flag.o
    0x08001710   0x08001710   0x00000080   Code   RO          365    i.cleanup_bootloader_environment  bootloader.o
    0x08001790   0x08001790   0x0000004a   Code   RO          585    i.crc16_ccitt       crc_check.o
    0x080017da   0x080017da   0x00000002   PAD
    0x080017dc   0x080017dc   0x0000003c   Code   RO          638    i.crc32_bytes       boot_flag.o
    0x08001818   0x08001818   0x00000044   Code   RO          696    i.delay_init        delay.o
    0x0800185c   0x0800185c   0x0000004c   Code   RO          697    i.delay_ms          delay.o
    0x080018a8   0x080018a8   0x00000018   Code   RO            3    i.direct_image_valid  main.o
    0x080018c0   0x080018c0   0x00000020   Code   RO            4    i.enter_update_mode  main.o
    0x080018e0   0x080018e0   0x00000044   Code   RO            5    i.fallback_to_confirmed_app  main.o
    0x08001924   0x08001924   0x00000050   Code   RO          366    i.flash_region_valid  bootloader.o
    0x08001974   0x08001974   0x00000080   Code   RO          429    i.get_expected_ymodem_frame_length  ymodem.o
    0x080019f4   0x080019f4   0x0000000c   Code   RO          430    i.get_ymodem_status  ymodem.o
    0x08001a00   0x08001a00   0x00000030   Code   RO          431    i.header_packet_valid  ymodem.o
    0x08001a30   0x08001a30   0x0000001a   Code   RO          432    i.is_empty_end_header  ymodem.o
    0x08001a4a   0x08001a4a   0x00000002   PAD
    0x08001a4c   0x08001a4c   0x00000074   Code   RO          367    i.jump_app          bootloader.o
    0x08001ac0   0x08001ac0   0x00000038   Code   RO          639    i.legacy_record_valid  boot_flag.o
    0x08001af8   0x08001af8   0x000000a8   Code   RO          640    i.legacy_to_metadata  boot_flag.o
    0x08001ba0   0x08001ba0   0x000002cc   Code   RO            6    i.main              main.o
    0x08001e6c   0x08001e6c   0x00000064   Code   RO          368    i.mcu_flash_erase   bootloader.o
    0x08001ed0   0x08001ed0   0x00000018   Code   RO          369    i.mcu_flash_read    bootloader.o
    0x08001ee8   0x08001ee8   0x00000062   Code   RO          370    i.mcu_flash_write   bootloader.o
    0x08001f4a   0x08001f4a   0x00000002   PAD
    0x08001f4c   0x08001f4c   0x00000058   Code   RO          641    i.metadata_record_valid  boot_flag.o
    0x08001fa4   0x08001fa4   0x0000002c   Code   RO          642    i.metadata_state_valid  boot_flag.o
    0x08001fd0   0x08001fd0   0x00000090   Code   RO          433    i.parse_image_size  ymodem.o
    0x08002060   0x08002060   0x0000006c   Code   RO            7    i.prepare_update    main.o
    0x080020cc   0x080020cc   0x0000003c   Code   RO          434    i.queue_append      ymodem.o
    0x08002108   0x08002108   0x0000003a   Code   RO          435    i.queue_delete      ymodem.o
    0x08002142   0x08002142   0x00000010   Code   RO          437    i.queue_initiate    ymodem.o
    0x08002152   0x08002152   0x00000002   PAD
    0x08002154   0x08002154   0x00000054   Code   RO            8    i.recover_receiving  main.o
    0x080021a8   0x080021a8   0x00000024   Code   RO          587    i.reset_vector_valid  crc_check.o
    0x080021cc   0x080021cc   0x00000010   Code   RO          643    i.sequence_is_newer  boot_flag.o
    0x080021dc   0x080021dc   0x0000000c   Code   RO          439    i.set_ymodem_status  ymodem.o
    0x080021e8   0x080021e8   0x00000024   Code   RO          588    i.stack_pointer_valid  crc_check.o
    0x0800220c   0x0800220c   0x00000030   Code   RO          371    i.system_reboot     bootloader.o
    0x0800223c   0x0800223c   0x00000060   Code   RO          440    i.timer_init        ymodem.o
    0x0800229c   0x0800229c   0x00000030   Code   RO          589    i.verify_ymodem_packet  crc_check.o
    0x080022cc   0x080022cc   0x0000003c   Code   RO          441    i.ymodem_abort_transfer  ymodem.o
    0x08002308   0x08002308   0x00000010   Code   RO          442    i.ymodem_ack        ymodem.o
    0x08002318   0x08002318   0x00000010   Code   RO          443    i.ymodem_c          ymodem.o
    0x08002328   0x08002328   0x0000004c   Code   RO          444    i.ymodem_init       ymodem.o
    0x08002374   0x08002374   0x00000010   Code   RO          445    i.ymodem_nack       ymodem.o
    0x08002384   0x08002384   0x0000024c   Code   RO          446    i.ymodem_recv       ymodem.o
    0x080025d0   0x080025d0   0x00000024   Code   RO          447    i.ymodem_reset_transfer  ymodem.o
    0x080025f4   0x080025f4   0x00000014   Code   RO          449    i.ymodem_take_rx_activity  ymodem.o
    0x08002608   0x08002608   0x00000020   Data   RO         3957    Region$$Table       anon$$obj.o


    Execution Region ER_RW (Exec base: 0x20000000, Load base: 0x08002628, Size: 0x00000054, Max: 0xffffffff, ABSOLUTE)

    Exec Addr    Load Addr    Size         Type   Attr      Idx    E Section Name        Object

    0x20000000   0x08002628   0x00000014   Data   RW          262    .data               system_stm32f10x.o
    0x20000014   0x0800263c   0x00000001   Data   RW          300    .data               rs485.o
    0x20000015   0x0800263d   0x00000003   PAD
    0x20000018   0x08002640   0x0000001c   Data   RW          451    .data               ymodem.o
    0x20000034   0x0800265c   0x00000004   Data   RW          699    .data               delay.o
    0x20000038   0x08002660   0x00000006   Data   RW          768    .data               usart.o
    0x2000003e   0x08002666   0x00000014   Data   RW         2418    .data               stm32f10x_rcc.o


    Execution Region ER_ZI (Exec base: 0x20000054, Load base: 0x0800267c, Size: 0x00001434, Max: 0xffffffff, ABSOLUTE)

    Exec Addr    Load Addr    Size         Type   Attr      Idx    E Section Name        Object

    0x20000054        -       0x0000090c   Zero   RW          450    .bss                ymodem.o
    0x20000960        -       0x00000400   Zero   RW          644    .bss                boot_flag.o
    0x20000d60        -       0x000000c8   Zero   RW          767    .bss                usart.o
    0x20000e28        -       0x00000060   Zero   RW         3835    .bss                c_w.l(libspace.o)
    0x20000e88        -       0x00000200   Zero   RW          815    HEAP                startup_stm32f10x_hd.o
    0x20001088        -       0x00000400   Zero   RW          814    STACK               startup_stm32f10x_hd.o


==============================================================================

Image component sizes


      Code (inc. data)   RO Data    RW Data    ZI Data      Debug   Object Name

      1080         86          0          0       1024       7459   boot_flag.o
       594         70          0          0          0      20051   bootloader.o
       122          0          0          0          0        926   bsp_clkconfig.o
        32          0          0          0          0        520   core_cm3.o
       442         20          0          0          0       5093   crc_check.o
       144         22          0          4          0       1168   delay.o
      1088         62          0          0          0     264815   main.o
       152         12          0          0          0       1506   misc.o
       304         26          0          1          0       1799   rs485.o
        64         26        304          0       1536        788   startup_stm32f10x_hd.o
       434         48          0          0          0       6511   stm32f10x_flash.o
       286          0          0          0          0       2988   stm32f10x_gpio.o
        26          0          0          0          0     206954   stm32f10x_it.o
       730         98          0         20          0      10879   stm32f10x_rcc.o
       246         42          0          0          0       3478   stm32f10x_tim.o
       442          6          0          0          0       6077   stm32f10x_usart.o
         0          0          0          0          0         32   sys.o
       492         48          0         20          0       2609   system_stm32f10x.o
       140         14          0          6        200       2888   usart.o
      1920        158          0         28       2316      13012   ymodem.o

    ----------------------------------------------------------------------
      8760        738        336         84       5076     559553   Object Totals
         0          0         32          0          0          0   (incl. Generated)
        22          0          0          5          0          0   (incl. Padding)

    ----------------------------------------------------------------------

      Code (inc. data)   RO Data    RW Data    ZI Data      Debug   Library Member Name

         8          0          0          0          0         68   __main.o
         0          0          0          0          0          0   __rtentry.o
        12          0          0          0          0          0   __rtentry2.o
         6          0          0          0          0          0   __rtentry4.o
        52          8          0          0          0          0   __scatter.o
        26          0          0          0          0          0   __scatter_copy.o
        28          0          0          0          0          0   __scatter_zi.o
        18          0          0          0          0         80   exit.o
         6          0          0          0          0        152   heapauxi.o
         2          0          0          0          0          0   libinit.o
         2          0          0          0          0          0   libinit2.o
         2          0          0          0          0          0   libshutdown.o
         2          0          0          0          0          0   libshutdown2.o
         8          4          0          0         96         68   libspace.o
        88          0          0          0          0         76   memcmp.o
        78          0          0          0          0         80   rt_memclr_w.o
       138          0          0          0          0         68   rt_memcpy_v6.o
       100          0          0          0          0         80   rt_memcpy_w.o
         2          0          0          0          0          0   rtexit.o
        10          0          0          0          0          0   rtexit2.o
        74          0          0          0          0         80   sys_stackheap_outer.o
         2          0          0          0          0         68   use_no_semi.o
         2          0          0          0          0         68   use_no_semi_2.o

    ----------------------------------------------------------------------
       672         12          0          0         96        888   Library Totals
         6          0          0          0          0          0   (incl. Padding)

    ----------------------------------------------------------------------

      Code (inc. data)   RO Data    RW Data    ZI Data      Debug   Library Name

       666         12          0          0         96        888   c_w.l

    ----------------------------------------------------------------------
       672         12          0          0         96        888   Library Totals

    ----------------------------------------------------------------------

==============================================================================


      Code (inc. data)   RO Data    RW Data    ZI Data      Debug   

      9432        750        336         84       5172     554353   Grand Totals
      9432        750        336         84       5172     554353   ELF Image Totals
      9432        750        336         84          0          0   ROM Totals

==============================================================================

    Total RO  Size (Code + RO Data)                 9768 (   9.54kB)
    Total RW  Size (RW Data + ZI Data)              5256 (   5.13kB)
    Total ROM Size (Code + RO Data + RW Data)       9852 (   9.62kB)

==============================================================================

