Component: ARM Compiler 5.06 update 6 (build 750) Tool: armlink [4d35ed]

==============================================================================

Section Cross References

    main.o(i.main) refers to bsp_clkconfig.o(i.HSE_SetSysClock) for HSE_SetSysClock
    main.o(i.main) refers to delay.o(i.delay_init) for delay_init
    main.o(i.main) refers to ms8607.o(i.MS8607_IIC_Config) for MS8607_IIC_Config
    main.o(i.main) refers to usart.o(i.uart_init) for uart_init
    main.o(i.main) refers to eeprom.o(i.Flash_Storage_Init) for Flash_Storage_Init
    main.o(i.main) refers to wdg.o(i.IWDG_Init) for IWDG_Init
    main.o(i.main) refers to delay.o(i.delay_ms) for delay_ms
    main.o(i.main) refers to misc.o(i.NVIC_PriorityGroupConfig) for NVIC_PriorityGroupConfig
    main.o(i.main) refers to rs485.o(i.Modbus_uart2_init) for Modbus_uart2_init
    main.o(i.main) refers to timer.o(i.TIM3_Int_Init) for TIM3_Int_Init
    main.o(i.main) refers to timer.o(i.TIM4_Int_Init) for TIM4_Int_Init
    main.o(i.main) refers to rs485.o(i.Usart2_SendString) for Usart2_SendString
    main.o(i.main) refers to modbus.o(i.Modbus_Init) for Modbus_Init
    main.o(i.main) refers to iap_trigger.o(i.iap_confirm_app_boot) for iap_confirm_app_boot
    main.o(i.main) refers to wdg.o(i.IWDG_Feed) for IWDG_Feed
    main.o(i.main) refers to ms8607.o(i.MS8607_ReadDate) for MS8607_ReadDate
    main.o(i.main) refers to modbus.o(i.Modbus_Event) for Modbus_Event
    system_stm32f10x.o(i.SystemCoreClockUpdate) refers to system_stm32f10x.o(.data) for .data
    system_stm32f10x.o(i.SystemInit) refers to system_stm32f10x.o(i.SetSysClockTo72) for SetSysClockTo72
    rs485.o(i.Modbus_Send_Byte) refers to stm32f10x_usart.o(i.USART_SendData) for USART_SendData
    rs485.o(i.Modbus_Send_Byte) refers to stm32f10x_usart.o(i.USART_GetFlagStatus) for USART_GetFlagStatus
    rs485.o(i.Modbus_Send_Byte) refers to stm32f10x_usart.o(i.USART_ClearFlag) for USART_ClearFlag
    rs485.o(i.Modbus_uart2_init) refers to stm32f10x_rcc.o(i.RCC_APB1PeriphClockCmd) for RCC_APB1PeriphClockCmd
    rs485.o(i.Modbus_uart2_init) refers to stm32f10x_rcc.o(i.RCC_APB2PeriphClockCmd) for RCC_APB2PeriphClockCmd
    rs485.o(i.Modbus_uart2_init) refers to stm32f10x_gpio.o(i.GPIO_Init) for GPIO_Init
    rs485.o(i.Modbus_uart2_init) refers to stm32f10x_rcc.o(i.RCC_APB1PeriphResetCmd) for RCC_APB1PeriphResetCmd
    rs485.o(i.Modbus_uart2_init) refers to stm32f10x_usart.o(i.USART_Init) for USART_Init
    rs485.o(i.Modbus_uart2_init) refers to misc.o(i.NVIC_Init) for NVIC_Init
    rs485.o(i.Modbus_uart2_init) refers to stm32f10x_usart.o(i.USART_ITConfig) for USART_ITConfig
    rs485.o(i.Modbus_uart2_init) refers to stm32f10x_usart.o(i.USART_Cmd) for USART_Cmd
    rs485.o(i.Modbus_uart2_init) refers to stm32f10x_gpio.o(i.GPIO_ResetBits) for GPIO_ResetBits
    rs485.o(i.Modbus_uart2_reconfig) refers to stm32f10x_usart.o(i.USART_Cmd) for USART_Cmd
    rs485.o(i.Modbus_uart2_reconfig) refers to stm32f10x_usart.o(i.USART_Init) for USART_Init
    rs485.o(i.Modbus_uart2_reconfig) refers to stm32f10x_gpio.o(i.GPIO_ResetBits) for GPIO_ResetBits
    rs485.o(i.USART2_IRQHandler) refers to stm32f10x_usart.o(i.USART_GetITStatus) for USART_GetITStatus
    rs485.o(i.USART2_IRQHandler) refers to stm32f10x_usart.o(i.USART_ReceiveData) for USART_ReceiveData
    rs485.o(i.USART2_IRQHandler) refers to modbus.o(.bss) for modbus
    rs485.o(i.USART_Send_Data) refers to stm32f10x_usart.o(i.USART_GetFlagStatus) for USART_GetFlagStatus
    rs485.o(i.USART_Send_Data) refers to stm32f10x_usart.o(i.USART_SendData) for USART_SendData
    rs485.o(i.Usart2_Printf) refers to stm32f10x_gpio.o(i.GPIO_SetBits) for GPIO_SetBits
    rs485.o(i.Usart2_Printf) refers to rs485.o(i.USART_Send_Data) for USART_Send_Data
    rs485.o(i.Usart2_Printf) refers to stm32f10x_gpio.o(i.GPIO_ResetBits) for GPIO_ResetBits
    rs485.o(i.Usart2_SendString) refers to strlen.o(.text) for strlen
    rs485.o(i.Usart2_SendString) refers to stm32f10x_gpio.o(i.GPIO_SetBits) for GPIO_SetBits
    rs485.o(i.Usart2_SendString) refers to rs485.o(i.USART_Send_Data) for USART_Send_Data
    rs485.o(i.Usart2_SendString) refers to stm32f10x_gpio.o(i.GPIO_ResetBits) for GPIO_ResetBits
    rs485.o(i.Usart2_Send_Byte) refers to stm32f10x_gpio.o(i.GPIO_SetBits) for GPIO_SetBits
    rs485.o(i.Usart2_Send_Byte) refers to stm32f10x_usart.o(i.USART_GetFlagStatus) for USART_GetFlagStatus
    rs485.o(i.Usart2_Send_Byte) refers to stm32f10x_usart.o(i.USART_SendData) for USART_SendData
    rs485.o(i.Usart2_Send_Byte) refers to stm32f10x_gpio.o(i.GPIO_ResetBits) for GPIO_ResetBits
    timer.o(i.TIM3_IRQHandler) refers to stm32f10x_tim.o(i.TIM_GetITStatus) for TIM_GetITStatus
    timer.o(i.TIM3_IRQHandler) refers to stm32f10x_tim.o(i.TIM_ClearITPendingBit) for TIM_ClearITPendingBit
    timer.o(i.TIM3_IRQHandler) refers to modbus.o(.bss) for modbus
    timer.o(i.TIM3_Int_Init) refers to stm32f10x_rcc.o(i.RCC_APB1PeriphClockCmd) for RCC_APB1PeriphClockCmd
[...]
    Removing stm32f10x_rtc.o(i.RTC_GetITStatus), (32 bytes).
    Removing stm32f10x_rtc.o(i.RTC_ITConfig), (24 bytes).
    Removing stm32f10x_rtc.o(i.RTC_SetAlarm), (32 bytes).
    Removing stm32f10x_rtc.o(i.RTC_SetCounter), (32 bytes).
    Removing stm32f10x_rtc.o(i.RTC_SetPrescaler), (32 bytes).
    Removing stm32f10x_rtc.o(i.RTC_WaitForLastTask), (16 bytes).
    Removing stm32f10x_rtc.o(i.RTC_WaitForSynchro), (24 bytes).
    Removing stm32f10x_sdio.o(i.SDIO_CEATAITCmd), (16 bytes).
    Removing stm32f10x_sdio.o(i.SDIO_ClearFlag), (12 bytes).
    Removing stm32f10x_sdio.o(i.SDIO_ClearITPendingBit), (12 bytes).
    Removing stm32f10x_sdio.o(i.SDIO_ClockCmd), (12 bytes).
    Removing stm32f10x_sdio.o(i.SDIO_CmdStructInit), (14 bytes).
    Removing stm32f10x_sdio.o(i.SDIO_CommandCompletionCmd), (12 bytes).
    Removing stm32f10x_sdio.o(i.SDIO_DMACmd), (12 bytes).
    Removing stm32f10x_sdio.o(i.SDIO_DataConfig), (44 bytes).
    Removing stm32f10x_sdio.o(i.SDIO_DataStructInit), (20 bytes).
    Removing stm32f10x_sdio.o(i.SDIO_DeInit), (36 bytes).
    Removing stm32f10x_sdio.o(i.SDIO_GetCommandResponse), (12 bytes).
    Removing stm32f10x_sdio.o(i.SDIO_GetDataCounter), (12 bytes).
    Removing stm32f10x_sdio.o(i.SDIO_GetFIFOCount), (12 bytes).
    Removing stm32f10x_sdio.o(i.SDIO_GetFlagStatus), (20 bytes).
    Removing stm32f10x_sdio.o(i.SDIO_GetITStatus), (20 bytes).
    Removing stm32f10x_sdio.o(i.SDIO_GetPowerState), (16 bytes).
    Removing stm32f10x_sdio.o(i.SDIO_GetResponse), (16 bytes).
    Removing stm32f10x_sdio.o(i.SDIO_ITConfig), (24 bytes).
    Removing stm32f10x_sdio.o(i.SDIO_Init), (44 bytes).
    Removing stm32f10x_sdio.o(i.SDIO_ReadData), (12 bytes).
    Removing stm32f10x_sdio.o(i.SDIO_SendCEATACmd), (12 bytes).
    Removing stm32f10x_sdio.o(i.SDIO_SendCommand), (40 bytes).
    Removing stm32f10x_sdio.o(i.SDIO_SendSDIOSuspendCmd), (12 bytes).
    Removing stm32f10x_sdio.o(i.SDIO_SetPowerState), (24 bytes).
    Removing stm32f10x_sdio.o(i.SDIO_SetSDIOOperation), (12 bytes).
    Removing stm32f10x_sdio.o(i.SDIO_SetSDIOReadWaitMode), (12 bytes).
    Removing stm32f10x_sdio.o(i.SDIO_StartSDIOReadWait), (12 bytes).
    Removing stm32f10x_sdio.o(i.SDIO_StopSDIOReadWait), (12 bytes).
    Removing stm32f10x_sdio.o(i.SDIO_StructInit), (16 bytes).
    Removing stm32f10x_sdio.o(i.SDIO_WriteData), (12 bytes).
    Removing stm32f10x_spi.o(i.I2S_Cmd), (20 bytes).
    Removing stm32f10x_spi.o(i.I2S_Init), (150 bytes).
    Removing stm32f10x_spi.o(i.I2S_StructInit), (18 bytes).
    Removing stm32f10x_spi.o(i.SPI_BiDirectionalLineConfig), (22 bytes).
    Removing stm32f10x_spi.o(i.SPI_CalculateCRC), (20 bytes).
    Removing stm32f10x_spi.o(i.SPI_Cmd), (20 bytes).
    Removing stm32f10x_spi.o(i.SPI_DataSizeConfig), (16 bytes).
    Removing stm32f10x_spi.o(i.SPI_GetCRC), (12 bytes).
    Removing stm32f10x_spi.o(i.SPI_GetCRCPolynomial), (4 bytes).
    Removing stm32f10x_spi.o(i.SPI_I2S_ClearFlag), (6 bytes).
    Removing stm32f10x_spi.o(i.SPI_I2S_ClearITPendingBit), (14 bytes).
    Removing stm32f10x_spi.o(i.SPI_I2S_DMACmd), (16 bytes).
    Removing stm32f10x_spi.o(i.SPI_I2S_DeInit), (84 bytes).
    Removing stm32f10x_spi.o(i.SPI_I2S_GetFlagStatus), (14 bytes).
    Removing stm32f10x_spi.o(i.SPI_I2S_GetITStatus), (44 bytes).
    Removing stm32f10x_spi.o(i.SPI_I2S_ITConfig), (24 bytes).
    Removing stm32f10x_spi.o(i.SPI_I2S_ReceiveData), (4 bytes).
    Removing stm32f10x_spi.o(i.SPI_I2S_SendData), (4 bytes).
    Removing stm32f10x_spi.o(i.SPI_Init), (56 bytes).
    Removing stm32f10x_spi.o(i.SPI_NSSInternalSoftwareConfig), (24 bytes).
    Removing stm32f10x_spi.o(i.SPI_SSOutputCmd), (20 bytes).
    Removing stm32f10x_spi.o(i.SPI_StructInit), (24 bytes).
    Removing stm32f10x_spi.o(i.SPI_TransmitCRC), (10 bytes).
    Removing stm32f10x_tim.o(i.TI1_Config), (108 bytes).
    Removing stm32f10x_tim.o(i.TI2_Config), (124 bytes).
    Removing stm32f10x_tim.o(i.TIM_ARRPreloadConfig), (20 bytes).
    Removing stm32f10x_tim.o(i.TIM_BDTRConfig), (34 bytes).
    Removing stm32f10x_tim.o(i.TIM_BDTRStructInit), (18 bytes).
    Removing stm32f10x_tim.o(i.TIM_CCPreloadControl), (20 bytes).
    Removing stm32f10x_tim.o(i.TIM_CCxCmd), (22 bytes).
    Removing stm32f10x_tim.o(i.TIM_CCxNCmd), (22 bytes).
    Removing stm32f10x_tim.o(i.TIM_ClearFlag), (6 bytes).
    Removing stm32f10x_tim.o(i.TIM_ClearOC1Ref), (12 bytes).
    Removing stm32f10x_tim.o(i.TIM_ClearOC2Ref), (20 bytes).
    Removing stm32f10x_tim.o(i.TIM_ClearOC3Ref), (12 bytes).
    Removing stm32f10x_tim.o(i.TIM_ClearOC4Ref), (20 bytes).
    Removing stm32f10x_tim.o(i.TIM_CounterModeConfig), (12 bytes).
    Removing stm32f10x_tim.o(i.TIM_CtrlPWMOutputs), (22 bytes).
    Removing stm32f10x_tim.o(i.TIM_DMACmd), (16 bytes).
    Removing stm32f10x_tim.o(i.TIM_DMAConfig), (8 bytes).
    Removing stm32f10x_tim.o(i.TIM_DeInit), (368 bytes).
    Removing stm32f10x_tim.o(i.TIM_ETRClockMode1Config), (18 bytes).
    Removing stm32f10x_tim.o(i.TIM_ETRClockMode2Config), (18 bytes).
    Removing stm32f10x_tim.o(i.TIM_ETRConfig), (24 bytes).
    Removing stm32f10x_tim.o(i.TIM_EncoderInterfaceConfig), (50 bytes).
    Removing stm32f10x_tim.o(i.TIM_ForcedOC1Config), (12 bytes).
    Removing stm32f10x_tim.o(i.TIM_ForcedOC2Config), (20 bytes).
    Removing stm32f10x_tim.o(i.TIM_ForcedOC3Config), (12 bytes).
    Removing stm32f10x_tim.o(i.TIM_ForcedOC4Config), (20 bytes).
    Removing stm32f10x_tim.o(i.TIM_GenerateEvent), (4 bytes).
    Removing stm32f10x_tim.o(i.TIM_GetCapture1), (4 bytes).
    Removing stm32f10x_tim.o(i.TIM_GetCapture2), (4 bytes).
    Removing stm32f10x_tim.o(i.TIM_GetCapture3), (4 bytes).
    Removing stm32f10x_tim.o(i.TIM_GetCapture4), (6 bytes).
    Removing stm32f10x_tim.o(i.TIM_GetCounter), (4 bytes).
    Removing stm32f10x_tim.o(i.TIM_GetFlagStatus), (14 bytes).
    Removing stm32f10x_tim.o(i.TIM_GetPrescaler), (4 bytes).
    Removing stm32f10x_tim.o(i.TIM_ICInit), (300 bytes).
    Removing stm32f10x_tim.o(i.TIM_ICStructInit), (16 bytes).
    Removing stm32f10x_tim.o(i.TIM_ITRxExternalClockConfig), (18 bytes).
    Removing stm32f10x_tim.o(i.TIM_InternalClockConfig), (10 bytes).
    Removing stm32f10x_tim.o(i.TIM_OC1FastConfig), (12 bytes).
    Removing stm32f10x_tim.o(i.TIM_OC1Init), (128 bytes).
    Removing stm32f10x_tim.o(i.TIM_OC1NPolarityConfig), (12 bytes).
    Removing stm32f10x_tim.o(i.TIM_OC1PolarityConfig), (12 bytes).
    Removing stm32f10x_tim.o(i.TIM_OC1PreloadConfig), (12 bytes).
    Removing stm32f10x_tim.o(i.TIM_OC2FastConfig), (20 bytes).
    Removing stm32f10x_tim.o(i.TIM_OC2Init), (128 bytes).
    Removing stm32f10x_tim.o(i.TIM_OC2NPolarityConfig), (20 bytes).
    Removing stm32f10x_tim.o(i.TIM_OC2PolarityConfig), (20 bytes).
    Removing stm32f10x_tim.o(i.TIM_OC2PreloadConfig), (20 bytes).
    Removing stm32f10x_tim.o(i.TIM_OC3FastConfig), (12 bytes).
    Removing stm32f10x_tim.o(i.TIM_OC3Init), (124 bytes).
    Removing stm32f10x_tim.o(i.TIM_OC3NPolarityConfig), (20 bytes).
    Removing stm32f10x_tim.o(i.TIM_OC3PolarityConfig), (20 bytes).
    Removing stm32f10x_tim.o(i.TIM_OC3PreloadConfig), (12 bytes).
    Removing stm32f10x_tim.o(i.TIM_OC4FastConfig), (20 bytes).
    Removing stm32f10x_tim.o(i.TIM_OC4Init), (100 bytes).
    Removing stm32f10x_tim.o(i.TIM_OC4PolarityConfig), (20 bytes).
    Removing stm32f10x_tim.o(i.TIM_OC4PreloadConfig), (20 bytes).
    Removing stm32f10x_tim.o(i.TIM_OCStructInit), (20 bytes).
    Removing stm32f10x_tim.o(i.TIM_PWMIConfig), (108 bytes).
    Removing stm32f10x_tim.o(i.TIM_PrescalerConfig), (6 bytes).
    Removing stm32f10x_tim.o(i.TIM_SelectCCDMA), (20 bytes).
    Removing stm32f10x_tim.o(i.TIM_SelectCOM), (20 bytes).
    Removing stm32f10x_tim.o(i.TIM_SelectHallSensor), (20 bytes).
    Removing stm32f10x_tim.o(i.TIM_SelectInputTrigger), (12 bytes).
    Removing stm32f10x_tim.o(i.TIM_SelectMasterSlaveMode), (16 bytes).
    Removing stm32f10x_tim.o(i.TIM_SelectOCxM), (70 bytes).
    Removing stm32f10x_tim.o(i.TIM_SelectOnePulseMode), (16 bytes).
    Removing stm32f10x_tim.o(i.TIM_SelectOutputTrigger), (16 bytes).
    Removing stm32f10x_tim.o(i.TIM_SelectSlaveMode), (16 bytes).
    Removing stm32f10x_tim.o(i.TIM_SetAutoreload), (4 bytes).
    Removing stm32f10x_tim.o(i.TIM_SetClockDivision), (16 bytes).
    Removing stm32f10x_tim.o(i.TIM_SetCompare1), (4 bytes).
    Removing stm32f10x_tim.o(i.TIM_SetCompare2), (4 bytes).
    Removing stm32f10x_tim.o(i.TIM_SetCompare3), (4 bytes).
    Removing stm32f10x_tim.o(i.TIM_SetCompare4), (6 bytes).
    Removing stm32f10x_tim.o(i.TIM_SetCounter), (4 bytes).
    Removing stm32f10x_tim.o(i.TIM_SetIC1Prescaler), (16 bytes).
    Removing stm32f10x_tim.o(i.TIM_SetIC2Prescaler), (24 bytes).
    Removing stm32f10x_tim.o(i.TIM_SetIC3Prescaler), (16 bytes).
    Removing stm32f10x_tim.o(i.TIM_SetIC4Prescaler), (24 bytes).
    Removing stm32f10x_tim.o(i.TIM_TIxExternalClockConfig), (46 bytes).
    Removing stm32f10x_tim.o(i.TIM_TimeBaseStructInit), (18 bytes).
    Removing stm32f10x_tim.o(i.TIM_UpdateDisableConfig), (20 bytes).
    Removing stm32f10x_tim.o(i.TIM_UpdateRequestConfig), (20 bytes).
    Removing stm32f10x_usart.o(i.USART_ClearITPendingBit), (12 bytes).
    Removing stm32f10x_usart.o(i.USART_ClockInit), (30 bytes).
    Removing stm32f10x_usart.o(i.USART_ClockStructInit), (12 bytes).
    Removing stm32f10x_usart.o(i.USART_DMACmd), (16 bytes).
    Removing stm32f10x_usart.o(i.USART_DeInit), (116 bytes).
    Removing stm32f10x_usart.o(i.USART_HalfDuplexCmd), (20 bytes).
    Removing stm32f10x_usart.o(i.USART_IrDACmd), (20 bytes).
    Removing stm32f10x_usart.o(i.USART_IrDAConfig), (16 bytes).
    Removing stm32f10x_usart.o(i.USART_LINBreakDetectLengthConfig), (16 bytes).
    Removing stm32f10x_usart.o(i.USART_LINCmd), (20 bytes).
    Removing stm32f10x_usart.o(i.USART_OneBitMethodCmd), (20 bytes).
    Removing stm32f10x_usart.o(i.USART_OverSampling8Cmd), (20 bytes).
    Removing stm32f10x_usart.o(i.USART_ReceiverWakeUpCmd), (20 bytes).
    Removing stm32f10x_usart.o(i.USART_SendBreak), (10 bytes).
    Removing stm32f10x_usart.o(i.USART_SetAddress), (16 bytes).
    Removing stm32f10x_usart.o(i.USART_SetGuardTime), (16 bytes).
    Removing stm32f10x_usart.o(i.USART_SetPrescaler), (16 bytes).
    Removing stm32f10x_usart.o(i.USART_SmartCardCmd), (20 bytes).
    Removing stm32f10x_usart.o(i.USART_SmartCardNACKCmd), (20 bytes).
    Removing stm32f10x_usart.o(i.USART_StructInit), (22 bytes).
    Removing stm32f10x_usart.o(i.USART_WakeUpConfig), (16 bytes).
    Removing stm32f10x_wwdg.o(i.WWDG_ClearFlag), (12 bytes).
    Removing stm32f10x_wwdg.o(i.WWDG_DeInit), (24 bytes).
    Removing stm32f10x_wwdg.o(i.WWDG_Enable), (16 bytes).
    Removing stm32f10x_wwdg.o(i.WWDG_EnableIT), (16 bytes).
    Removing stm32f10x_wwdg.o(i.WWDG_GetFlagStatus), (12 bytes).
    Removing stm32f10x_wwdg.o(i.WWDG_SetCounter), (16 bytes).
    Removing stm32f10x_wwdg.o(i.WWDG_SetPrescaler), (20 bytes).
    Removing stm32f10x_wwdg.o(i.WWDG_SetWindowValue), (28 bytes).
    Removing dfixul.o(.text), (48 bytes).
    Removing cdrcmple.o(.text), (48 bytes).

447 unused section(s) (total 14557 bytes) removed from the image.

==============================================================================

Image Symbol Table

    Local Symbols

    Symbol Name                              Value     Ov Type        Size  Object(Section)

    ../clib/microlib/division.c              0x00000000   Number         0  uldiv.o ABSOLUTE
    ../clib/microlib/division.c              0x00000000   Number         0  uidiv.o ABSOLUTE
    ../clib/microlib/init/entry.s            0x00000000   Number         0  entry9b.o ABSOLUTE
    ../clib/microlib/init/entry.s            0x00000000   Number         0  entry8a.o ABSOLUTE
    ../clib/microlib/init/entry.s            0x00000000   Number         0  entry8b.o ABSOLUTE
    ../clib/microlib/init/entry.s            0x00000000   Number         0  entry10a.o ABSOLUTE
    ../clib/microlib/init/entry.s            0x00000000   Number         0  entry11b.o ABSOLUTE
    ../clib/microlib/init/entry.s            0x00000000   Number         0  entry9a.o ABSOLUTE
    ../clib/microlib/init/entry.s            0x00000000   Number         0  entry7b.o ABSOLUTE
    ../clib/microlib/init/entry.s            0x00000000   Number         0  entry.o ABSOLUTE
    ../clib/microlib/init/entry.s            0x00000000   Number         0  entry11a.o ABSOLUTE
    ../clib/microlib/init/entry.s            0x00000000   Number         0  entry10b.o ABSOLUTE
    ../clib/microlib/init/entry.s            0x00000000   Number         0  entry7a.o ABSOLUTE
    ../clib/microlib/init/entry.s            0x00000000   Number         0  entry5.o ABSOLUTE
    ../clib/microlib/init/entry.s            0x00000000   Number         0  entry2.o ABSOLUTE
    ../clib/microlib/longlong.c              0x00000000   Number         0  llushr.o ABSOLUTE
    ../clib/microlib/longlong.c              0x00000000   Number         0  llshl.o ABSOLUTE
    ../clib/microlib/longlong.c              0x00000000   Number         0  llsshr.o ABSOLUTE
    ../clib/microlib/printf/printf.c         0x00000000   Number         0  printfa.o ABSOLUTE
    ../clib/microlib/printf/printf.c         0x00000000   Number         0  printf4.o ABSOLUTE
    ../clib/microlib/printf/printf.c         0x00000000   Number         0  printfb.o ABSOLUTE
    ../clib/microlib/printf/printf.c         0x00000000   Number         0  printf5.o ABSOLUTE
    ../clib/microlib/printf/printf.c         0x00000000   Number         0  printf6.o ABSOLUTE
    ../clib/microlib/printf/printf.c         0x00000000   Number         0  printf7.o ABSOLUTE
    ../clib/microlib/printf/printf.c         0x00000000   Number         0  printf1.o ABSOLUTE
    ../clib/microlib/printf/printf.c         0x00000000   Number         0  printf8.o ABSOLUTE
    ../clib/microlib/printf/printf.c         0x00000000   Number         0  printf3.o ABSOLUTE
    ../clib/microlib/printf/printf.c         0x00000000   Number         0  printf2.o ABSOLUTE
    ../clib/microlib/printf/printf.c         0x00000000   Number         0  printf0.o ABSOLUTE
    ../clib/microlib/printf/stubs.s          0x00000000   Number         0  stubs.o ABSOLUTE
    ../clib/microlib/string/memcmp.c         0x00000000   Number         0  memcmp.o ABSOLUTE
    ../clib/microlib/string/memcpy.c         0x00000000   Number         0  memcpya.o ABSOLUTE
    ../clib/microlib/string/memcpy.c         0x00000000   Number         0  memcpyb.o ABSOLUTE
    ../clib/microlib/string/strlen.c         0x00000000   Number         0  strlen.o ABSOLUTE
    ../clib/microlib/stubs.s                 0x00000000   Number         0  iusefp.o ABSOLUTE
    ../clib/microlib/stubs.s                 0x00000000   Number         0  useno.o ABSOLUTE
    ../fplib/microlib/d2f.c                  0x00000000   Number         0  d2f.o ABSOLUTE
    ../fplib/microlib/fpadd.c                0x00000000   Number         0  dadd.o ABSOLUTE
    ../fplib/microlib/fpdiv.c                0x00000000   Number         0  ddiv.o ABSOLUTE
    ../fplib/microlib/fpepilogue.c           0x00000000   Number         0  fepilogue.o ABSOLUTE
    ../fplib/microlib/fpepilogue.c           0x00000000   Number         0  depilogue.o ABSOLUTE
    ../fplib/microlib/fpfix.c                0x00000000   Number         0  ffixui.o ABSOLUTE
    ../fplib/microlib/fpfix.c                0x00000000   Number         0  dfixl.o ABSOLUTE
    ../fplib/microlib/fpfix.c                0x00000000   Number         0  dfixul.o ABSOLUTE
    ../fplib/microlib/fpflt.c                0x00000000   Number         0  dflti.o ABSOLUTE
    ../fplib/microlib/fpflt.c                0x00000000   Number         0  dfltui.o ABSOLUTE
    ../fplib/microlib/fpflt.c                0x00000000   Number         0  dfltl.o ABSOLUTE
    ../fplib/microlib/fpmul.c                0x00000000   Number         0  fmul.o ABSOLUTE
    ../fplib/microlib/fpmul.c                0x00000000   Number         0  dmul.o ABSOLUTE
    ../fplib/microlib/fpscalb.c              0x00000000   Number         0  dscalb.o ABSOLUTE
    ..\CORE\core_cm3.c                       0x00000000   Number         0  core_cm3.o ABSOLUTE
    ..\CORE\startup_stm32f10x_hd.s           0x00000000   Number         0  startup_stm32f10x_hd.o ABSOLUTE
    ..\STM32F10x_FWLib\src\misc.c            0x00000000   Number         0  misc.o ABSOLUTE
    ..\STM32F10x_FWLib\src\stm32f10x_adc.c   0x00000000   Number         0  stm32f10x_adc.o ABSOLUTE
    ..\STM32F10x_FWLib\src\stm32f10x_bkp.c   0x00000000   Number         0  stm32f10x_bkp.o ABSOLUTE
    ..\STM32F10x_FWLib\src\stm32f10x_can.c   0x00000000   Number         0  stm32f10x_can.o ABSOLUTE
    ..\STM32F10x_FWLib\src\stm32f10x_cec.c   0x00000000   Number         0  stm32f10x_cec.o ABSOLUTE
    ..\STM32F10x_FWLib\src\stm32f10x_crc.c   0x00000000   Number         0  stm32f10x_crc.o ABSOLUTE
    ..\STM32F10x_FWLib\src\stm32f10x_dac.c   0x00000000   Number         0  stm32f10x_dac.o ABSOLUTE
    ..\STM32F10x_FWLib\src\stm32f10x_dbgmcu.c 0x00000000   Number         0  stm32f10x_dbgmcu.o ABSOLUTE
    ..\STM32F10x_FWLib\src\stm32f10x_dma.c   0x00000000   Number         0  stm32f10x_dma.o ABSOLUTE
    ..\STM32F10x_FWLib\src\stm32f10x_exti.c  0x00000000   Number         0  stm32f10x_exti.o ABSOLUTE
    ..\STM32F10x_FWLib\src\stm32f10x_flash.c 0x00000000   Number         0  stm32f10x_flash.o ABSOLUTE
    ..\STM32F10x_FWLib\src\stm32f10x_fsmc.c  0x00000000   Number         0  stm32f10x_fsmc.o ABSOLUTE
    ..\STM32F10x_FWLib\src\stm32f10x_gpio.c  0x00000000   Number         0  stm32f10x_gpio.o ABSOLUTE
    ..\STM32F10x_FWLib\src\stm32f10x_i2c.c   0x00000000   Number         0  stm32f10x_i2c.o ABSOLUTE
    ..\STM32F10x_FWLib\src\stm32f10x_iwdg.c  0x00000000   Number         0  stm32f10x_iwdg.o ABSOLUTE
    ..\STM32F10x_FWLib\src\stm32f10x_pwr.c   0x00000000   Number         0  stm32f10x_pwr.o ABSOLUTE
    ..\STM32F10x_FWLib\src\stm32f10x_rcc.c   0x00000000   Number         0  stm32f10x_rcc.o ABSOLUTE
    ..\STM32F10x_FWLib\src\stm32f10x_rtc.c   0x00000000   Number         0  stm32f10x_rtc.o ABSOLUTE
    ..\STM32F10x_FWLib\src\stm32f10x_sdio.c  0x00000000   Number         0  stm32f10x_sdio.o ABSOLUTE
    ..\STM32F10x_FWLib\src\stm32f10x_spi.c   0x00000000   Number         0  stm32f10x_spi.o ABSOLUTE
    ..\STM32F10x_FWLib\src\stm32f10x_tim.c   0x00000000   Number         0  stm32f10x_tim.o ABSOLUTE
    ..\STM32F10x_FWLib\src\stm32f10x_usart.c 0x00000000   Number         0  stm32f10x_usart.o ABSOLUTE
    ..\STM32F10x_FWLib\src\stm32f10x_wwdg.c  0x00000000   Number         0  stm32f10x_wwdg.o ABSOLUTE
    ..\SYSTEM\delay\delay.c                  0x00000000   Number         0  delay.o ABSOLUTE
    ..\SYSTEM\sys\sys.c                      0x00000000   Number         0  sys.o ABSOLUTE
    ..\SYSTEM\usart\usart.c                  0x00000000   Number         0  usart.o ABSOLUTE
    ..\\CORE\\core_cm3.c                     0x00000000   Number         0  core_cm3.o ABSOLUTE
    ..\\SYSTEM\\sys\\sys.c                   0x00000000   Number         0  sys.o ABSOLUTE
    APP\modbus.c                             0x00000000   Number         0  modbus.o ABSOLUTE
    APP\modbus_crc.c                         0x00000000   Number         0  modbus_crc.o ABSOLUTE
    APP\ms8607.c                             0x00000000   Number         0  ms8607.o ABSOLUTE
    BSP\bsp_clkconfig.c                      0x00000000   Number         0  bsp_clkconfig.o ABSOLUTE
    BSP\main.c                               0x00000000   Number         0  main.o ABSOLUTE
    BSP\stm32f10x_it.c                       0x00000000   Number         0  stm32f10x_it.o ABSOLUTE
    BSP\system_stm32f10x.c                   0x00000000   Number         0  system_stm32f10x.o ABSOLUTE
    Hardware\eeprom.c                        0x00000000   Number         0  eeprom.o ABSOLUTE
    Hardware\iap_trigger.c                   0x00000000   Number         0  iap_trigger.o ABSOLUTE
    Hardware\rs485.c                         0x00000000   Number         0  rs485.o ABSOLUTE
    Hardware\timer.c                         0x00000000   Number         0  timer.o ABSOLUTE
    Hardware\wdg.c                           0x00000000   Number         0  wdg.o ABSOLUTE
    cdrcmple.s                               0x00000000   Number         0  cdrcmple.o ABSOLUTE
    dc.s                                     0x00000000   Number         0  dc.o ABSOLUTE
    handlers.s                               0x00000000   Number         0  handlers.o ABSOLUTE
    init.s                                   0x00000000   Number         0  init.o ABSOLUTE
    RESET                                    0x08005000   Section      304  startup_stm32f10x_hd.o(RESET)
    .ARM.Collect$$$$00000000                 0x08005130   Section        0  entry.o(.ARM.Collect$$$$00000000)
    .ARM.Collect$$$$00000001                 0x08005130   Section        4  entry2.o(.ARM.Collect$$$$00000001)
    .ARM.Collect$$$$00000004                 0x08005134   Section        4  entry5.o(.ARM.Collect$$$$00000004)
    .ARM.Collect$$$$00000008                 0x08005138   Section        0  entry7b.o(.ARM.Collect$$$$00000008)
    .ARM.Collect$$$$0000000A                 0x08005138   Section        0  entry8b.o(.ARM.Collect$$$$0000000A)
    .ARM.Collect$$$$0000000B                 0x08005138   Section        8  entry9a.o(.ARM.Collect$$$$0000000B)
    .ARM.Collect$$$$0000000D                 0x08005140   Section        0  entry10a.o(.ARM.Collect$$$$0000000D)
    .ARM.Collect$$$$0000000F                 0x08005140   Section        0  entry11a.o(.ARM.Collect$$$$0000000F)
    .ARM.Collect$$$$00002712                 0x08005140   Section        4  entry2.o(.ARM.Collect$$$$00002712)
    __lit__00000000                          0x08005140   Data           4  entry2.o(.ARM.Collect$$$$00002712)
    .text                                    0x08005144   Section       36  startup_stm32f10x_hd.o(.text)
    .text                                    0x08005168   Section        0  memcpya.o(.text)
    .text                                    0x0800518c   Section        0  strlen.o(.text)
    .text                                    0x0800519a   Section        0  memcmp.o(.text)
    .text                                    0x080051b4   Section        0  fmul.o(.text)
    .text                                    0x08005218   Section        0  dadd.o(.text)
    .text                                    0x08005366   Section        0  dmul.o(.text)
    .text                                    0x0800544a   Section        0  ddiv.o(.text)
    .text                                    0x08005528   Section        0  dscalb.o(.text)
    .text                                    0x08005556   Section        0  dflti.o(.text)
    .text                                    0x08005578   Section        0  dfltui.o(.text)
    .text                                    0x08005592   Section        0  dfltl.o(.text)
    .text                                    0x080055ba   Section        0  ffixui.o(.text)
    .text                                    0x080055e2   Section        0  dfixl.o(.text)
    .text                                    0x0800562c   Section        0  d2f.o(.text)
    .text                                    0x08005664   Section        0  uldiv.o(.text)
    .text                                    0x080056c6   Section        0  llshl.o(.text)
    .text                                    0x080056e4   Section        0  llushr.o(.text)
    .text                                    0x08005704   Section        0  llsshr.o(.text)
    .text                                    0x08005728   Section        0  fepilogue.o(.text)
    .text                                    0x08005728   Section        0  iusefp.o(.text)
    .text                                    0x08005796   Section        0  depilogue.o(.text)
    .text                                    0x08005850   Section       36  init.o(.text)
    i.BusFault_Handler                       0x08005874   Section        0  stm32f10x_it.o(i.BusFault_Handler)
    i.DebugMon_Handler                       0x08005876   Section        0  stm32f10x_it.o(i.DebugMon_Handler)
    i.FLASH_ErasePage                        0x08005878   Section        0  stm32f10x_flash.o(i.FLASH_ErasePage)
    i.FLASH_GetBank1Status                   0x080058b4   Section        0  stm32f10x_flash.o(i.FLASH_GetBank1Status)
    i.FLASH_Lock                             0x080058dc   Section        0  stm32f10x_flash.o(i.FLASH_Lock)
    i.FLASH_PrefetchBufferCmd                0x080058ec   Section        0  stm32f10x_flash.o(i.FLASH_PrefetchBufferCmd)
    i.FLASH_ProgramHalfWord                  0x08005904   Section        0  stm32f10x_flash.o(i.FLASH_ProgramHalfWord)
    i.FLASH_ProgramWord                      0x08005938   Section        0  stm32f10x_flash.o(i.FLASH_ProgramWord)
    i.FLASH_SetLatency                       0x08005988   Section        0  stm32f10x_flash.o(i.FLASH_SetLatency)
    i.FLASH_Unlock                           0x0800599c   Section        0  stm32f10x_flash.o(i.FLASH_Unlock)
    i.FLASH_WaitForLastOperation             0x080059b4   Section        0  stm32f10x_flash.o(i.FLASH_WaitForLastOperation)
    i.Flash_Storage_CRC16                    0x080059d6   Section        0  eeprom.o(i.Flash_Storage_CRC16)
    i.Flash_Storage_Init                     0x08005a0c   Section        0  eeprom.o(i.Flash_Storage_Init)
    i.Flash_Storage_Load_Config              0x08005b1c   Section        0  eeprom.o(i.Flash_Storage_Load_Config)
    i.Flash_Storage_Save_Config              0x08005cdc   Section        0  eeprom.o(i.Flash_Storage_Save_Config)
    i.GPIO_Init                              0x08005ed0   Section        0  stm32f10x_gpio.o(i.GPIO_Init)
    i.GPIO_ReadInputDataBit                  0x08005f6c   Section        0  stm32f10x_gpio.o(i.GPIO_ReadInputDataBit)
    i.GPIO_ResetBits                         0x08005f7a   Section        0  stm32f10x_gpio.o(i.GPIO_ResetBits)
    i.GPIO_SetBits                           0x08005f7e   Section        0  stm32f10x_gpio.o(i.GPIO_SetBits)
    i.HSE_SetSysClock                        0x08005f82   Section        0  bsp_clkconfig.o(i.HSE_SetSysClock)
    i.HardFault_Handler                      0x08005ff2   Section        0  stm32f10x_it.o(i.HardFault_Handler)
    i.IWDG_Enable                            0x08005ff4   Section        0  stm32f10x_iwdg.o(i.IWDG_Enable)
    i.IWDG_Feed                              0x08006004   Section        0  wdg.o(i.IWDG_Feed)
    i.IWDG_Init                              0x08006008   Section        0  wdg.o(i.IWDG_Init)
    i.IWDG_ReloadCounter                     0x08006030   Section        0  stm32f10x_iwdg.o(i.IWDG_ReloadCounter)
    i.IWDG_SetPrescaler                      0x08006040   Section        0  stm32f10x_iwdg.o(i.IWDG_SetPrescaler)
    i.IWDG_SetReload                         0x0800604c   Section        0  stm32f10x_iwdg.o(i.IWDG_SetReload)
    i.IWDG_WriteAccessCmd                    0x08006058   Section        0  stm32f10x_iwdg.o(i.IWDG_WriteAccessCmd)
    i.MS8607_I2C_RecvByte                    0x08006064   Section        0  ms8607.o(i.MS8607_I2C_RecvByte)
    i.MS8607_I2C_SendACK                     0x080060c0   Section        0  ms8607.o(i.MS8607_I2C_SendACK)
    i.MS8607_I2C_SendByte                    0x080060f0   Section        0  ms8607.o(i.MS8607_I2C_SendByte)
    i.MS8607_I2C_Start                       0x08006130   Section        0  ms8607.o(i.MS8607_I2C_Start)
    i.MS8607_I2C_Stop                        0x0800618c   Section        0  ms8607.o(i.MS8607_I2C_Stop)
    i.MS8607_I2C_WaitAck                     0x080061b4   Section        0  ms8607.o(i.MS8607_I2C_WaitAck)
    i.MS8607_IIC_Config                      0x08006214   Section        0  ms8607.o(i.MS8607_IIC_Config)
    i.MS8607_ReadDate                        0x08006250   Section        0  ms8607.o(i.MS8607_ReadDate)
    i.MemManage_Handler                      0x080066fc   Section        0  stm32f10x_it.o(i.MemManage_Handler)
    i.Modbus_CRC16                           0x08006700   Section        0  modbus_crc.o(i.Modbus_CRC16)
    i.Modbus_Event                           0x0800672c   Section        0  modbus.o(i.Modbus_Event)
    i.Modbus_Func3                           0x080067d8   Section        0  modbus.o(i.Modbus_Func3)
    i.Modbus_Func6                           0x080068d0   Section        0  modbus.o(i.Modbus_Func6)
    i.Modbus_Init                            0x08006a7c   Section        0  modbus.o(i.Modbus_Init)
    i.Modbus_Save_Config                     0x08006bb0   Section        0  modbus.o(i.Modbus_Save_Config)
    i.Modbus_Send_Byte                       0x08006c4c   Section        0  rs485.o(i.Modbus_Send_Byte)
    i.Modbus_Send_Exception                  0x08006c74   Section        0  modbus.o(i.Modbus_Send_Exception)
    Modbus_Send_Exception                    0x08006c75   Thumb Code    78  modbus.o(i.Modbus_Send_Exception)
    i.Modbus_uart2_init                      0x08006ccc   Section        0  rs485.o(i.Modbus_uart2_init)
    i.Modbus_uart2_reconfig                  0x08006da8   Section        0  rs485.o(i.Modbus_uart2_reconfig)
    i.NMI_Handler                            0x08006df4   Section        0  stm32f10x_it.o(i.NMI_Handler)
    i.NVIC_Init                              0x08006df8   Section        0  misc.o(i.NVIC_Init)
    i.NVIC_PriorityGroupConfig               0x08006e5c   Section        0  misc.o(i.NVIC_PriorityGroupConfig)
    i.PendSV_Handler                         0x08006e70   Section        0  stm32f10x_it.o(i.PendSV_Handler)
    i.RCC_APB1PeriphClockCmd                 0x08006e74   Section        0  stm32f10x_rcc.o(i.RCC_APB1PeriphClockCmd)
    i.RCC_APB1PeriphResetCmd                 0x08006e8c   Section        0  stm32f10x_rcc.o(i.RCC_APB1PeriphResetCmd)
    i.RCC_APB2PeriphClockCmd                 0x08006ea4   Section        0  stm32f10x_rcc.o(i.RCC_APB2PeriphClockCmd)
    i.RCC_DeInit                             0x08006ebc   Section        0  stm32f10x_rcc.o(i.RCC_DeInit)
    i.RCC_GetClocksFreq                      0x08006efc   Section        0  stm32f10x_rcc.o(i.RCC_GetClocksFreq)
    i.RCC_GetFlagStatus                      0x08006f90   Section        0  stm32f10x_rcc.o(i.RCC_GetFlagStatus)
    i.RCC_GetSYSCLKSource                    0x08006fc0   Section        0  stm32f10x_rcc.o(i.RCC_GetSYSCLKSource)
    i.RCC_HCLKConfig                         0x08006fd0   Section        0  stm32f10x_rcc.o(i.RCC_HCLKConfig)
    i.RCC_HSEConfig                          0x08006fe4   Section        0  stm32f10x_rcc.o(i.RCC_HSEConfig)
    i.RCC_PCLK1Config                        0x08007018   Section        0  stm32f10x_rcc.o(i.RCC_PCLK1Config)
    i.RCC_PCLK2Config                        0x0800702c   Section        0  stm32f10x_rcc.o(i.RCC_PCLK2Config)
    i.RCC_PLLCmd                             0x08007040   Section        0  stm32f10x_rcc.o(i.RCC_PLLCmd)
    i.RCC_PLLConfig                          0x0800704c   Section        0  stm32f10x_rcc.o(i.RCC_PLLConfig)
    i.RCC_SYSCLKConfig                       0x08007060   Section        0  stm32f10x_rcc.o(i.RCC_SYSCLKConfig)
    i.RCC_WaitForHSEStartUp                  0x08007074   Section        0  stm32f10x_rcc.o(i.RCC_WaitForHSEStartUp)
    i.Read_PTPROM                            0x080070a0   Section        0  ms8607.o(i.Read_PTPROM)
    i.SVC_Handler                            0x0800711a   Section        0  stm32f10x_it.o(i.SVC_Handler)
    i.SetSysClockTo72                        0x0800711c   Section        0  system_stm32f10x.o(i.SetSysClockTo72)
    SetSysClockTo72                          0x0800711d   Thumb Code   160  system_stm32f10x.o(i.SetSysClockTo72)
    i.SysTick_CLKSourceConfig                0x080071c4   Section        0  misc.o(i.SysTick_CLKSourceConfig)
    i.SystemCoreClockUpdate                  0x080071dc   Section        0  system_stm32f10x.o(i.SystemCoreClockUpdate)
    i.SystemInit                             0x08007244   Section        0  system_stm32f10x.o(i.SystemInit)
    i.TIM3_IRQHandler                        0x08007294   Section        0  timer.o(i.TIM3_IRQHandler)
    i.TIM3_Int_Init                          0x080072f0   Section        0  timer.o(i.TIM3_Int_Init)
    i.TIM4_IRQHandler                        0x08007350   Section        0  timer.o(i.TIM4_IRQHandler)
    i.TIM4_Int_Init                          0x08007388   Section        0  timer.o(i.TIM4_Int_Init)
    i.TIM_ClearITPendingBit                  0x080073e8   Section        0  stm32f10x_tim.o(i.TIM_ClearITPendingBit)
    i.TIM_Cmd                                0x080073ee   Section        0  stm32f10x_tim.o(i.TIM_Cmd)
    i.TIM_GetITStatus                        0x08007402   Section        0  stm32f10x_tim.o(i.TIM_GetITStatus)
    i.TIM_ITConfig                           0x0800741a   Section        0  stm32f10x_tim.o(i.TIM_ITConfig)
    i.TIM_TimeBaseInit                       0x0800742c   Section        0  stm32f10x_tim.o(i.TIM_TimeBaseInit)
    i.USART1_IRQHandler                      0x080074c8   Section        0  usart.o(i.USART1_IRQHandler)
    i.USART2_IRQHandler                      0x0800752c   Section        0  rs485.o(i.USART2_IRQHandler)
    i.USART_ClearFlag                        0x08007598   Section        0  stm32f10x_usart.o(i.USART_ClearFlag)
    i.USART_Cmd                              0x0800759e   Section        0  stm32f10x_usart.o(i.USART_Cmd)
    i.USART_GetFlagStatus                    0x080075b2   Section        0  stm32f10x_usart.o(i.USART_GetFlagStatus)
    i.USART_GetITStatus                      0x080075c0   Section        0  stm32f10x_usart.o(i.USART_GetITStatus)
    i.USART_ITConfig                         0x080075fe   Section        0  stm32f10x_usart.o(i.USART_ITConfig)
    i.USART_Init                             0x08007630   Section        0  stm32f10x_usart.o(i.USART_Init)
    i.USART_ReceiveData                      0x080076dc   Section        0  stm32f10x_usart.o(i.USART_ReceiveData)
    i.USART_SendData                         0x080076e4   Section        0  stm32f10x_usart.o(i.USART_SendData)
    i.USART_Send_Data                        0x080076ec   Section        0  rs485.o(i.USART_Send_Data)
    i.Update1                                0x08007728   Section        0  modbus.o(i.Update1)
    i.Update2                                0x08007764   Section        0  modbus.o(i.Update2)
    i.UsageFault_Handler                     0x08007804   Section        0  stm32f10x_it.o(i.UsageFault_Handler)
    i.Usart2_SendString                      0x08007808   Section        0  rs485.o(i.Usart2_SendString)
    i.Write_MS8607Cmd                        0x0800783c   Section        0  ms8607.o(i.Write_MS8607Cmd)
    i.__0printf$8                            0x08007870   Section        0  printf8.o(i.__0printf$8)
    i.__0snprintf$8                          0x08007890   Section        0  printf8.o(i.__0snprintf$8)
    i.__scatterload_copy                     0x080078c0   Section       14  handlers.o(i.__scatterload_copy)
    i.__scatterload_null                     0x080078ce   Section        2  handlers.o(i.__scatterload_null)
    i.__scatterload_zeroinit                 0x080078d0   Section       14  handlers.o(i.__scatterload_zeroinit)
    i._printf_core                           0x080078e0   Section        0  printf8.o(i._printf_core)
    _printf_core                             0x080078e1   Thumb Code   996  printf8.o(i._printf_core)
    i._printf_post_padding                   0x08007cf0   Section        0  printf8.o(i._printf_post_padding)
    _printf_post_padding                     0x08007cf1   Thumb Code    36  printf8.o(i._printf_post_padding)
    i._printf_pre_padding                    0x08007d14   Section        0  printf8.o(i._printf_pre_padding)
    _printf_pre_padding                      0x08007d15   Thumb Code    46  printf8.o(i._printf_pre_padding)
    i._snputc                                0x08007d42   Section        0  printf8.o(i._snputc)
    _snputc                                  0x08007d43   Thumb Code    22  printf8.o(i._snputc)
    i.crc32_bytes                            0x08007d58   Section        0  iap_trigger.o(i.crc32_bytes)
    crc32_bytes                              0x08007d59   Thumb Code    48  iap_trigger.o(i.crc32_bytes)
    i.crc4_PT                                0x08007d8c   Section        0  ms8607.o(i.crc4_PT)
    i.delay1us                               0x08007de0   Section        0  ms8607.o(i.delay1us)
    i.delay_init                             0x08007df0   Section        0  delay.o(i.delay_init)
    i.delay_ms                               0x08007e2c   Section        0  delay.o(i.delay_ms)
    i.fputc                                  0x08007e60   Section        0  usart.o(i.fputc)
    i.iap_confirm_app_boot                   0x08007e78   Section        0  iap_trigger.o(i.iap_confirm_app_boot)
    i.main                                   0x08007ea4   Section        0  main.o(i.main)
    i.read_metadata                          0x08007f40   Section        0  iap_trigger.o(i.read_metadata)
    read_metadata                            0x08007f41   Thumb Code    70  iap_trigger.o(i.read_metadata)
    i.read_metadata_at                       0x08007f90   Section        0  iap_trigger.o(i.read_metadata_at)
    read_metadata_at                         0x08007f91   Thumb Code    76  iap_trigger.o(i.read_metadata_at)
    i.state_valid                            0x08007fe0   Section        0  iap_trigger.o(i.state_valid)
    state_valid                              0x08007fe1   Thumb Code    38  iap_trigger.o(i.state_valid)
    i.trigger_iap_update                     0x0800800c   Section        0  iap_trigger.o(i.trigger_iap_update)
    i.uart_init                              0x08008044   Section        0  usart.o(i.uart_init)
    i.write_metadata                         0x080080e4   Section        0  iap_trigger.o(i.write_metadata)
    write_metadata                           0x080080e5   Thumb Code   192  iap_trigger.o(i.write_metadata)
    i.write_update_flag                      0x080081b0   Section        0  iap_trigger.o(i.write_update_flag)
    write_update_flag                        0x080081b1   Thumb Code   116  iap_trigger.o(i.write_update_flag)
    .constdata                               0x08008234   Section      512  modbus_crc.o(.constdata)
    .data                                    0x20000000   Section       20  system_stm32f10x.o(.data)
    .data                                    0x20000014   Section        2  timer.o(.data)
    .data                                    0x20000018   Section        8  ms8607.o(.data)
    error                                    0x20000018   Data           1  ms8607.o(.data)
    MS8607Step                               0x20000019   Data           1  ms8607.o(.data)
    channl                                   0x2000001a   Data           1  ms8607.o(.data)
    oldtime                                  0x2000001c   Data           4  ms8607.o(.data)
    .data                                    0x20000020   Section        4  delay.o(.data)
    fac_us                                   0x20000020   Data           1  delay.o(.data)
    fac_ms                                   0x20000022   Data           2  delay.o(.data)
    .data                                    0x20000024   Section        2  usart.o(.data)
    .data                                    0x20000028   Section        4  usart.o(.data)
    .data                                    0x2000002c   Section       20  stm32f10x_rcc.o(.data)
    ADCPrescTable                            0x2000002c   Data           4  stm32f10x_rcc.o(.data)
    APBAHBPrescTable                         0x20000030   Data          16  stm32f10x_rcc.o(.data)
    .bss                                     0x20000040   Section      588  modbus.o(.bss)
    .bss                                     0x2000028c   Section       40  ms8607.o(.bss)
    .bss                                     0x200002b4   Section      200  usart.o(.bss)
    STACK                                    0x20000380   Section     1024  startup_stm32f10x_hd.o(STACK)

    Global Symbols

    Symbol Name                              Value     Ov Type        Size  Object(Section)

    BuildAttributes$$THM_ISAv4$P$D$K$B$S$PE$A:L22UL41UL21$X:L11$S22US41US21$IEEE1$IW$USESV6$~STKCKD$USESV7$~SHL$OTIME$ROPI$EBA8$MICROLIB$REQ8$PRES8$EABIv2 0x00000000   Number         0  anon$$obj.o ABSOLUTE
    __ARM_use_no_argv                        0x00000000   Number         0  main.o ABSOLUTE
    __use_no_errno                           0x00000000   Number         0  useno.o ABSOLUTE
    __use_no_exception_handling              0x00000000   Number         0  useno.o ABSOLUTE
    __use_no_fp                              0x00000000   Number         0  useno.o ABSOLUTE
    __use_no_heap                            0x00000000   Number         0  useno.o ABSOLUTE
    __use_no_heap_region                     0x00000000   Number         0  useno.o ABSOLUTE
    __use_no_semihosting                     0x00000000   Number         0  useno.o ABSOLUTE
    __use_no_semihosting_swi                 0x00000000   Number         0  useno.o ABSOLUTE
    __use_no_signal_handling                 0x00000000   Number         0  useno.o ABSOLUTE
    _printf_a                                0x00000000   Number         0  stubs.o ABSOLUTE
    _printf_c                                0x00000000   Number         0  stubs.o ABSOLUTE
    _printf_charcount                        0x00000000   Number         0  stubs.o ABSOLUTE
    _printf_d                                0x00000000   Number         0  stubs.o ABSOLUTE
    _printf_e                                0x00000000   Number         0  stubs.o ABSOLUTE
    _printf_f                                0x00000000   Number         0  stubs.o ABSOLUTE
    _printf_flags                            0x00000000   Number         0  stubs.o ABSOLUTE
    _printf_fp_dec                           0x00000000   Number         0  stubs.o ABSOLUTE
    _printf_fp_hex                           0x00000000   Number         0  stubs.o ABSOLUTE
    _printf_g                                0x00000000   Number         0  stubs.o ABSOLUTE
    _printf_i                                0x00000000   Number         0  stubs.o ABSOLUTE
    _printf_int_dec                          0x00000000   Number         0  stubs.o ABSOLUTE
    _printf_l                                0x00000000   Number         0  stubs.o ABSOLUTE
    _printf_lc                               0x00000000   Number         0  stubs.o ABSOLUTE
    _printf_ll                               0x00000000   Number         0  stubs.o ABSOLUTE
    _printf_lld                              0x00000000   Number         0  stubs.o ABSOLUTE
    _printf_lli                              0x00000000   Number         0  stubs.o ABSOLUTE
    _printf_llo                              0x00000000   Number         0  stubs.o ABSOLUTE
    _printf_llu                              0x00000000   Number         0  stubs.o ABSOLUTE
    _printf_llx                              0x00000000   Number         0  stubs.o ABSOLUTE
    _printf_longlong_dec                     0x00000000   Number         0  stubs.o ABSOLUTE
    _printf_longlong_hex                     0x00000000   Number         0  stubs.o ABSOLUTE
    _printf_longlong_oct                     0x00000000   Number         0  stubs.o ABSOLUTE
    _printf_ls                               0x00000000   Number         0  stubs.o ABSOLUTE
    _printf_mbtowc                           0x00000000   Number         0  stubs.o ABSOLUTE
    _printf_n                                0x00000000   Number         0  stubs.o ABSOLUTE
    _printf_o                                0x00000000   Number         0  stubs.o ABSOLUTE
    _printf_p                                0x00000000   Number         0  stubs.o ABSOLUTE
    _printf_percent                          0x00000000   Number         0  stubs.o ABSOLUTE
    _printf_pre_padding                      0x00000000   Number         0  stubs.o ABSOLUTE
    _printf_return_value                     0x00000000   Number         0  stubs.o ABSOLUTE
    _printf_s                                0x00000000   Number         0  stubs.o ABSOLUTE
    _printf_sizespec                         0x00000000   Number         0  stubs.o ABSOLUTE
    _printf_str                              0x00000000   Number         0  stubs.o ABSOLUTE
    _printf_truncate_signed                  0x00000000   Number         0  stubs.o ABSOLUTE
    _printf_truncate_unsigned                0x00000000   Number         0  stubs.o ABSOLUTE
    _printf_u                                0x00000000   Number         0  stubs.o ABSOLUTE
    _printf_wc                               0x00000000   Number         0  stubs.o ABSOLUTE
    _printf_wctomb                           0x00000000   Number         0  stubs.o ABSOLUTE
    _printf_widthprec                        0x00000000   Number         0  stubs.o ABSOLUTE
    _printf_x                                0x00000000   Number         0  stubs.o ABSOLUTE
    __cpp_initialize__aeabi_                  - Undefined Weak Reference
    __cxa_finalize                            - Undefined Weak Reference
    __decompress                              - Undefined Weak Reference
    _clock_init                               - Undefined Weak Reference
    _microlib_exit                            - Undefined Weak Reference
    __Vectors_Size                           0x00000130   Number         0  startup_stm32f10x_hd.o ABSOLUTE
    __Vectors                                0x08005000   Data           4  startup_stm32f10x_hd.o(RESET)
    __Vectors_End                            0x08005130   Data           0  startup_stm32f10x_hd.o(RESET)
    __main                                   0x08005131   Thumb Code     0  entry.o(.ARM.Collect$$$$00000000)
    _main_stk                                0x08005131   Thumb Code     0  entry2.o(.ARM.Collect$$$$00000001)
    _main_scatterload                        0x08005135   Thumb Code     0  entry5.o(.ARM.Collect$$$$00000004)
    __main_after_scatterload                 0x08005139   Thumb Code     0  entry5.o(.ARM.Collect$$$$00000004)
    _main_clock                              0x08005139   Thumb Code     0  entry7b.o(.ARM.Collect$$$$00000008)
    _main_cpp_init                           0x08005139   Thumb Code     0  entry8b.o(.ARM.Collect$$$$0000000A)
    _main_init                               0x08005139   Thumb Code     0  entry9a.o(.ARM.Collect$$$$0000000B)
    __rt_final_cpp                           0x08005141   Thumb Code     0  entry10a.o(.ARM.Collect$$$$0000000D)
    __rt_final_exit                          0x08005141   Thumb Code     0  entry11a.o(.ARM.Collect$$$$0000000F)
    Reset_Handler                            0x08005145   Thumb Code     8  startup_stm32f10x_hd.o(.text)
    SysTick_Handler                          0x0800515d   Thumb Code     2  startup_stm32f10x_hd.o(.text)
    ADC1_2_IRQHandler                        0x0800515f   Thumb Code     0  startup_stm32f10x_hd.o(.text)
    ADC3_IRQHandler                          0x0800515f   Thumb Code     0  startup_stm32f10x_hd.o(.text)
    CAN1_RX1_IRQHandler                      0x0800515f   Thumb Code     0  startup_stm32f10x_hd.o(.text)
    CAN1_SCE_IRQHandler                      0x0800515f   Thumb Code     0  startup_stm32f10x_hd.o(.text)
    DMA1_Channel1_IRQHandler                 0x0800515f   Thumb Code     0  startup_stm32f10x_hd.o(.text)
    DMA1_Channel2_IRQHandler                 0x0800515f   Thumb Code     0  startup_stm32f10x_hd.o(.text)
    DMA1_Channel3_IRQHandler                 0x0800515f   Thumb Code     0  startup_stm32f10x_hd.o(.text)
    DMA1_Channel4_IRQHandler                 0x0800515f   Thumb Code     0  startup_stm32f10x_hd.o(.text)
    DMA1_Channel5_IRQHandler                 0x0800515f   Thumb Code     0  startup_stm32f10x_hd.o(.text)
    DMA1_Channel6_IRQHandler                 0x0800515f   Thumb Code     0  startup_stm32f10x_hd.o(.text)
    DMA1_Channel7_IRQHandler                 0x0800515f   Thumb Code     0  startup_stm32f10x_hd.o(.text)
    DMA2_Channel1_IRQHandler                 0x0800515f   Thumb Code     0  startup_stm32f10x_hd.o(.text)
    DMA2_Channel2_IRQHandler                 0x0800515f   Thumb Code     0  startup_stm32f10x_hd.o(.text)
    DMA2_Channel3_IRQHandler                 0x0800515f   Thumb Code     0  startup_stm32f10x_hd.o(.text)
    DMA2_Channel4_5_IRQHandler               0x0800515f   Thumb Code     0  startup_stm32f10x_hd.o(.text)
    EXTI0_IRQHandler                         0x0800515f   Thumb Code     0  startup_stm32f10x_hd.o(.text)
    EXTI15_10_IRQHandler                     0x0800515f   Thumb Code     0  startup_stm32f10x_hd.o(.text)
    EXTI1_IRQHandler                         0x0800515f   Thumb Code     0  startup_stm32f10x_hd.o(.text)
    EXTI2_IRQHandler                         0x0800515f   Thumb Code     0  startup_stm32f10x_hd.o(.text)
    EXTI3_IRQHandler                         0x0800515f   Thumb Code     0  startup_stm32f10x_hd.o(.text)
    EXTI4_IRQHandler                         0x0800515f   Thumb Code     0  startup_stm32f10x_hd.o(.text)
    EXTI9_5_IRQHandler                       0x0800515f   Thumb Code     0  startup_stm32f10x_hd.o(.text)
    FLASH_IRQHandler                         0x0800515f   Thumb Code     0  startup_stm32f10x_hd.o(.text)
    FSMC_IRQHandler                          0x0800515f   Thumb Code     0  startup_stm32f10x_hd.o(.text)
    I2C1_ER_IRQHandler                       0x0800515f   Thumb Code     0  startup_stm32f10x_hd.o(.text)
    I2C1_EV_IRQHandler                       0x0800515f   Thumb Code     0  startup_stm32f10x_hd.o(.text)
    I2C2_ER_IRQHandler                       0x0800515f   Thumb Code     0  startup_stm32f10x_hd.o(.text)
    I2C2_EV_IRQHandler                       0x0800515f   Thumb Code     0  startup_stm32f10x_hd.o(.text)
    PVD_IRQHandler                           0x0800515f   Thumb Code     0  startup_stm32f10x_hd.o(.text)
    RCC_IRQHandler                           0x0800515f   Thumb Code     0  startup_stm32f10x_hd.o(.text)
    RTCAlarm_IRQHandler                      0x0800515f   Thumb Code     0  startup_stm32f10x_hd.o(.text)
    RTC_IRQHandler                           0x0800515f   Thumb Code     0  startup_stm32f10x_hd.o(.text)
    SDIO_IRQHandler                          0x0800515f   Thumb Code     0  startup_stm32f10x_hd.o(.text)
    SPI1_IRQHandler                          0x0800515f   Thumb Code     0  startup_stm32f10x_hd.o(.text)
    SPI2_IRQHandler                          0x0800515f   Thumb Code     0  startup_stm32f10x_hd.o(.text)
    SPI3_IRQHandler                          0x0800515f   Thumb Code     0  startup_stm32f10x_hd.o(.text)
    TAMPER_IRQHandler                        0x0800515f   Thumb Code     0  startup_stm32f10x_hd.o(.text)
    TIM1_BRK_IRQHandler                      0x0800515f   Thumb Code     0  startup_stm32f10x_hd.o(.text)
    TIM1_CC_IRQHandler                       0x0800515f   Thumb Code     0  startup_stm32f10x_hd.o(.text)
    TIM1_TRG_COM_IRQHandler                  0x0800515f   Thumb Code     0  startup_stm32f10x_hd.o(.text)
    TIM1_UP_IRQHandler                       0x0800515f   Thumb Code     0  startup_stm32f10x_hd.o(.text)
    TIM2_IRQHandler                          0x0800515f   Thumb Code     0  startup_stm32f10x_hd.o(.text)
    TIM5_IRQHandler                          0x0800515f   Thumb Code     0  startup_stm32f10x_hd.o(.text)
    TIM6_IRQHandler                          0x0800515f   Thumb Code     0  startup_stm32f10x_hd.o(.text)
    TIM7_IRQHandler                          0x0800515f   Thumb Code     0  startup_stm32f10x_hd.o(.text)
    TIM8_BRK_IRQHandler                      0x0800515f   Thumb Code     0  startup_stm32f10x_hd.o(.text)
    TIM8_CC_IRQHandler                       0x0800515f   Thumb Code     0  startup_stm32f10x_hd.o(.text)
    TIM8_TRG_COM_IRQHandler                  0x0800515f   Thumb Code     0  startup_stm32f10x_hd.o(.text)
    TIM8_UP_IRQHandler                       0x0800515f   Thumb Code     0  startup_stm32f10x_hd.o(.text)
    UART4_IRQHandler                         0x0800515f   Thumb Code     0  startup_stm32f10x_hd.o(.text)
    UART5_IRQHandler                         0x0800515f   Thumb Code     0  startup_stm32f10x_hd.o(.text)
    USART3_IRQHandler                        0x0800515f   Thumb Code     0  startup_stm32f10x_hd.o(.text)
    USBWakeUp_IRQHandler                     0x0800515f   Thumb Code     0  startup_stm32f10x_hd.o(.text)
    USB_HP_CAN1_TX_IRQHandler                0x0800515f   Thumb Code     0  startup_stm32f10x_hd.o(.text)
    USB_LP_CAN1_RX0_IRQHandler               0x0800515f   Thumb Code     0  startup_stm32f10x_hd.o(.text)
    WWDG_IRQHandler                          0x0800515f   Thumb Code     0  startup_stm32f10x_hd.o(.text)
    __aeabi_memcpy                           0x08005169   Thumb Code    36  memcpya.o(.text)
    __aeabi_memcpy4                          0x08005169   Thumb Code     0  memcpya.o(.text)
    __aeabi_memcpy8                          0x08005169   Thumb Code     0  memcpya.o(.text)
    strlen                                   0x0800518d   Thumb Code    14  strlen.o(.text)
    memcmp                                   0x0800519b   Thumb Code    26  memcmp.o(.text)
    __aeabi_fmul                             0x080051b5   Thumb Code   100  fmul.o(.text)
    __aeabi_dadd                             0x08005219   Thumb Code   322  dadd.o(.text)
    __aeabi_dsub                             0x0800535b   Thumb Code     6  dadd.o(.text)
    __aeabi_drsub                            0x08005361   Thumb Code     6  dadd.o(.text)
    __aeabi_dmul                             0x08005367   Thumb Code   228  dmul.o(.text)
    __aeabi_ddiv                             0x0800544b   Thumb Code   222  ddiv.o(.text)
    __ARM_scalbn                             0x08005529   Thumb Code    46  dscalb.o(.text)
    scalbn                                   0x08005529   Thumb Code     0  dscalb.o(.text)
    __aeabi_i2d                              0x08005557   Thumb Code    34  dflti.o(.text)
    __aeabi_ui2d                             0x08005579   Thumb Code    26  dfltui.o(.text)
    __aeabi_l2d                              0x08005593   Thumb Code    40  dfltl.o(.text)
    __aeabi_f2uiz                            0x080055bb   Thumb Code    40  ffixui.o(.text)
    __aeabi_d2lz                             0x080055e3   Thumb Code    74  dfixl.o(.text)
    __aeabi_d2f                              0x0800562d   Thumb Code    56  d2f.o(.text)
    __aeabi_uldivmod                         0x08005665   Thumb Code    98  uldiv.o(.text)
    __aeabi_llsl                             0x080056c7   Thumb Code    30  llshl.o(.text)
    _ll_shift_l                              0x080056c7   Thumb Code     0  llshl.o(.text)
    __aeabi_llsr                             0x080056e5   Thumb Code    32  llushr.o(.text)
    _ll_ushift_r                             0x080056e5   Thumb Code     0  llushr.o(.text)
    __aeabi_lasr                             0x08005705   Thumb Code    36  llsshr.o(.text)
    _ll_sshift_r                             0x08005705   Thumb Code     0  llsshr.o(.text)
    __I$use$fp                               0x08005729   Thumb Code     0  iusefp.o(.text)
    _float_round                             0x08005729   Thumb Code    18  fepilogue.o(.text)
    _float_epilogue                          0x0800573b   Thumb Code    92  fepilogue.o(.text)
    _double_round                            0x08005797   Thumb Code    30  depilogue.o(.text)
    _double_epilogue                         0x080057b5   Thumb Code   156  depilogue.o(.text)
    __scatterload                            0x08005851   Thumb Code    28  init.o(.text)
    __scatterload_rt2                        0x08005851   Thumb Code     0  init.o(.text)
    BusFault_Handler                         0x08005875   Thumb Code     2  stm32f10x_it.o(i.BusFault_Handler)
    DebugMon_Handler                         0x08005877   Thumb Code     2  stm32f10x_it.o(i.DebugMon_Handler)
    FLASH_ErasePage                          0x08005879   Thumb Code    56  stm32f10x_flash.o(i.FLASH_ErasePage)
    FLASH_GetBank1Status                     0x080058b5   Thumb Code    34  stm32f10x_flash.o(i.FLASH_GetBank1Status)
    FLASH_Lock                               0x080058dd   Thumb Code    12  stm32f10x_flash.o(i.FLASH_Lock)
    FLASH_PrefetchBufferCmd                  0x080058ed   Thumb Code    18  stm32f10x_flash.o(i.FLASH_PrefetchBufferCmd)
    FLASH_ProgramHalfWord                    0x08005905   Thumb Code    48  stm32f10x_flash.o(i.FLASH_ProgramHalfWord)
    FLASH_ProgramWord                        0x08005939   Thumb Code    76  stm32f10x_flash.o(i.FLASH_ProgramWord)
    FLASH_SetLatency                         0x08005989   Thumb Code    14  stm32f10x_flash.o(i.FLASH_SetLatency)
    FLASH_Unlock                             0x0800599d   Thumb Code    12  stm32f10x_flash.o(i.FLASH_Unlock)
    FLASH_WaitForLastOperation               0x080059b5   Thumb Code    34  stm32f10x_flash.o(i.FLASH_WaitForLastOperation)
    Flash_Storage_CRC16                      0x080059d7   Thumb Code    52  eeprom.o(i.Flash_Storage_CRC16)
    Flash_Storage_Init                       0x08005a0d   Thumb Code    98  eeprom.o(i.Flash_Storage_Init)
    Flash_Storage_Load_Config                0x08005b1d   Thumb Code   258  eeprom.o(i.Flash_Storage_Load_Config)
    Flash_Storage_Save_Config                0x08005cdd   Thumb Code   318  eeprom.o(i.Flash_Storage_Save_Config)
    GPIO_Init                                0x08005ed1   Thumb Code   156  stm32f10x_gpio.o(i.GPIO_Init)
    GPIO_ReadInputDataBit                    0x08005f6d   Thumb Code    14  stm32f10x_gpio.o(i.GPIO_ReadInputDataBit)
    GPIO_ResetBits                           0x08005f7b   Thumb Code     4  stm32f10x_gpio.o(i.GPIO_ResetBits)
    GPIO_SetBits                             0x08005f7f   Thumb Code     4  stm32f10x_gpio.o(i.GPIO_SetBits)
    HSE_SetSysClock                          0x08005f83   Thumb Code   112  bsp_clkconfig.o(i.HSE_SetSysClock)
    HardFault_Handler                        0x08005ff3   Thumb Code     2  stm32f10x_it.o(i.HardFault_Handler)
    IWDG_Enable                              0x08005ff5   Thumb Code    10  stm32f10x_iwdg.o(i.IWDG_Enable)
    IWDG_Feed                                0x08006005   Thumb Code     4  wdg.o(i.IWDG_Feed)
    IWDG_Init                                0x08006009   Thumb Code    38  wdg.o(i.IWDG_Init)
    IWDG_ReloadCounter                       0x08006031   Thumb Code    10  stm32f10x_iwdg.o(i.IWDG_ReloadCounter)
    IWDG_SetPrescaler                        0x08006041   Thumb Code     6  stm32f10x_iwdg.o(i.IWDG_SetPrescaler)
    IWDG_SetReload                           0x0800604d   Thumb Code     6  stm32f10x_iwdg.o(i.IWDG_SetReload)
    IWDG_WriteAccessCmd                      0x08006059   Thumb Code     6  stm32f10x_iwdg.o(i.IWDG_WriteAccessCmd)
    MS8607_I2C_RecvByte                      0x08006065   Thumb Code    88  ms8607.o(i.MS8607_I2C_RecvByte)
    MS8607_I2C_SendACK                       0x080060c1   Thumb Code    44  ms8607.o(i.MS8607_I2C_SendACK)
    MS8607_I2C_SendByte                      0x080060f1   Thumb Code    58  ms8607.o(i.MS8607_I2C_SendByte)
    MS8607_I2C_Start                         0x08006131   Thumb Code    88  ms8607.o(i.MS8607_I2C_Start)
    MS8607_I2C_Stop                          0x0800618d   Thumb Code    36  ms8607.o(i.MS8607_I2C_Stop)
    MS8607_I2C_WaitAck                       0x080061b5   Thumb Code    90  ms8607.o(i.MS8607_I2C_WaitAck)
    MS8607_IIC_Config                        0x08006215   Thumb Code    54  ms8607.o(i.MS8607_IIC_Config)
    MS8607_ReadDate                          0x08006251   Thumb Code  1180  ms8607.o(i.MS8607_ReadDate)
    MemManage_Handler                        0x080066fd   Thumb Code     2  stm32f10x_it.o(i.MemManage_Handler)
    Modbus_CRC16                             0x08006701   Thumb Code    38  modbus_crc.o(i.Modbus_CRC16)
    Modbus_Event                             0x0800672d   Thumb Code   124  modbus.o(i.Modbus_Event)
    Modbus_Func3                             0x080067d9   Thumb Code   240  modbus.o(i.Modbus_Func3)
    Modbus_Func6                             0x080068d1   Thumb Code   416  modbus.o(i.Modbus_Func6)
    Modbus_Init                              0x08006a7d   Thumb Code   226  modbus.o(i.Modbus_Init)
    Modbus_Save_Config                       0x08006bb1   Thumb Code    72  modbus.o(i.Modbus_Save_Config)
    Modbus_Send_Byte                         0x08006c4d   Thumb Code    36  rs485.o(i.Modbus_Send_Byte)
    Modbus_uart2_init                        0x08006ccd   Thumb Code   208  rs485.o(i.Modbus_uart2_init)
    Modbus_uart2_reconfig                    0x08006da9   Thumb Code    66  rs485.o(i.Modbus_uart2_reconfig)
    NMI_Handler                              0x08006df5   Thumb Code     2  stm32f10x_it.o(i.NMI_Handler)
    NVIC_Init                                0x08006df9   Thumb Code    94  misc.o(i.NVIC_Init)
    NVIC_PriorityGroupConfig                 0x08006e5d   Thumb Code    10  misc.o(i.NVIC_PriorityGroupConfig)
    PendSV_Handler                           0x08006e71   Thumb Code     2  stm32f10x_it.o(i.PendSV_Handler)
    RCC_APB1PeriphClockCmd                   0x08006e75   Thumb Code    18  stm32f10x_rcc.o(i.RCC_APB1PeriphClockCmd)
    RCC_APB1PeriphResetCmd                   0x08006e8d   Thumb Code    18  stm32f10x_rcc.o(i.RCC_APB1PeriphResetCmd)
    RCC_APB2PeriphClockCmd                   0x08006ea5   Thumb Code    18  stm32f10x_rcc.o(i.RCC_APB2PeriphClockCmd)
    RCC_DeInit                               0x08006ebd   Thumb Code    50  stm32f10x_rcc.o(i.RCC_DeInit)
    RCC_GetClocksFreq                        0x08006efd   Thumb Code   132  stm32f10x_rcc.o(i.RCC_GetClocksFreq)
    RCC_GetFlagStatus                        0x08006f91   Thumb Code    42  stm32f10x_rcc.o(i.RCC_GetFlagStatus)
    RCC_GetSYSCLKSource                      0x08006fc1   Thumb Code    10  stm32f10x_rcc.o(i.RCC_GetSYSCLKSource)
    RCC_HCLKConfig                           0x08006fd1   Thumb Code    14  stm32f10x_rcc.o(i.RCC_HCLKConfig)
    RCC_HSEConfig                            0x08006fe5   Thumb Code    48  stm32f10x_rcc.o(i.RCC_HSEConfig)
    RCC_PCLK1Config                          0x08007019   Thumb Code    14  stm32f10x_rcc.o(i.RCC_PCLK1Config)
    RCC_PCLK2Config                          0x0800702d   Thumb Code    16  stm32f10x_rcc.o(i.RCC_PCLK2Config)
    RCC_PLLCmd                               0x08007041   Thumb Code     6  stm32f10x_rcc.o(i.RCC_PLLCmd)
    RCC_PLLConfig                            0x0800704d   Thumb Code    16  stm32f10x_rcc.o(i.RCC_PLLConfig)
    RCC_SYSCLKConfig                         0x08007061   Thumb Code    14  stm32f10x_rcc.o(i.RCC_SYSCLKConfig)
    RCC_WaitForHSEStartUp                    0x08007075   Thumb Code    44  stm32f10x_rcc.o(i.RCC_WaitForHSEStartUp)
    Read_PTPROM                              0x080070a1   Thumb Code   122  ms8607.o(i.Read_PTPROM)
    SVC_Handler                              0x0800711b   Thumb Code     2  stm32f10x_it.o(i.SVC_Handler)
    SysTick_CLKSourceConfig                  0x080071c5   Thumb Code    24  misc.o(i.SysTick_CLKSourceConfig)
    SystemCoreClockUpdate                    0x080071dd   Thumb Code    86  system_stm32f10x.o(i.SystemCoreClockUpdate)
    SystemInit                               0x08007245   Thumb Code    64  system_stm32f10x.o(i.SystemInit)
    TIM3_IRQHandler                          0x08007295   Thumb Code    82  timer.o(i.TIM3_IRQHandler)
    TIM3_Int_Init                            0x080072f1   Thumb Code    92  timer.o(i.TIM3_Int_Init)
    TIM4_IRQHandler                          0x08007351   Thumb Code    48  timer.o(i.TIM4_IRQHandler)
    TIM4_Int_Init                            0x08007389   Thumb Code    92  timer.o(i.TIM4_Int_Init)
    TIM_ClearITPendingBit                    0x080073e9   Thumb Code     6  stm32f10x_tim.o(i.TIM_ClearITPendingBit)
    TIM_Cmd                                  0x080073ef   Thumb Code    20  stm32f10x_tim.o(i.TIM_Cmd)
    TIM_GetITStatus                          0x08007403   Thumb Code    24  stm32f10x_tim.o(i.TIM_GetITStatus)
    TIM_ITConfig                             0x0800741b   Thumb Code    16  stm32f10x_tim.o(i.TIM_ITConfig)
    TIM_TimeBaseInit                         0x0800742d   Thumb Code   114  stm32f10x_tim.o(i.TIM_TimeBaseInit)
    USART1_IRQHandler                        0x080074c9   Thumb Code    88  usart.o(i.USART1_IRQHandler)
    USART2_IRQHandler                        0x0800752d   Thumb Code    98  rs485.o(i.USART2_IRQHandler)
    USART_ClearFlag                          0x08007599   Thumb Code     6  stm32f10x_usart.o(i.USART_ClearFlag)
    USART_Cmd                                0x0800759f   Thumb Code    20  stm32f10x_usart.o(i.USART_Cmd)
    USART_GetFlagStatus                      0x080075b3   Thumb Code    14  stm32f10x_usart.o(i.USART_GetFlagStatus)
    USART_GetITStatus                        0x080075c1   Thumb Code    62  stm32f10x_usart.o(i.USART_GetITStatus)
    USART_ITConfig                           0x080075ff   Thumb Code    48  stm32f10x_usart.o(i.USART_ITConfig)
    USART_Init                               0x08007631   Thumb Code   166  stm32f10x_usart.o(i.USART_Init)
    USART_ReceiveData                        0x080076dd   Thumb Code     8  stm32f10x_usart.o(i.USART_ReceiveData)
    USART_SendData                           0x080076e5   Thumb Code     8  stm32f10x_usart.o(i.USART_SendData)
    USART_Send_Data                          0x080076ed   Thumb Code    60  rs485.o(i.USART_Send_Data)
    Update1                                  0x08007729   Thumb Code    54  modbus.o(i.Update1)
    Update2                                  0x08007765   Thumb Code   148  modbus.o(i.Update2)
    UsageFault_Handler                       0x08007805   Thumb Code     2  stm32f10x_it.o(i.UsageFault_Handler)
    Usart2_SendString                        0x08007809   Thumb Code    42  rs485.o(i.Usart2_SendString)
    Write_MS8607Cmd                          0x0800783d   Thumb Code    52  ms8607.o(i.Write_MS8607Cmd)
    __0printf$8                              0x08007871   Thumb Code    22  printf8.o(i.__0printf$8)
    __1printf$8                              0x08007871   Thumb Code     0  printf8.o(i.__0printf$8)
    __2printf                                0x08007871   Thumb Code     0  printf8.o(i.__0printf$8)
    __0snprintf$8                            0x08007891   Thumb Code    44  printf8.o(i.__0snprintf$8)
    __1snprintf$8                            0x08007891   Thumb Code     0  printf8.o(i.__0snprintf$8)
    __2snprintf                              0x08007891   Thumb Code     0  printf8.o(i.__0snprintf$8)
    __scatterload_copy                       0x080078c1   Thumb Code    14  handlers.o(i.__scatterload_copy)
    __scatterload_null                       0x080078cf   Thumb Code     2  handlers.o(i.__scatterload_null)
    __scatterload_zeroinit                   0x080078d1   Thumb Code    14  handlers.o(i.__scatterload_zeroinit)
    crc4_PT                                  0x08007d8d   Thumb Code    80  ms8607.o(i.crc4_PT)
    delay1us                                 0x08007de1   Thumb Code    16  ms8607.o(i.delay1us)
    delay_init                               0x08007df1   Thumb Code    46  delay.o(i.delay_init)
    delay_ms                                 0x08007e2d   Thumb Code    46  delay.o(i.delay_ms)
    fputc                                    0x08007e61   Thumb Code    18  usart.o(i.fputc)
    iap_confirm_app_boot                     0x08007e79   Thumb Code    40  iap_trigger.o(i.iap_confirm_app_boot)
    main                                     0x08007ea5   Thumb Code   134  main.o(i.main)
    trigger_iap_update                       0x0800800d   Thumb Code    48  iap_trigger.o(i.trigger_iap_update)
    uart_init                                0x08008045   Thumb Code   152  usart.o(i.uart_init)
    auchCRCHi                                0x08008234   Data         256  modbus_crc.o(.constdata)
    auchCRCLo                                0x08008334   Data         256  modbus_crc.o(.constdata)
    Region$$Table$$Base                      0x08008434   Number         0  anon$$obj.o(Region$$Table)
    Region$$Table$$Limit                     0x08008454   Number         0  anon$$obj.o(Region$$Table)
    SystemCoreClock                          0x20000000   Data           4  system_stm32f10x.o(.data)
    AHBPrescTable                            0x20000004   Data          16  system_stm32f10x.o(.data)
    MMsec                                    0x20000014   Data           2  timer.o(.data)
    USART_RX_STA                             0x20000024   Data           2  usart.o(.data)
    __stdout                                 0x20000028   Data           4  usart.o(.data)
    modbus                                   0x20000040   Data         232  modbus.o(.bss)
    buffer1                                  0x20000128   Data          50  modbus.o(.bss)
    buffer2                                  0x2000015a   Data          50  modbus.o(.bss)
    Reg                                      0x2000018c   Data         256  modbus.o(.bss)
    MS8607                                   0x2000028c   Data          40  ms8607.o(.bss)
    USART_RX_BUF                             0x200002b4   Data         200  usart.o(.bss)
    __initial_sp                             0x20000780   Data           0  startup_stm32f10x_hd.o(STACK)



==============================================================================

Memory Map of the image

  Image Entry point : 0x08005131

  Load Region LR_IROM1 (Base: 0x08005000, Size: 0x00003494, Max: 0x00005400, ABSOLUTE)

    Execution Region ER_IROM1 (Exec base: 0x08005000, Load base: 0x08005000, Size: 0x00003454, Max: 0x00005400, ABSOLUTE)

    Exec Addr    Load Addr    Size         Type   Attr      Idx    E Section Name        Object

    0x08005000   0x08005000   0x00000130   Data   RO         1036    RESET               startup_stm32f10x_hd.o
    0x08005130   0x08005130   0x00000000   Code   RO         3990  * .ARM.Collect$$$$00000000  mc_w.l(entry.o)
    0x08005130   0x08005130   0x00000004   Code   RO         4284    .ARM.Collect$$$$00000001  mc_w.l(entry2.o)
    0x08005134   0x08005134   0x00000004   Code   RO         4287    .ARM.Collect$$$$00000004  mc_w.l(entry5.o)
    0x08005138   0x08005138   0x00000000   Code   RO         4289    .ARM.Collect$$$$00000008  mc_w.l(entry7b.o)
    0x08005138   0x08005138   0x00000000   Code   RO         4291    .ARM.Collect$$$$0000000A  mc_w.l(entry8b.o)
    0x08005138   0x08005138   0x00000008   Code   RO         4292    .ARM.Collect$$$$0000000B  mc_w.l(entry9a.o)
    0x08005140   0x08005140   0x00000000   Code   RO         4294    .ARM.Collect$$$$0000000D  mc_w.l(entry10a.o)
    0x08005140   0x08005140   0x00000000   Code   RO         4296    .ARM.Collect$$$$0000000F  mc_w.l(entry11a.o)
    0x08005140   0x08005140   0x00000004   Code   RO         4285    .ARM.Collect$$$$00002712  mc_w.l(entry2.o)
    0x08005144   0x08005144   0x00000024   Code   RO         1037    .text               startup_stm32f10x_hd.o
    0x08005168   0x08005168   0x00000024   Code   RO         3993    .text               mc_w.l(memcpya.o)
    0x0800518c   0x0800518c   0x0000000e   Code   RO         3995    .text               mc_w.l(strlen.o)
    0x0800519a   0x0800519a   0x0000001a   Code   RO         3997    .text               mc_w.l(memcmp.o)
    0x080051b4   0x080051b4   0x00000064   Code   RO         4262    .text               mf_w.l(fmul.o)
    0x08005218   0x08005218   0x0000014e   Code   RO         4264    .text               mf_w.l(dadd.o)
    0x08005366   0x08005366   0x000000e4   Code   RO         4266    .text               mf_w.l(dmul.o)
    0x0800544a   0x0800544a   0x000000de   Code   RO         4268    .text               mf_w.l(ddiv.o)
    0x08005528   0x08005528   0x0000002e   Code   RO         4270    .text               mf_w.l(dscalb.o)
    0x08005556   0x08005556   0x00000022   Code   RO         4272    .text               mf_w.l(dflti.o)
    0x08005578   0x08005578   0x0000001a   Code   RO         4274    .text               mf_w.l(dfltui.o)
    0x08005592   0x08005592   0x00000028   Code   RO         4276    .text               mf_w.l(dfltl.o)
    0x080055ba   0x080055ba   0x00000028   Code   RO         4278    .text               mf_w.l(ffixui.o)
    0x080055e2   0x080055e2   0x0000004a   Code   RO         4280    .text               mf_w.l(dfixl.o)
    0x0800562c   0x0800562c   0x00000038   Code   RO         4282    .text               mf_w.l(d2f.o)
    0x08005664   0x08005664   0x00000062   Code   RO         4300    .text               mc_w.l(uldiv.o)
    0x080056c6   0x080056c6   0x0000001e   Code   RO         4302    .text               mc_w.l(llshl.o)
    0x080056e4   0x080056e4   0x00000020   Code   RO         4304    .text               mc_w.l(llushr.o)
    0x08005704   0x08005704   0x00000024   Code   RO         4306    .text               mc_w.l(llsshr.o)
    0x08005728   0x08005728   0x00000000   Code   RO         4308    .text               mc_w.l(iusefp.o)
    0x08005728   0x08005728   0x0000006e   Code   RO         4309    .text               mf_w.l(fepilogue.o)
    0x08005796   0x08005796   0x000000ba   Code   RO         4311    .text               mf_w.l(depilogue.o)
    0x08005850   0x08005850   0x00000024   Code   RO         4317    .text               mc_w.l(init.o)
    0x08005874   0x08005874   0x00000002   Code   RO          148    i.BusFault_Handler  stm32f10x_it.o
    0x08005876   0x08005876   0x00000002   Code   RO          149    i.DebugMon_Handler  stm32f10x_it.o
    0x08005878   0x08005878   0x0000003c   Code   RO         1897    i.FLASH_ErasePage   stm32f10x_flash.o
    0x080058b4   0x080058b4   0x00000028   Code   RO         1898    i.FLASH_GetBank1Status  stm32f10x_flash.o
    0x080058dc   0x080058dc   0x00000010   Code   RO         1907    i.FLASH_Lock        stm32f10x_flash.o
    0x080058ec   0x080058ec   0x00000018   Code   RO         1909    i.FLASH_PrefetchBufferCmd  stm32f10x_flash.o
    0x08005904   0x08005904   0x00000034   Code   RO         1910    i.FLASH_ProgramHalfWord  stm32f10x_flash.o
    0x08005938   0x08005938   0x00000050   Code   RO         1912    i.FLASH_ProgramWord  stm32f10x_flash.o
    0x08005988   0x08005988   0x00000014   Code   RO         1914    i.FLASH_SetLatency  stm32f10x_flash.o
    0x0800599c   0x0800599c   0x00000018   Code   RO         1915    i.FLASH_Unlock      stm32f10x_flash.o
    0x080059b4   0x080059b4   0x00000022   Code   RO         1919    i.FLASH_WaitForLastOperation  stm32f10x_flash.o
    0x080059d6   0x080059d6   0x00000034   Code   RO          667    i.Flash_Storage_CRC16  eeprom.o
    0x08005a0a   0x08005a0a   0x00000002   PAD
    0x08005a0c   0x08005a0c   0x00000110   Code   RO          668    i.Flash_Storage_Init  eeprom.o
    0x08005b1c   0x08005b1c   0x000001c0   Code   RO          669    i.Flash_Storage_Load_Config  eeprom.o
    0x08005cdc   0x08005cdc   0x000001f4   Code   RO          671    i.Flash_Storage_Save_Config  eeprom.o
    0x08005ed0   0x08005ed0   0x0000009c   Code   RO         2190    i.GPIO_Init         stm32f10x_gpio.o
    0x08005f6c   0x08005f6c   0x0000000e   Code   RO         2194    i.GPIO_ReadInputDataBit  stm32f10x_gpio.o
    0x08005f7a   0x08005f7a   0x00000004   Code   RO         2197    i.GPIO_ResetBits    stm32f10x_gpio.o
    0x08005f7e   0x08005f7e   0x00000004   Code   RO         2198    i.GPIO_SetBits      stm32f10x_gpio.o
    0x08005f82   0x08005f82   0x00000070   Code   RO          712    i.HSE_SetSysClock   bsp_clkconfig.o
    0x08005ff2   0x08005ff2   0x00000002   Code   RO          150    i.HardFault_Handler  stm32f10x_it.o
    0x08005ff4   0x08005ff4   0x00000010   Code   RO         2502    i.IWDG_Enable       stm32f10x_iwdg.o
    0x08006004   0x08006004   0x00000004   Code   RO          733    i.IWDG_Feed         wdg.o
    0x08006008   0x08006008   0x00000026   Code   RO          734    i.IWDG_Init         wdg.o
    0x0800602e   0x0800602e   0x00000002   PAD
    0x08006030   0x08006030   0x00000010   Code   RO         2504    i.IWDG_ReloadCounter  stm32f10x_iwdg.o
    0x08006040   0x08006040   0x0000000c   Code   RO         2505    i.IWDG_SetPrescaler  stm32f10x_iwdg.o
    0x0800604c   0x0800604c   0x0000000c   Code   RO         2506    i.IWDG_SetReload    stm32f10x_iwdg.o
    0x08006058   0x08006058   0x0000000c   Code   RO         2507    i.IWDG_WriteAccessCmd  stm32f10x_iwdg.o
    0x08006064   0x08006064   0x0000005c   Code   RO          754    i.MS8607_I2C_RecvByte  ms8607.o
    0x080060c0   0x080060c0   0x00000030   Code   RO          755    i.MS8607_I2C_SendACK  ms8607.o
    0x080060f0   0x080060f0   0x00000040   Code   RO          756    i.MS8607_I2C_SendByte  ms8607.o
    0x08006130   0x08006130   0x0000005c   Code   RO          757    i.MS8607_I2C_Start  ms8607.o
    0x0800618c   0x0800618c   0x00000028   Code   RO          758    i.MS8607_I2C_Stop   ms8607.o
    0x080061b4   0x080061b4   0x00000060   Code   RO          759    i.MS8607_I2C_WaitAck  ms8607.o
    0x08006214   0x08006214   0x0000003c   Code   RO          760    i.MS8607_IIC_Config  ms8607.o
    0x08006250   0x08006250   0x000004ac   Code   RO          761    i.MS8607_ReadDate   ms8607.o
    0x080066fc   0x080066fc   0x00000002   Code   RO          151    i.MemManage_Handler  stm32f10x_it.o
    0x080066fe   0x080066fe   0x00000002   PAD
    0x08006700   0x08006700   0x0000002c   Code   RO          649    i.Modbus_CRC16      modbus_crc.o
    0x0800672c   0x0800672c   0x000000ac   Code   RO          468    i.Modbus_Event      modbus.o
    0x080067d8   0x080067d8   0x000000f8   Code   RO          469    i.Modbus_Func3      modbus.o
    0x080068d0   0x080068d0   0x000001ac   Code   RO          470    i.Modbus_Func6      modbus.o
    0x08006a7c   0x08006a7c   0x00000134   Code   RO          471    i.Modbus_Init       modbus.o
    0x08006bb0   0x08006bb0   0x0000009c   Code   RO          473    i.Modbus_Save_Config  modbus.o
    0x08006c4c   0x08006c4c   0x00000028   Code   RO          317    i.Modbus_Send_Byte  rs485.o
    0x08006c74   0x08006c74   0x00000058   Code   RO          474    i.Modbus_Send_Exception  modbus.o
    0x08006ccc   0x08006ccc   0x000000dc   Code   RO          318    i.Modbus_uart2_init  rs485.o
    0x08006da8   0x08006da8   0x0000004c   Code   RO          319    i.Modbus_uart2_reconfig  rs485.o
    0x08006df4   0x08006df4   0x00000002   Code   RO          152    i.NMI_Handler       stm32f10x_it.o
    0x08006df6   0x08006df6   0x00000002   PAD
    0x08006df8   0x08006df8   0x00000064   Code   RO         1041    i.NVIC_Init         misc.o
    0x08006e5c   0x08006e5c   0x00000014   Code   RO         1042    i.NVIC_PriorityGroupConfig  misc.o
    0x08006e70   0x08006e70   0x00000002   Code   RO          153    i.PendSV_Handler    stm32f10x_it.o
    0x08006e72   0x08006e72   0x00000002   PAD
    0x08006e74   0x08006e74   0x00000018   Code   RO         2606    i.RCC_APB1PeriphClockCmd  stm32f10x_rcc.o
    0x08006e8c   0x08006e8c   0x00000018   Code   RO         2607    i.RCC_APB1PeriphResetCmd  stm32f10x_rcc.o
    0x08006ea4   0x08006ea4   0x00000018   Code   RO         2608    i.RCC_APB2PeriphClockCmd  stm32f10x_rcc.o
    0x08006ebc   0x08006ebc   0x00000040   Code   RO         2615    i.RCC_DeInit        stm32f10x_rcc.o
    0x08006efc   0x08006efc   0x00000094   Code   RO         2616    i.RCC_GetClocksFreq  stm32f10x_rcc.o
    0x08006f90   0x08006f90   0x00000030   Code   RO         2617    i.RCC_GetFlagStatus  stm32f10x_rcc.o
    0x08006fc0   0x08006fc0   0x00000010   Code   RO         2619    i.RCC_GetSYSCLKSource  stm32f10x_rcc.o
    0x08006fd0   0x08006fd0   0x00000014   Code   RO         2620    i.RCC_HCLKConfig    stm32f10x_rcc.o
    0x08006fe4   0x08006fe4   0x00000034   Code   RO         2621    i.RCC_HSEConfig     stm32f10x_rcc.o
    0x08007018   0x08007018   0x00000014   Code   RO         2627    i.RCC_PCLK1Config   stm32f10x_rcc.o
    0x0800702c   0x0800702c   0x00000014   Code   RO         2628    i.RCC_PCLK2Config   stm32f10x_rcc.o
    0x08007040   0x08007040   0x0000000c   Code   RO         2629    i.RCC_PLLCmd        stm32f10x_rcc.o
    0x0800704c   0x0800704c   0x00000014   Code   RO         2630    i.RCC_PLLConfig     stm32f10x_rcc.o
    0x08007060   0x08007060   0x00000014   Code   RO         2633    i.RCC_SYSCLKConfig  stm32f10x_rcc.o
    0x08007074   0x08007074   0x0000002c   Code   RO         2635    i.RCC_WaitForHSEStartUp  stm32f10x_rcc.o
    0x080070a0   0x080070a0   0x0000007a   Code   RO          762    i.Read_PTPROM       ms8607.o
    0x0800711a   0x0800711a   0x00000002   Code   RO          154    i.SVC_Handler       stm32f10x_it.o
    0x0800711c   0x0800711c   0x000000a8   Code   RO          288    i.SetSysClockTo72   system_stm32f10x.o
    0x080071c4   0x080071c4   0x00000018   Code   RO         1045    i.SysTick_CLKSourceConfig  misc.o
    0x080071dc   0x080071dc   0x00000068   Code   RO          289    i.SystemCoreClockUpdate  system_stm32f10x.o
    0x08007244   0x08007244   0x00000050   Code   RO          290    i.SystemInit        system_stm32f10x.o
    0x08007294   0x08007294   0x0000005c   Code   RO          428    i.TIM3_IRQHandler   timer.o
    0x080072f0   0x080072f0   0x00000060   Code   RO          429    i.TIM3_Int_Init     timer.o
    0x08007350   0x08007350   0x00000038   Code   RO          430    i.TIM4_IRQHandler   timer.o
    0x08007388   0x08007388   0x00000060   Code   RO          431    i.TIM4_Int_Init     timer.o
    0x080073e8   0x080073e8   0x00000006   Code   RO         3232    i.TIM_ClearITPendingBit  stm32f10x_tim.o
    0x080073ee   0x080073ee   0x00000014   Code   RO         3237    i.TIM_Cmd           stm32f10x_tim.o
    0x08007402   0x08007402   0x00000018   Code   RO         3258    i.TIM_GetITStatus   stm32f10x_tim.o
    0x0800741a   0x0800741a   0x00000010   Code   RO         3262    i.TIM_ITConfig      stm32f10x_tim.o
    0x0800742a   0x0800742a   0x00000002   PAD
    0x0800742c   0x0800742c   0x0000009c   Code   RO         3308    i.TIM_TimeBaseInit  stm32f10x_tim.o
    0x080074c8   0x080074c8   0x00000064   Code   RO          982    i.USART1_IRQHandler  usart.o
    0x0800752c   0x0800752c   0x0000006c   Code   RO          320    i.USART2_IRQHandler  rs485.o
    0x08007598   0x08007598   0x00000006   Code   RO         3756    i.USART_ClearFlag   stm32f10x_usart.o
    0x0800759e   0x0800759e   0x00000014   Code   RO         3760    i.USART_Cmd         stm32f10x_usart.o
    0x080075b2   0x080075b2   0x0000000e   Code   RO         3763    i.USART_GetFlagStatus  stm32f10x_usart.o
    0x080075c0   0x080075c0   0x0000003e   Code   RO         3764    i.USART_GetITStatus  stm32f10x_usart.o
    0x080075fe   0x080075fe   0x00000030   Code   RO         3766    i.USART_ITConfig    stm32f10x_usart.o
    0x0800762e   0x0800762e   0x00000002   PAD
    0x08007630   0x08007630   0x000000ac   Code   RO         3767    i.USART_Init        stm32f10x_usart.o
    0x080076dc   0x080076dc   0x00000008   Code   RO         3774    i.USART_ReceiveData  stm32f10x_usart.o
    0x080076e4   0x080076e4   0x00000008   Code   RO         3777    i.USART_SendData    stm32f10x_usart.o
    0x080076ec   0x080076ec   0x0000003c   Code   RO          321    i.USART_Send_Data   rs485.o
    0x08007728   0x08007728   0x0000003c   Code   RO          475    i.Update1           modbus.o
    0x08007764   0x08007764   0x000000a0   Code   RO          476    i.Update2           modbus.o
    0x08007804   0x08007804   0x00000002   Code   RO          155    i.UsageFault_Handler  stm32f10x_it.o
    0x08007806   0x08007806   0x00000002   PAD
    0x08007808   0x08007808   0x00000034   Code   RO          323    i.Usart2_SendString  rs485.o
    0x0800783c   0x0800783c   0x00000034   Code   RO          763    i.Write_MS8607Cmd   ms8607.o
    0x08007870   0x08007870   0x00000020   Code   RO         4208    i.__0printf$8       mc_w.l(printf8.o)
    0x08007890   0x08007890   0x00000030   Code   RO         4209    i.__0snprintf$8     mc_w.l(printf8.o)
    0x080078c0   0x080078c0   0x0000000e   Code   RO         4321    i.__scatterload_copy  mc_w.l(handlers.o)
    0x080078ce   0x080078ce   0x00000002   Code   RO         4322    i.__scatterload_null  mc_w.l(handlers.o)
    0x080078d0   0x080078d0   0x0000000e   Code   RO         4323    i.__scatterload_zeroinit  mc_w.l(handlers.o)
    0x080078de   0x080078de   0x00000002   PAD
    0x080078e0   0x080078e0   0x00000410   Code   RO         4215    i._printf_core      mc_w.l(printf8.o)
    0x08007cf0   0x08007cf0   0x00000024   Code   RO         4216    i._printf_post_padding  mc_w.l(printf8.o)
    0x08007d14   0x08007d14   0x0000002e   Code   RO         4217    i._printf_pre_padding  mc_w.l(printf8.o)
    0x08007d42   0x08007d42   0x00000016   Code   RO         4218    i._snputc           mc_w.l(printf8.o)
    0x08007d58   0x08007d58   0x00000034   Code   RO          854    i.crc32_bytes       iap_trigger.o
    0x08007d8c   0x08007d8c   0x00000054   Code   RO          765    i.crc4_PT           ms8607.o
    0x08007de0   0x08007de0   0x00000010   Code   RO          767    i.delay1us          ms8607.o
    0x08007df0   0x08007df0   0x0000003c   Code   RO          909    i.delay_init        delay.o
    0x08007e2c   0x08007e2c   0x00000034   Code   RO          910    i.delay_ms          delay.o
    0x08007e60   0x08007e60   0x00000018   Code   RO          984    i.fputc             usart.o
    0x08007e78   0x08007e78   0x0000002c   Code   RO          855    i.iap_confirm_app_boot  iap_trigger.o
    0x08007ea4   0x08007ea4   0x0000009c   Code   RO            1    i.main              main.o
    0x08007f40   0x08007f40   0x00000050   Code   RO          856    i.read_metadata     iap_trigger.o
    0x08007f90   0x08007f90   0x00000050   Code   RO          857    i.read_metadata_at  iap_trigger.o
    0x08007fe0   0x08007fe0   0x0000002c   Code   RO          858    i.state_valid       iap_trigger.o
    0x0800800c   0x0800800c   0x00000038   Code   RO          859    i.trigger_iap_update  iap_trigger.o
    0x08008044   0x08008044   0x000000a0   Code   RO          985    i.uart_init         usart.o
    0x080080e4   0x080080e4   0x000000cc   Code   RO          860    i.write_metadata    iap_trigger.o
    0x080081b0   0x080081b0   0x00000084   Code   RO          861    i.write_update_flag  iap_trigger.o
    0x08008234   0x08008234   0x00000200   Data   RO          650    .constdata          modbus_crc.o
    0x08008434   0x08008434   0x00000020   Data   RO         4319    Region$$Table       anon$$obj.o


    Execution Region RW_IRAM1 (Exec base: 0x20000000, Load base: 0x08008454, Size: 0x00000780, Max: 0x00005000, ABSOLUTE)

    Exec Addr    Load Addr    Size         Type   Attr      Idx    E Section Name        Object

    0x20000000   0x08008454   0x00000014   Data   RW          291    .data               system_stm32f10x.o
    0x20000014   0x08008468   0x00000002   Data   RW          435    .data               timer.o
    0x20000016   0x0800846a   0x00000002   PAD
    0x20000018   0x0800846c   0x00000008   Data   RW          769    .data               ms8607.o
    0x20000020   0x08008474   0x00000004   Data   RW          912    .data               delay.o
    0x20000024   0x08008478   0x00000002   Data   RW          987    .data               usart.o
    0x20000026   0x0800847a   0x00000002   PAD
    0x20000028   0x0800847c   0x00000004   Data   RW          988    .data               usart.o
    0x2000002c   0x08008480   0x00000014   Data   RW         2636    .data               stm32f10x_rcc.o
    0x20000040        -       0x0000024c   Zero   RW          478    .bss                modbus.o
    0x2000028c        -       0x00000028   Zero   RW          768    .bss                ms8607.o
    0x200002b4        -       0x000000c8   Zero   RW          986    .bss                usart.o
    0x2000037c   0x08008494   0x00000004   PAD
    0x20000380        -       0x00000400   Zero   RW         1034    STACK               startup_stm32f10x_hd.o


==============================================================================

Image component sizes


      Code (inc. data)   RO Data    RW Data    ZI Data      Debug   Object Name

       112          0          0          0          0        954   bsp_clkconfig.o
       112         20          0          4          0       1180   delay.o
      1272        546          0          0          0       5255   eeprom.o
       692         64          0          0          0      21795   iap_trigger.o
       156         22          0          0          0       5039   main.o
       144         16          0          0          0       2053   misc.o
      1620        262          0          0        588     209586   modbus.o
        44          6        512          0          0       1229   modbus_crc.o
      1962         88          0          8         40      10103   ms8607.o
       556         46          0          0          0     207425   rs485.o
        36          8        304          0       1024        780   startup_stm32f10x_hd.o
       350         46          0          0          0       7024   stm32f10x_flash.o
       178          0          0          0          0       3688   stm32f10x_gpio.o
        16          0          0          0          0      53080   stm32f10x_it.o
        68         30          0          0          0       2430   stm32f10x_iwdg.o
       556         96          0         20          0      10979   stm32f10x_rcc.o
       222         42          0          0          0       4457   stm32f10x_tim.o
       338          6          0          0          0       6839   stm32f10x_usart.o
         0          0          0          0          0         32   sys.o
       352         42          0         20          0       2393   system_stm32f10x.o
       340         26          0          2          0       2991   timer.o
       284         26          0          6        200       3700   usart.o
        42          0          0          0          0        932   wdg.o

    ----------------------------------------------------------------------
      9468       1392        848         64       1856     563944   Object Totals
         0          0         32          0          0          0   (incl. Generated)
        16          0          0          4          4          0   (incl. Padding)

    ----------------------------------------------------------------------

      Code (inc. data)   RO Data    RW Data    ZI Data      Debug   Library Member Name

         0          0          0          0          0          0   entry.o
         0          0          0          0          0          0   entry10a.o
         0          0          0          0          0          0   entry11a.o
         8          4          0          0          0          0   entry2.o
         4          0          0          0          0          0   entry5.o
         0          0          0          0          0          0   entry7b.o
         0          0          0          0          0          0   entry8b.o
         8          4          0          0          0          0   entry9a.o
        30          0          0          0          0          0   handlers.o
        36          8          0          0          0         68   init.o
         0          0          0          0          0          0   iusefp.o
        30          0          0          0          0         68   llshl.o
        36          0          0          0          0         68   llsshr.o
        32          0          0          0          0         68   llushr.o
        26          0          0          0          0         80   memcmp.o
        36          0          0          0          0         68   memcpya.o
      1224         58          0          0          0        504   printf8.o
        14          0          0          0          0         68   strlen.o
        98          0          0          0          0         92   uldiv.o
        56          0          0          0          0         88   d2f.o
       334          0          0          0          0        148   dadd.o
       222          0          0          0          0        100   ddiv.o
       186          0          0          0          0        176   depilogue.o
        74          0          0          0          0         80   dfixl.o
        34          0          0          0          0         76   dflti.o
        40          0          0          0          0         80   dfltl.o
        26          0          0          0          0         76   dfltui.o
       228          0          0          0          0         96   dmul.o
        46          0          0          0          0         80   dscalb.o
       110          0          0          0          0        168   fepilogue.o
        40          0          0          0          0         68   ffixui.o
       100          0          0          0          0         76   fmul.o

    ----------------------------------------------------------------------
      3080         74          0          0          0       2396   Library Totals
         2          0          0          0          0          0   (incl. Padding)

    ----------------------------------------------------------------------

      Code (inc. data)   RO Data    RW Data    ZI Data      Debug   Library Name

      1582         74          0          0          0       1084   mc_w.l
      1496          0          0          0          0       1312   mf_w.l

    ----------------------------------------------------------------------
      3080         74          0          0          0       2396   Library Totals

    ----------------------------------------------------------------------

==============================================================================


      Code (inc. data)   RO Data    RW Data    ZI Data      Debug   

     12548       1466        848         64       1856     559524   Grand Totals
     12548       1466        848         64       1856     559524   ELF Image Totals
     12548       1466        848         64          0          0   ROM Totals

==============================================================================

    Total RO  Size (Code + RO Data)                13396 (  13.08kB)
    Total RW  Size (RW Data + ZI Data)              1920 (   1.88kB)
    Total ROM Size (Code + RO Data + RW Data)      13460 (  13.14kB)

==============================================================================

